Archive member included to satisfy reference by file (symbol)

/home/chris/code-projects/zpmc/zpmc_tuv_demo/arm-toolchain/bin/../lib/gcc/arm-none-eabi/14.2.1/thumb/v7e-m+fp/hard/libgcc.a(_aeabi_uldivmod.o)
                              build/obj/./drivers/NXP/system_MIMX8ML8_cm7.o (__aeabi_uldivmod)
/home/chris/code-projects/zpmc/zpmc_tuv_demo/arm-toolchain/bin/../lib/gcc/arm-none-eabi/14.2.1/thumb/v7e-m+fp/hard/libgcc.a(_udivmoddi4.o)
                              /home/chris/code-projects/zpmc/zpmc_tuv_demo/arm-toolchain/bin/../lib/gcc/arm-none-eabi/14.2.1/thumb/v7e-m+fp/hard/libgcc.a(_aeabi_uldivmod.o) (__udivmoddi4)
/home/chris/code-projects/zpmc/zpmc_tuv_demo/arm-toolchain/bin/../lib/gcc/arm-none-eabi/14.2.1/thumb/v7e-m+fp/hard/libgcc.a(_dvmd_tls.o)
                              /home/chris/code-projects/zpmc/zpmc_tuv_demo/arm-toolchain/bin/../lib/gcc/arm-none-eabi/14.2.1/thumb/v7e-m+fp/hard/libgcc.a(_aeabi_uldivmod.o) (__aeabi_ldiv0)
/home/chris/code-projects/zpmc/zpmc_tuv_demo/arm-toolchain/bin/../lib/gcc/arm-none-eabi/14.2.1/../../../../arm-none-eabi/lib/thumb/v7e-m+fp/hard/libg.a(libc_a-exit.o)
                              /home/chris/code-projects/zpmc/zpmc_tuv_demo/arm-toolchain/bin/../lib/gcc/arm-none-eabi/14.2.1/../../../../arm-none-eabi/lib/thumb/v7e-m+fp/hard/crt0.o (exit)
/home/chris/code-projects/zpmc/zpmc_tuv_demo/arm-toolchain/bin/../lib/gcc/arm-none-eabi/14.2.1/../../../../arm-none-eabi/lib/thumb/v7e-m+fp/hard/libg.a(libc_a-malloc.o)
                              build/obj/./drivers/freescale/fsl_common.o (malloc)
/home/chris/code-projects/zpmc/zpmc_tuv_demo/arm-toolchain/bin/../lib/gcc/arm-none-eabi/14.2.1/../../../../arm-none-eabi/lib/thumb/v7e-m+fp/hard/libg.a(libc_a-mallocr.o)
                              /home/chris/code-projects/zpmc/zpmc_tuv_demo/arm-toolchain/bin/../lib/gcc/arm-none-eabi/14.2.1/../../../../arm-none-eabi/lib/thumb/v7e-m+fp/hard/libg.a(libc_a-malloc.o) (_malloc_r)
/home/chris/code-projects/zpmc/zpmc_tuv_demo/arm-toolchain/bin/../lib/gcc/arm-none-eabi/14.2.1/../../../../arm-none-eabi/lib/thumb/v7e-m+fp/hard/libg.a(libc_a-mlock.o)
                              /home/chris/code-projects/zpmc/zpmc_tuv_demo/arm-toolchain/bin/../lib/gcc/arm-none-eabi/14.2.1/../../../../arm-none-eabi/lib/thumb/v7e-m+fp/hard/libg.a(libc_a-mallocr.o) (__malloc_lock)
/home/chris/code-projects/zpmc/zpmc_tuv_demo/arm-toolchain/bin/../lib/gcc/arm-none-eabi/14.2.1/../../../../arm-none-eabi/lib/thumb/v7e-m+fp/hard/libg.a(libc_a-strtoul.o)
                              build/obj/./drivers/freescale/fsl_str.o (strtoul)
/home/chris/code-projects/zpmc/zpmc_tuv_demo/arm-toolchain/bin/../lib/gcc/arm-none-eabi/14.2.1/../../../../arm-none-eabi/lib/thumb/v7e-m+fp/hard/libg.a(libc_a-ctype_.o)
                              /home/chris/code-projects/zpmc/zpmc_tuv_demo/arm-toolchain/bin/../lib/gcc/arm-none-eabi/14.2.1/../../../../arm-none-eabi/lib/thumb/v7e-m+fp/hard/libg.a(libc_a-strtoul.o) (_ctype_)
/home/chris/code-projects/zpmc/zpmc_tuv_demo/arm-toolchain/bin/../lib/gcc/arm-none-eabi/14.2.1/../../../../arm-none-eabi/lib/thumb/v7e-m+fp/hard/libg.a(libc_a-findfp.o)
                              /home/chris/code-projects/zpmc/zpmc_tuv_demo/arm-toolchain/bin/../lib/gcc/arm-none-eabi/14.2.1/../../../../arm-none-eabi/lib/thumb/v7e-m+fp/hard/libg.a(libc_a-exit.o) (__stdio_exit_handler)
/home/chris/code-projects/zpmc/zpmc_tuv_demo/arm-toolchain/bin/../lib/gcc/arm-none-eabi/14.2.1/../../../../arm-none-eabi/lib/thumb/v7e-m+fp/hard/libg.a(libc_a-fwalk.o)
                              /home/chris/code-projects/zpmc/zpmc_tuv_demo/arm-toolchain/bin/../lib/gcc/arm-none-eabi/14.2.1/../../../../arm-none-eabi/lib/thumb/v7e-m+fp/hard/libg.a(libc_a-findfp.o) (_fwalk_sglue)
/home/chris/code-projects/zpmc/zpmc_tuv_demo/arm-toolchain/bin/../lib/gcc/arm-none-eabi/14.2.1/../../../../arm-none-eabi/lib/thumb/v7e-m+fp/hard/libg.a(libc_a-printf.o)
                              build/obj/./drivers/rpmsg/virtqueue.o (printf)
/home/chris/code-projects/zpmc/zpmc_tuv_demo/arm-toolchain/bin/../lib/gcc/arm-none-eabi/14.2.1/../../../../arm-none-eabi/lib/thumb/v7e-m+fp/hard/libg.a(libc_a-stdio.o)
                              /home/chris/code-projects/zpmc/zpmc_tuv_demo/arm-toolchain/bin/../lib/gcc/arm-none-eabi/14.2.1/../../../../arm-none-eabi/lib/thumb/v7e-m+fp/hard/libg.a(libc_a-findfp.o) (__sread)
/home/chris/code-projects/zpmc/zpmc_tuv_demo/arm-toolchain/bin/../lib/gcc/arm-none-eabi/14.2.1/../../../../arm-none-eabi/lib/thumb/v7e-m+fp/hard/libg.a(libc_a-memset.o)
                              /home/chris/code-projects/zpmc/zpmc_tuv_demo/arm-toolchain/bin/../lib/gcc/arm-none-eabi/14.2.1/../../../../arm-none-eabi/lib/thumb/v7e-m+fp/hard/crt0.o (memset)
/home/chris/code-projects/zpmc/zpmc_tuv_demo/arm-toolchain/bin/../lib/gcc/arm-none-eabi/14.2.1/../../../../arm-none-eabi/lib/thumb/v7e-m+fp/hard/libg.a(libc_a-strncmp.o)
                              build/obj/./drivers/rpmsg/rpmsg_env_bm.o (strncmp)
[...]
Memory Configuration

Name             Origin             Length             Attributes
m_interrupts     0x00000000         0x00000400         xr
m_text           0x00000400         0x0001fc00         xr
m_data           0x20000000         0x00020000         rw
m_data2          0x80000000         0x01000000         rw
*default*        0x00000000         0xffffffff

Linker script and memory map

LOAD /home/chris/code-projects/zpmc/zpmc_tuv_demo/arm-toolchain/bin/../lib/gcc/arm-none-eabi/14.2.1/thumb/v7e-m+fp/hard/crti.o
LOAD /home/chris/code-projects/zpmc/zpmc_tuv_demo/arm-toolchain/bin/../lib/gcc/arm-none-eabi/14.2.1/thumb/v7e-m+fp/hard/crtbegin.o
LOAD /home/chris/code-projects/zpmc/zpmc_tuv_demo/arm-toolchain/bin/../lib/gcc/arm-none-eabi/14.2.1/../../../../arm-none-eabi/lib/thumb/v7e-m+fp/hard/crt0.o
LOAD build/obj/./main.o
LOAD build/obj/./drivers/NXP/system_MIMX8ML8_cm7.o
LOAD build/obj/./drivers/freescale/fsl_sdma.o
LOAD build/obj/./drivers/freescale/fsl_asrc.o
LOAD build/obj/./drivers/freescale/fsl_rdc.o
LOAD build/obj/./drivers/freescale/fsl_ecspi_cmsis.o
LOAD build/obj/./drivers/freescale/fsl_wdog.o
LOAD build/obj/./drivers/freescale/fsl_gpc.o
LOAD build/obj/./drivers/freescale/fsl_clock.o
LOAD build/obj/./drivers/freescale/fsl_debug_console.o
LOAD build/obj/./drivers/freescale/fsl_gpt.o
LOAD build/obj/./drivers/freescale/fsl_common.o
LOAD build/obj/./drivers/freescale/fsl_adapter_iuart.o
LOAD build/obj/./drivers/freescale/fsl_component_serial_manager.o
LOAD build/obj/./drivers/freescale/fsl_uart.o
LOAD build/obj/./drivers/freescale/fsl_cache.o
LOAD build/obj/./drivers/freescale/fsl_str.o
LOAD build/obj/./drivers/freescale/fsl_sbrk.o
LOAD build/obj/./drivers/freescale/fsl_component_serial_port_uart.o
LOAD build/obj/./drivers/freescale/fsl_i2c.o
LOAD build/obj/./drivers/freescale/fsl_assert.o
LOAD build/obj/./drivers/freescale/fsl_i2c_cmsis.o
LOAD build/obj/./drivers/freescale/fsl_mu.o
LOAD build/obj/./drivers/freescale/fsl_tmu.o
LOAD build/obj/./drivers/freescale/fsl_common_arm.o
LOAD build/obj/./drivers/freescale/fsl_ecspi.o
LOAD build/obj/./drivers/freescale/fsl_pdm_sdma.o
LOAD build/obj/./drivers/freescale/fsl_gpio.o
LOAD build/obj/./drivers/freescale/fsl_uart_cmsis.o
LOAD build/obj/./drivers/freescale/fsl_pdm.o
LOAD build/obj/./drivers/freescale/fsl_uart_sdma.o
LOAD build/obj/./drivers/freescale/fsl_asrc_sdma.o
LOAD build/obj/./drivers/rpmsg/virtqueue.o
LOAD build/obj/./drivers/rpmsg/llist.o
LOAD build/obj/./drivers/rpmsg/rpmsg_lite.o
LOAD build/obj/./drivers/rpmsg/rpmsg_queue.o
LOAD build/obj/./drivers/rpmsg/rpmsg_ns.o
LOAD build/obj/./drivers/rpmsg/rpmsg_env_bm.o
LOAD build/obj/./drivers/rpmsg/rpmsg_platform.o
LOAD build/obj/./drivers/NXP/startup_MIMX8ML8_cm7.o
LOAD build/obj/./drivers/freescale/fsl_memcpy.o
START GROUP
LOAD /home/chris/code-projects/zpmc/zpmc_tuv_demo/arm-toolchain/bin/../lib/gcc/arm-none-eabi/14.2.1/thumb/v7e-m+fp/hard/libgcc.a
LOAD /home/chris/code-projects/zpmc/zpmc_tuv_demo/arm-toolchain/bin/../lib/gcc/arm-none-eabi/14.2.1/../../../../arm-none-eabi/lib/thumb/v7e-m+fp/hard/libg.a
LOAD /home/chris/code-projects/zpmc/zpmc_tuv_demo/arm-toolchain/bin/../lib/gcc/arm-none-eabi/14.2.1/../../../../arm-none-eabi/lib/thumb/v7e-m+fp/hard/libc.a
END GROUP
START GROUP
LOAD /home/chris/code-projects/zpmc/zpmc_tuv_demo/arm-toolchain/bin/../lib/gcc/arm-none-eabi/14.2.1/thumb/v7e-m+fp/hard/libgcc.a
LOAD /home/chris/code-projects/zpmc/zpmc_tuv_demo/arm-toolchain/bin/../lib/gcc/arm-none-eabi/14.2.1/../../../../arm-none-eabi/lib/thumb/v7e-m+fp/hard/libc.a
LOAD /home/chris/code-projects/zpmc/zpmc_tuv_demo/arm-toolchain/bin/../lib/gcc/arm-none-eabi/14.2.1/../../../../arm-none-eabi/lib/thumb/v7e-m+fp/hard/libnosys.a
END GROUP
LOAD /home/chris/code-projects/zpmc/zpmc_tuv_demo/arm-toolchain/bin/../lib/gcc/arm-none-eabi/14.2.1/thumb/v7e-m+fp/hard/crtend.o
LOAD /home/chris/code-projects/zpmc/zpmc_tuv_demo/arm-toolchain/bin/../lib/gcc/arm-none-eabi/14.2.1/thumb/v7e-m+fp/hard/crtn.o
                0x00000400                        HEAP_SIZE = DEFINED (__heap_size__)?__heap_size__:0x400
                0x00000400                        STACK_SIZE = DEFINED (__stack_size__)?__stack_size__:0x400

.interrupts     0x00000000      0x2a8
                0x00000000                        __VECTOR_TABLE = .
                0x00000000                        __Vectors = .
                0x00000000                        . = ALIGN (0x4)
 *(.isr_vector)
 .isr_vector    0x00000000      0x2a8 build/obj/./drivers/NXP/startup_MIMX8ML8_cm7.o
                0x00000000                __isr_vector
                0x000002a8                        . = ALIGN (0x4)

.resource_table
                0x00000400        0x0
                0x00000400                        . = ALIGN (0x8)
 *(.resource_table)
                0x00000400                        . = ALIGN (0x8)

.text           0x00000400    0x161d8
                0x00000400                        . = ALIGN (0x4)
 *(.text)
 .text          0x00000400       0x7c /home/chris/code-projects/zpmc/zpmc_tuv_demo/arm-toolchain/bin/../lib/gcc/arm-none-eabi/14.2.1/../../../../arm-none-eabi/lib/thumb/v7e-m+fp/hard/crt0.o
                0x00000400                _stack_init
                0x00000408                _mainCRTStartup
                0x00000408                _start
 .text          0x0000047c      0xd30 build/obj/./main.o
                0x00000624                enter_fatal_state
                0x0000063c                enter_fault_state
                0x0000066c                reset_fault_state
                0x0000068c                main
                0x000008a8                gpt1_init
                0x000008f0                gpt1_timeout_reached
                0x0000091c                gpio_read
                0x0000095c                gpio_write
                0x000009c0                gpio_init
                0x00000a2a                gpio_init_all
                0x00000a68                spi2_slave_init
                0x00000ab8                spi2_slave_start_transfer
                0x00000b18                spi2_slave_finish_transfer
                0x00000b78                spi2_slave_transfer_blocking
                0x00000bca                spi2_clear_buffers
                0x00000bf8                init_memory
                0x00000f00                init_rdc
                0x00000fd0                init_pinmux
                0x000010dc                run_clocks
 .text          0x000011ac      0x37c build/obj/./drivers/NXP/system_MIMX8ML8_cm7.o
                0x000011ac                GetFracPllFreq
                0x000012f4                GetIntegerPllFreq
                0x000013f0                SystemInit
                0x00001410                SystemCoreClockUpdate
                0x00001518                SystemInitHook
 .text          0x00001528     0x1a70 build/obj/./drivers/freescale/fsl_sdma.o
                0x00001aec                SDMA_LoadScript
                0x00001b8c                SDMA_DumpScript
                0x00001c2c                SDMA_IsPeripheralInSPBA
                0x00001cdc                SDMA_Init
                0x00001e34                SDMA_Deinit
                0x00001e64                SDMA_GetDefaultConfig
                0x00001ea8                SDMA_ResetModule
                0x00001f40                SDMA_ConfigBufferDescriptor
                0x00002010                SDMA_SetContextSwitchMode
                0x00002040                SDMA_GetRequestSourceStatus
                0x000020a0                SDMA_CreateHandle
                0x000021b8                SDMA_InstallBDMemory
                0x00002264                SDMA_SetCallback
                0x000022a4                SDMA_SetMultiFifoConfig
                0x0000231c                SDMA_EnableSwDone
                0x00002384                SDMA_SetDoneConfig
                0x000024a0                SDMA_PrepareTransfer
                0x00002694                SDMA_PrepareP2PTransfer
                0x000028e4                SDMA_SubmitTransfer
                0x00002b6c                SDMA_StartTransfer
                0x00002c24                SDMA_StopTransfer
                0x00002c68                SDMA_AbortTransfer
                0x00002d24                SDMA_GetTransferredBytes
                0x00002d80                SDMA_HandleIRQ
                0x00002e34                SDMA1_DriverIRQHandler
                0x00002ea8                SDMA2_DriverIRQHandler
                0x00002f20                SDMA3_DriverIRQHandler
 .text          0x00002f98      0x3c0 build/obj/./drivers/freescale/fsl_rdc.o
                0x00002f98                RDC_GetInstance
                0x00002fec                RDC_Init
                0x00003010                RDC_Deinit
                0x00003034                RDC_GetHardwareConfig
                0x00003070                RDC_SetMasterDomainAssignment
                0x000030b8                RDC_GetDefaultMasterDomainAssignment
                0x000030f0                RDC_SetPeriphAccessConfig
                0x00003164                RDC_GetDefaultPeriphAccessConfig
                0x000031b0                RDC_SetMemAccessConfig
                0x00003264                RDC_GetDefaultMemAccessConfig
                0x000032c8                RDC_GetMemViolationStatus
 .text          0x00003358     0x1588 build/obj/./drivers/freescale/fsl_clock.o
                0x000034ea                CLOCK_GetFreq
                0x00003790                CLOCK_GetClockRootFreq
                0x0000384c                CLOCK_GetCoreM7Freq
                0x0000392c                CLOCK_GetAxiFreq
                0x00003a08                CLOCK_GetAhbFreq
                0x00003ae8                CLOCK_GetEnetAxiFreq
                0x00003bd0                CLOCK_GetPllRefClkFreq
                0x00003c48                CLOCK_GetPllFreq
                0x00003dd4                CLOCK_InitArmPll
                0x00003e48                CLOCK_DeinitArmPll
                0x00003e60                CLOCK_InitAudioPll1
                0x00003ec8                CLOCK_DeinitAudioPll1
                0x00003edc                CLOCK_InitAudioPll2
                0x00003f50                CLOCK_DeinitAudioPll2
                0x00003f68                CLOCK_InitVideoPll1
                0x00003fdc                CLOCK_DeinitVideoPll1
                0x00003ff4                CLOCK_InitSysPll1
                0x00004068                CLOCK_DeinitSysPll1
                0x00004080                CLOCK_InitSysPll2
                0x000040f4                CLOCK_DeinitSysPll2
                0x0000410c                CLOCK_InitSysPll3
                0x00004180                CLOCK_DeinitSysPll3
                0x00004198                CLOCK_InitFracPll
                0x000042f8                CLOCK_GetFracPllFreq
                0x0000443c                CLOCK_InitIntegerPll
                0x00004588                CLOCK_GetIntegerPllFreq
                0x00004694                CLOCK_SetRootDivider
                0x00004714                CLOCK_UpdateRoot
                0x000047a0                CLOCK_EnableClock
                0x00004840                CLOCK_DisableClock
 .text          0x000048e0      0x5fc build/obj/./drivers/freescale/fsl_debug_console.o
                0x000048e0                DbgConsole_ReadOneCharacter
                0x00004924                DbgConsole_SendData
                0x00004964                DbgConsole_SendDataReliable
                0x000049b8                DbgConsole_ReadLine
                0x00004a60                DbgConsole_ReadCharacter
                0x00004b0a                DbgConsole_Init
                0x00004c34                DbgConsole_EnterLowpower
                0x00004c64                DbgConsole_ExitLowpower
                0x00004c94                DbgConsole_Deinit
                0x00004cf8                DbgConsole_Flush
                0x00004d08                DbgConsole_Printf
                0x00004d34                DbgConsole_Vprintf
                0x00004d9c                DbgConsole_Putchar
                0x00004db8                DbgConsole_Scanf
                0x00004dfe                DbgConsole_BlockingPrintf
                0x00004e2a                DbgConsole_BlockingVprintf
                0x00004eb0                DbgConsole_Getchar
 .text          0x00004edc      0x304 build/obj/./drivers/freescale/fsl_adapter_iuart.o
                0x00004efe                HAL_UartInit
                0x0000501c                HAL_UartDeinit
                0x00005068                HAL_UartReceiveBlocking
                0x000050f4                HAL_UartSendBlocking
                0x00005178                HAL_UartEnterLowpower
                0x000051ac                HAL_UartExitLowpower
 .text          0x000051e0      0x41c build/obj/./drivers/freescale/fsl_component_serial_manager.o
                0x0000531a                SerialManager_Init
                0x0000537a                SerialManager_Deinit
                0x000053d4                SerialManager_OpenWriteHandle
                0x00005424                SerialManager_CloseWriteHandle
                0x00005474                SerialManager_OpenReadHandle
                0x000054d4                SerialManager_CloseReadHandle
                0x00005524                SerialManager_WriteBlocking
                0x00005544                SerialManager_ReadBlocking
                0x00005564                SerialManager_EnterLowpower
                0x000055a0                SerialManager_ExitLowpower
                0x000055dc                SerialManager_SetLowpowerCriticalCb
 .text          0x000055fc     0x1c98 build/obj/./drivers/freescale/fsl_uart.o
                0x0000585c                UART_GetInstance
                0x000058bc                UART_TransferGetRxRingBufferLength
                0x00005974                UART_Init
                0x00005b14                UART_Deinit
                0x00005b54                UART_GetDefaultConfig
                0x00005bd8                UART_SetBaudRate
                0x00005f88                UART_EnableInterrupts
                0x0000614c                UART_DisableInterrupts
                0x00006318                UART_GetEnabledInterrupts
                0x000064f8                UART_GetStatusFlag
                0x00006534                UART_ClearStatusFlag
                0x00006570                UART_WriteBlocking
                0x000065e0                UART_ReadBlocking
                0x0000676c                UART_TransferCreateHandle
                0x00006800                UART_TransferStartRingBuffer
                0x00006874                UART_TransferStopRingBuffer
                0x000068d8                UART_TransferSendNonBlocking
                0x0000699c                UART_TransferAbortSend
                0x000069e4                UART_TransferGetSendCount
                0x00006a50                UART_TransferReceiveNonBlocking
                0x00006c14                UART_TransferAbortReceive
                0x00006c68                UART_TransferGetReceiveCount
                0x00006ce0                UART_TransferHandleIRQ
                0x000071f4                UART1_DriverIRQHandler
                0x0000721c                UART2_DriverIRQHandler
                0x00007244                UART3_DriverIRQHandler
                0x0000726c                UART4_DriverIRQHandler
 .text          0x00007294      0xc24 build/obj/./drivers/freescale/fsl_str.o
                0x00007698                StrFormatPrintf
                0x00007bd2                StrFormatScanf
 .text          0x00007eb8       0x68 build/obj/./drivers/freescale/fsl_sbrk.o
                0x00007eb8                _sbrk
 .text          0x00007f20      0x132 build/obj/./drivers/freescale/fsl_component_serial_port_uart.o
                0x00007f20                Serial_UartInit
                0x00007f5e                Serial_UartDeinit
                0x00007f82                Serial_UartWrite
                0x00007fba                Serial_UartRead
                0x00007ff2                Serial_UartEnterLowpower
                0x00008020                Serial_UartExitLowpower
 *fill*         0x00008052        0x2 
 .text          0x00008054     0x1790 build/obj/./drivers/freescale/fsl_i2c.o
                0x0000860c                I2C_MasterInit
                0x000086ac                I2C_MasterDeinit
                0x000086dc                I2C_MasterGetDefaultConfig
                0x00008728                I2C_EnableInterrupts
                0x00008758                I2C_DisableInterrupts
                0x00008788                I2C_MasterSetBaudRate
                0x00008814                I2C_MasterStart
                0x00008878                I2C_MasterRepeatedStart
                0x000088ea                I2C_MasterStop
                0x00008920                I2C_MasterWriteBlocking
                0x00008a28                I2C_MasterReadBlocking
                0x00008b26                I2C_MasterTransferBlocking
                0x00008d84                I2C_MasterTransferCreateHandle
                0x00008e08                I2C_MasterTransferNonBlocking
                0x00008e84                I2C_MasterTransferAbort
                0x00008f60                I2C_MasterTransferGetCount
                0x00008fb0                I2C_MasterTransferHandleIRQ
                0x0000907c                I2C_SlaveInit
                0x000090fc                I2C_SlaveDeinit
                0x0000912c                I2C_SlaveGetDefaultConfig
                0x0000916c                I2C_SlaveWriteBlocking
                0x000091da                I2C_SlaveReadBlocking
                0x0000927c                I2C_SlaveTransferCreateHandle
                0x00009300                I2C_SlaveTransferNonBlocking
                0x0000937c                I2C_SlaveTransferAbort
                0x000093d4                I2C_SlaveTransferGetCount
                0x00009430                I2C_SlaveTransferHandleIRQ
                0x0000973a                I2C1_DriverIRQHandler
                0x00009758                I2C2_DriverIRQHandler
                0x00009774                I2C3_DriverIRQHandler
                0x00009790                I2C4_DriverIRQHandler
                0x000097ac                I2C5_DriverIRQHandler
                0x000097c8                I2C6_DriverIRQHandler
 .text          0x000097e4       0x28 build/obj/./drivers/freescale/fsl_assert.o
                0x000097e4                __assert_func
 .text          0x0000980c      0x1e0 build/obj/./drivers/freescale/fsl_mu.o
                0x00009898                MU_Init
                0x000098b8                MU_Deinit
                0x000098d8                MU_SendMsg
                0x0000992c                MU_ReceiveMsg
                0x0000997c                MU_SetFlags
                0x000099a4                MU_TriggerInterrupts
 .text          0x000099ec      0x140 build/obj/./drivers/freescale/fsl_common_arm.o
                0x000099ec                MSDK_EnableCpuCycleCounter
                0x00009a54                MSDK_GetCpuCycleCount
                0x00009a8c                SDK_DelayAtLeastUs
 .text          0x00009b2c     0x104c build/obj/./drivers/freescale/fsl_ecspi.o
                0x00009d38                ECSPI_GetInstance
                0x00009f96                ECSPI_MasterGetDefaultConfig
                0x00009ffc                ECSPI_MasterInit
                0x0000a0d8                ECSPI_SlaveGetDefaultConfig
                0x0000a11a                ECSPI_SlaveInit
                0x0000a1b0                ECSPI_Deinit
                0x0000a1e4                ECSPI_SetBaudRate
                0x0000a2e0                ECSPI_SetChannelConfig
                0x0000a49c                ECSPI_WriteBlocking
                0x0000a590                ECSPI_MasterTransferCreateHandle
                0x0000a620                ECSPI_MasterTransferBlocking
                0x0000a720                ECSPI_MasterTransferNonBlocking
                0x0000a7f0                ECSPI_MasterTransferGetCount
                0x0000a860                ECSPI_MasterTransferAbort
                0x0000a8c0                ECSPI_MasterTransferHandleIRQ
                0x0000a970                ECSPI_SlaveTransferCreateHandle
                0x0000a9c0                ECSPI_SlaveTransferHandleIRQ
                0x0000aab8                ECSPI1_DriverIRQHandler
                0x0000aaf8                ECSPI2_DriverIRQHandler
                0x0000ab38                ECSPI3_DriverIRQHandler
 .text          0x0000ab78     0x110c build/obj/./drivers/freescale/fsl_pdm.o
                0x0000ae28                PDM_GetInstance
                0x0000ae7c                PDM_ReadFifo
                0x0000b004                PDM_SetSampleRateConfig
                0x0000b098                PDM_SetSampleRate
                0x0000b168                PDM_Init
                0x0000b238                PDM_Deinit
                0x0000b264                PDM_EnableInterrupts
                0x0000b2aa                PDM_SetChannelConfig
                0x0000b34c                PDM_SetChannelGain
                0x0000b3b0                PDM_TransferSetChannelConfig
                0x0000b42c                PDM_TransferCreateHandle
                0x0000b4b8                PDM_TransferReceiveNonBlocking
                0x0000b588                PDM_TransferAbortReceive
                0x0000b5f4                PDM_TransferHandleIRQ
                0x0000b7d4                PDM_SetHwvadInEnvelopeBasedMode
                0x0000b890                PDM_SetHwvadInEnergyBasedMode
                0x0000b918                PDM_SetHwvadConfig
                0x0000b9d0                PDM_SetHwvadSignalFilterConfig
                0x0000ba20                PDM_SetHwvadNoiseFilterConfig
                0x0000ba98                PDM_SetHwvadZeroCrossDetectorConfig
                0x0000bb20                PDM_EnableHwvadInterruptCallback
                0x0000bbb8                PDM_HWVAD_EVENT_DriverIRQHandler
                0x0000bc00                PDM_HWVAD_ERROR_DriverIRQHandler
                0x0000bc38                PDM_EVENT_DriverIRQHandler
 .text          0x0000bc84      0x854 build/obj/./drivers/rpmsg/virtqueue.o
                0x0000bd58                virtqueue_create
                0x0000be1c                virtqueue_add_buffer
                0x0000be46                virtqueue_fill_avail_buffers
                0x0000beb4                virtqueue_get_buffer
                0x0000bf50                virtqueue_get_buffer_length
                0x0000bf74                virtqueue_free
                0x0000bfa4                virtqueue_get_available_buffer
                0x0000c030                virtqueue_add_consumed_buffer
                0x0000c068                virtqueue_fill_used_buffers
                0x0000c0b0                virtqueue_enable_cb
                0x0000c0ca                virtqueue_disable_cb
                0x0000c122                virtqueue_kick
                0x0000c150                virtqueue_dump
                0x0000c1d8                virtqueue_get_desc_size
                0x0000c284                vq_ring_init
                0x0000c3f8                virtqueue_notification
 .text          0x0000c4d8      0x578 build/obj/./drivers/rpmsg/rpmsg_env_bm.o
                0x0000c4e0                env_wait_for_link_up
                0x0000c504                env_tx_callback
                0x0000c518                env_init
                0x0000c568                env_deinit
                0x0000c5ac                env_allocate_memory
                0x0000c5f4                env_free_memory
                0x0000c608                env_memset
                0x0000c626                env_memcpy
                0x0000c644                env_strcmp
                0x0000c660                env_strncpy
                0x0000c67e                env_strncmp
                0x0000c69e                env_mb
                0x0000c6b0                env_rmb
                0x0000c6c2                env_wmb
                0x0000c6d4                env_map_vatopa
                0x0000c6ec                env_map_patova
                0x0000c704                env_create_mutex
                0x0000c722                env_delete_mutex
                0x0000c736                env_lock_mutex
                0x0000c74a                env_unlock_mutex
                0x0000c75e                env_sleep_msec
                0x0000c774                env_register_isr
                0x0000c7a4                env_unregister_isr
                0x0000c7d4                env_enable_interrupt
                0x0000c7ea                env_disable_interrupt
                0x0000c800                env_map_memory
                0x0000c822                env_disable_cache
                0x0000c832                env_isr
                0x0000c86c                env_create_queue
                0x0000c8d8                env_delete_queue
                0x0000c8fc                env_put_queue
                0x0000c996                env_get_queue
                0x0000ca2c                env_get_current_queue_size
 .text          0x0000ca50      0x4a8 build/obj/./drivers/rpmsg/rpmsg_platform.o
                0x0000cc0a                platform_init_interrupt
                0x0000cc70                platform_deinit_interrupt
                0x0000ccd0                platform_notify
                0x0000cd0c                MU1_M7_IRQHandler
                0x0000cd4c                platform_time_delay
                0x0000cd90                platform_in_isr
                0x0000cdb4                platform_interrupt_enable
                0x0000cdf8                platform_interrupt_disable
                0x0000ce3c                platform_map_mem_region
                0x0000ce56                platform_cache_all_flush_invalidate
                0x0000ce64                platform_cache_disable
                0x0000ce72                platform_vatopa
                0x0000ce88                platform_patova
                0x0000ce9e                platform_init
                0x0000ced8                platform_deinit
 .text          0x0000cef8      0x588 build/obj/./drivers/NXP/startup_MIMX8ML8_cm7.o
                0x0000cef8                Reset_Handler
                0x0000cf84                VPU_G2_DriverIRQHandler
                0x0000cf84                PWM2_DriverIRQHandler
                0x0000cf84                CAAM_ERROR_DriverIRQHandler
                0x0000cf84                DebugMon_Handler
                0x0000cf84                EDMA1_0_15_DriverIRQHandler
                0x0000cf84                CPU_Error_AXI_DriverIRQHandler
                0x0000cf84                BCH_DriverIRQHandler
                0x0000cf84                VPU_G1_DriverIRQHandler
                0x0000cf84                SNVS_Consolidated_DriverIRQHandler
                0x0000cf84                MIPI_CSI1_DriverIRQHandler
                0x0000cf84                MECC_ERR_DriverIRQHandler
                0x0000cf84                PWM4_DriverIRQHandler
                0x0000cf84                LCDIF1_DriverIRQHandler
                0x0000cf84                RDC_DriverIRQHandler
                0x0000cf84                GPIO3_Combined_0_15_DriverIRQHandler
                0x0000cf84                USB2_WAKEUP_DriverIRQHandler
                0x0000cf84                DDR_ERR_DriverIRQHandler
                0x0000cf84                I2S2_DriverIRQHandler
                0x0000cf84                HS_CP0_DriverIRQHandler
                0x0000cf84                GPMI_DriverIRQHandler
                0x0000cf84                MU3_AUDIO_DriverIRQHandler
                0x0000cf84                ISI_DriverIRQHandler
                0x0000cf84                ENET_QOS_PMT_DriverIRQHandler
                0x0000cf84                MIPI_CSI2_DriverIRQHandler
                0x0000cf84                GPIO2_Combined_16_31_DriverIRQHandler
                0x0000cf84                PERFMON1_DriverIRQHandler
                0x0000cf84                UsageFault_Handler
                0x0000cf84                SCTR_IRQ0_DriverIRQHandler
                0x0000cf84                CAAM_IRQ0_DriverIRQHandler
                0x0000cf84                DDR_PerformanceMonitor_DriverIRQHandler
                0x0000cf84                DefaultISR
                0x0000cf84                CPU_PerformanceUnit_DriverIRQHandler
                0x0000cf84                CAN_FD1_DriverIRQHandler
                0x0000cf84                CPU_Error_L2RAM_DriverIRQHandler
                0x0000cf84                I2S3_DriverIRQHandler
                0x0000cf84                SRC_DriverIRQHandler
                0x0000cf84                GPIO1_INT4_DriverIRQHandler
                0x0000cf84                HS_CP1_DriverIRQHandler
                0x0000cf84                USDHC1_DriverIRQHandler
                0x0000cf84                WDOG1_DriverIRQHandler
                0x0000cf84                GPIO1_Combined_16_31_DriverIRQHandler
                0x0000cf84                GPIO1_INT7_DriverIRQHandler
                0x0000cf84                MIPI_DSI_DriverIRQHandler
                0x0000cf84                TZASC_DriverIRQHandler
                0x0000cf84                GPIO5_Combined_0_15_DriverIRQHandler
                0x0000cf84                GPIO1_INT0_DriverIRQHandler
                0x0000cf84                GPIO1_INT2_DriverIRQHandler
                0x0000cf84                GPU2D_DriverIRQHandler
                0x0000cf84                RTIC_DriverIRQHandler
                0x0000cf84                CAN_FD1_ERROR_DriverIRQHandler
                0x0000cf84                EDMA1_ERR_DriverIRQHandler
                0x0000cf84                GPT2_DriverIRQHandler
                0x0000cf84                SCTR_IRQ1_DriverIRQHandler
                0x0000cf84                VPU_DriverIRQHandler
                0x0000cf84                I2S1_DriverIRQHandler
                0x0000cf84                SNVS_Security_DriverIRQHandler
                0x0000cf84                I2S7_DriverIRQHandler
                0x0000cf84                AUD2HTX_DriverIRQHandler
                0x0000cf84                PCIE_EDMA_DriverIRQHandler
                0x0000cf84                PDM_ERROR_DriverIRQHandler
                0x0000cf84                I2S56_DriverIRQHandler
                0x0000cf84                ML_DriverIRQHandler
                0x0000cf84                SJC_DriverIRQHandler
                0x0000cf84                CAAM_IRQ1_DriverIRQHandler
                0x0000cf84                PCIE_CTRL1_2_DriverIRQHandler
                0x0000cf84                PERFMON2_DriverIRQHandler
                0x0000cf84                GPT6_DriverIRQHandler
                0x0000cf84                EDMA1_16_31_DriverIRQHandler
                0x0000cf84                GPT5_DriverIRQHandler
                0x0000cf84                DDR_DriverIRQHandler
                0x0000cf84                GPT1_DriverIRQHandler
                0x0000cf84                CAAM_IRQ2_DriverIRQHandler
                0x0000cf84                SNVS_DriverIRQHandler
                0x0000cf84                CSU_DriverIRQHandler
                0x0000cf84                USDHC3_DriverIRQHandler
                0x0000cf84                GPIO1_INT5_DriverIRQHandler
                0x0000cf84                QOS_DriverIRQHandler
                0x0000cf84                HDMI_TX_DriverIRQHandler
                0x0000cf84                FlexSPI_DriverIRQHandler
                0x0000cf84                DEWARP_DriverIRQHandler
                0x0000cf84                GPIO1_Combined_0_15_DriverIRQHandler
                0x0000cf84                USDHC2_DriverIRQHandler
                0x0000cf84                WDOG3_DriverIRQHandler
                0x0000cf84                MemManage_Handler
                0x0000cf84                USB1_WAKEUP_DriverIRQHandler
                0x0000cf84                USB1_DriverIRQHandler
                0x0000cf84                GPIO3_Combined_16_31_DriverIRQHandler
                0x0000cf84                AUDIO_XCVR1_DriverIRQHandler
                0x0000cf84                PWM1_DriverIRQHandler
                0x0000cf84                MU3_M7_DriverIRQHandler
                0x0000cf84                PCIE_CTRL1_3_DriverIRQHandler
                0x0000cf84                GPT4_DriverIRQHandler
                0x0000cf84                MU2_A53_DriverIRQHandler
                0x0000cf84                AUDIO_XCVR_DriverIRQHandler
                0x0000cf84                CM7_CTI_DriverIRQHandler
                0x0000cf84                DAP_DriverIRQHandler
                0x0000cf84                Reserved16_DriverIRQHandler
                0x0000cf84                ENET_QOS_DriverIRQHandler
                0x0000cf84                ENET1_DriverIRQHandler
                0x0000cf84                ISP2_DriverIRQHandler
                0x0000cf84                GPIO1_INT3_DriverIRQHandler
                0x0000cf84                MECC_DriverIRQHandler
                0x0000cf84                MECC_S_DriverIRQHandler
                0x0000cf84                PCIE_CTRL1_1_DriverIRQHandler
                0x0000cf84                APBHDMA_DriverIRQHandler
                0x0000cf84                ENET1_MAC0_Rx_Tx_Done1_DriverIRQHandler
                0x0000cf84                GPC_DriverIRQHandler
                0x0000cf84                GPIO2_Combined_0_15_DriverIRQHandler
                0x0000cf84                GPT3_DriverIRQHandler
                0x0000cf84                CAN_FD2_DriverIRQHandler
                0x0000cf84                CCM_IRQ2_DriverIRQHandler
                0x0000cf84                PCIE_CTRL1_0_DriverIRQHandler
                0x0000cf84                LCDIF2_DriverIRQHandler
                0x0000cf84                WDOG2_DriverIRQHandler
                0x0000cf84                ANAMIX_DriverIRQHandler
                0x0000cf84                MECC_S_ERR_DriverIRQHandler
                0x0000cf84                USB2_DriverIRQHandler
                0x0000cf84                GPIO4_Combined_0_15_DriverIRQHandler
                0x0000cf84                GPIO4_Combined_16_31_DriverIRQHandler
                0x0000cf84                ISP1_DriverIRQHandler
                0x0000cf84                GPIO5_Combined_16_31_DriverIRQHandler
                0x0000cf84                PCIE_CTRL1_ERR_DriverIRQHandler
                0x0000cf84                ASRC_DriverIRQHandler
                0x0000cf84                CAN_FD2_ERROR_DriverIRQHandler
                0x0000cf84                BusFault_Handler
                0x0000cf84                ENET1_1588_Timer_DriverIRQHandler
                0x0000cf84                GPU3D_DriverIRQHandler
                0x0000cf84                PCIE_CTRL1_DriverIRQHandler
                0x0000cf84                CCM_IRQ1_DriverIRQHandler
                0x0000cf84                ENET1_MAC0_Rx_Tx_Done2_DriverIRQHandler
                0x0000cf84                CPU_CTI_Trigger_DriverIRQHandler
                0x0000cf84                MU1_M7_DriverIRQHandler
                0x0000cf84                MU2_AUDIO_DriverIRQHandler
                0x0000cf84                PWM3_DriverIRQHandler
                0x0000cf84                AUDIO_XCVR0_DriverIRQHandler
                0x0000cf84                GPIO1_INT6_DriverIRQHandler
                0x0000cf84                GPIO1_INT1_DriverIRQHandler
                0x0000cf84                ISI_CH1_DriverIRQHandler
                0x0000cf84                SRC_Combined_DriverIRQHandler
                0x0000cf84                MU1_A53_DriverIRQHandler
                0x0000cf88                NMI_Handler
                0x0000cf8c                HardFault_Handler
                0x0000cf90                SVC_Handler
                0x0000cf94                PendSV_Handler
                0x0000cf98                SysTick_Handler
                0x0000cf9c                Reserved16_IRQHandler
                0x0000cfa0                DAP_IRQHandler
                0x0000cfa4                SDMA1_IRQHandler
                0x0000cfa8                GPU3D_IRQHandler
                0x0000cfac                SNVS_IRQHandler
                0x0000cfb0                LCDIF1_IRQHandler
                0x0000cfb4                LCDIF2_IRQHandler
                0x0000cfb8                VPU_G1_IRQHandler
                0x0000cfbc                VPU_G2_IRQHandler
                0x0000cfc0                QOS_IRQHandler
                0x0000cfc4                WDOG3_IRQHandler
                0x0000cfc8                HS_CP1_IRQHandler
                0x0000cfcc                APBHDMA_IRQHandler
                0x0000cfd0                ML_IRQHandler
                0x0000cfd4                BCH_IRQHandler
                0x0000cfd8                GPMI_IRQHandler
                0x0000cfdc                ISI_IRQHandler
                0x0000cfe0                MIPI_CSI1_IRQHandler
                0x0000cfe4                MIPI_DSI_IRQHandler
                0x0000cfe8                SNVS_Consolidated_IRQHandler
                0x0000cfec                SNVS_Security_IRQHandler
                0x0000cff0                CSU_IRQHandler
                0x0000cff4                USDHC1_IRQHandler
                0x0000cff8                USDHC2_IRQHandler
                0x0000cffc                USDHC3_IRQHandler
                0x0000d000                GPU2D_IRQHandler
                0x0000d004                UART1_IRQHandler
                0x0000d008                UART2_IRQHandler
                0x0000d00c                UART3_IRQHandler
                0x0000d010                UART4_IRQHandler
                0x0000d014                VPU_IRQHandler
                0x0000d018                ECSPI1_IRQHandler
                0x0000d01c                ECSPI2_IRQHandler
                0x0000d020                ECSPI3_IRQHandler
                0x0000d024                SDMA3_IRQHandler
                0x0000d028                I2C1_IRQHandler
                0x0000d02c                I2C2_IRQHandler
                0x0000d030                I2C3_IRQHandler
                0x0000d034                I2C4_IRQHandler
                0x0000d038                RDC_IRQHandler
                0x0000d03c                USB1_IRQHandler
                0x0000d040                USB2_IRQHandler
                0x0000d044                ISI_CH1_IRQHandler
                0x0000d048                HDMI_TX_IRQHandler
                0x0000d04c                PDM_HWVAD_EVENT_IRQHandler
                0x0000d050                PDM_HWVAD_ERROR_IRQHandler
                0x0000d054                GPT6_IRQHandler
                0x0000d058                SCTR_IRQ0_IRQHandler
                0x0000d05c                SCTR_IRQ1_IRQHandler
                0x0000d060                ANAMIX_IRQHandler
                0x0000d064                I2S3_IRQHandler
                0x0000d068                GPT5_IRQHandler
                0x0000d06c                GPT4_IRQHandler
                0x0000d070                GPT3_IRQHandler
                0x0000d074                GPT2_IRQHandler
                0x0000d078                GPT1_IRQHandler
                0x0000d07c                GPIO1_INT7_IRQHandler
                0x0000d080                GPIO1_INT6_IRQHandler
                0x0000d084                GPIO1_INT5_IRQHandler
                0x0000d088                GPIO1_INT4_IRQHandler
                0x0000d08c                GPIO1_INT3_IRQHandler
                0x0000d090                GPIO1_INT2_IRQHandler
                0x0000d094                GPIO1_INT1_IRQHandler
                0x0000d098                GPIO1_INT0_IRQHandler
                0x0000d09c                GPIO1_Combined_0_15_IRQHandler
                0x0000d0a0                GPIO1_Combined_16_31_IRQHandler
                0x0000d0a4                GPIO2_Combined_0_15_IRQHandler
                0x0000d0a8                GPIO2_Combined_16_31_IRQHandler
                0x0000d0ac                GPIO3_Combined_0_15_IRQHandler
                0x0000d0b0                GPIO3_Combined_16_31_IRQHandler
                0x0000d0b4                GPIO4_Combined_0_15_IRQHandler
                0x0000d0b8                GPIO4_Combined_16_31_IRQHandler
                0x0000d0bc                GPIO5_Combined_0_15_IRQHandler
                0x0000d0c0                GPIO5_Combined_16_31_IRQHandler
                0x0000d0c4                ISP1_IRQHandler
                0x0000d0c8                ISP2_IRQHandler
                0x0000d0cc                I2C5_IRQHandler
                0x0000d0d0                I2C6_IRQHandler
                0x0000d0d4                WDOG1_IRQHandler
                0x0000d0d8                WDOG2_IRQHandler
                0x0000d0dc                MIPI_CSI2_IRQHandler
                0x0000d0e0                PWM1_IRQHandler
                0x0000d0e4                PWM2_IRQHandler
                0x0000d0e8                PWM3_IRQHandler
                0x0000d0ec                PWM4_IRQHandler
                0x0000d0f0                CCM_IRQ1_IRQHandler
                0x0000d0f4                CCM_IRQ2_IRQHandler
                0x0000d0f8                GPC_IRQHandler
                0x0000d0fc                MU1_A53_IRQHandler
                0x0000d100                SRC_IRQHandler
                0x0000d104                I2S56_IRQHandler
                0x0000d108                RTIC_IRQHandler
                0x0000d10c                CPU_PerformanceUnit_IRQHandler
                0x0000d110                CPU_CTI_Trigger_IRQHandler
                0x0000d114                SRC_Combined_IRQHandler
                0x0000d118                I2S1_IRQHandler
                0x0000d11c                I2S2_IRQHandler
                0x0000d124                DDR_PerformanceMonitor_IRQHandler
                0x0000d128                DDR_IRQHandler
                0x0000d12c                DEWARP_IRQHandler
                0x0000d130                CPU_Error_AXI_IRQHandler
                0x0000d134                CPU_Error_L2RAM_IRQHandler
                0x0000d138                SDMA2_IRQHandler
                0x0000d13c                SJC_IRQHandler
                0x0000d140                CAAM_IRQ0_IRQHandler
                0x0000d144                CAAM_IRQ1_IRQHandler
                0x0000d148                FlexSPI_IRQHandler
                0x0000d14c                TZASC_IRQHandler
                0x0000d150                PDM_EVENT_IRQHandler
                0x0000d154                PDM_ERROR_IRQHandler
                0x0000d158                I2S7_IRQHandler
                0x0000d15c                PERFMON1_IRQHandler
                0x0000d160                PERFMON2_IRQHandler
                0x0000d164                CAAM_IRQ2_IRQHandler
                0x0000d168                CAAM_ERROR_IRQHandler
                0x0000d16c                HS_CP0_IRQHandler
                0x0000d170                CM7_CTI_IRQHandler
                0x0000d174                ENET1_MAC0_Rx_Tx_Done1_IRQHandler
                0x0000d178                ENET1_MAC0_Rx_Tx_Done2_IRQHandler
                0x0000d17c                ENET1_IRQHandler
                0x0000d180                ENET1_1588_Timer_IRQHandler
                0x0000d184                ASRC_IRQHandler
                0x0000d188                PCIE_CTRL1_0_IRQHandler
                0x0000d18c                PCIE_CTRL1_1_IRQHandler
                0x0000d190                PCIE_CTRL1_2_IRQHandler
                0x0000d194                PCIE_CTRL1_3_IRQHandler
                0x0000d198                PCIE_EDMA_IRQHandler
                0x0000d19c                AUDIO_XCVR0_IRQHandler
                0x0000d1a0                AUDIO_XCVR1_IRQHandler
                0x0000d1a4                AUD2HTX_IRQHandler
                0x0000d1a8                EDMA1_ERR_IRQHandler
                0x0000d1ac                EDMA1_0_15_IRQHandler
                0x0000d1b0                EDMA1_16_31_IRQHandler
                0x0000d1b4                ENET_QOS_PMT_IRQHandler
                0x0000d1b8                ENET_QOS_IRQHandler
                0x0000d1bc                MU2_A53_IRQHandler
                0x0000d1c0                MU2_AUDIO_IRQHandler
                0x0000d1c4                MU3_M7_IRQHandler
                0x0000d1c8                MU3_AUDIO_IRQHandler
                0x0000d1cc                PCIE_CTRL1_IRQHandler
                0x0000d1d0                PCIE_CTRL1_ERR_IRQHandler
                0x0000d1d4                CAN_FD1_IRQHandler
                0x0000d1d8                CAN_FD1_ERROR_IRQHandler
                0x0000d1dc                CAN_FD2_IRQHandler
                0x0000d1e0                CAN_FD2_ERROR_IRQHandler
                0x0000d1e4                AUDIO_XCVR_IRQHandler
                0x0000d1e8                DDR_ERR_IRQHandler
                0x0000d1ec                USB1_WAKEUP_IRQHandler
                0x0000d1f0                USB2_WAKEUP_IRQHandler
                0x0000d1f4                MECC_IRQHandler
                0x0000d1f8                MECC_ERR_IRQHandler
                0x0000d1fc                MECC_S_IRQHandler
                0x0000d200                MECC_S_ERR_IRQHandler
 .text          0x0000d480       0xa0 build/obj/./drivers/freescale/fsl_memcpy.o
                0x0000d480                memcpy
 .text          0x0000d520       0x30 /home/chris/code-projects/zpmc/zpmc_tuv_demo/arm-toolchain/bin/../lib/gcc/arm-none-eabi/14.2.1/thumb/v7e-m+fp/hard/libgcc.a(_aeabi_uldivmod.o)
                0x0000d520                __aeabi_uldivmod
 .text          0x0000d550        0x4 /home/chris/code-projects/zpmc/zpmc_tuv_demo/arm-toolchain/bin/../lib/gcc/arm-none-eabi/14.2.1/thumb/v7e-m+fp/hard/libgcc.a(_dvmd_tls.o)
                0x0000d550                __aeabi_ldiv0
                0x0000d550                __aeabi_idiv0
 *fill*         0x0000d554        0xc 
 .text          0x0000d560      0x2e0 /home/chris/code-projects/zpmc/zpmc_tuv_demo/arm-toolchain/bin/../lib/gcc/arm-none-eabi/14.2.1/../../../../arm-none-eabi/lib/thumb/v7e-m+fp/hard/libg.a(libc_a-strcmp.o)
                0x0000d560                strcmp
 .text          0x0000d840       0xd8 /home/chris/code-projects/zpmc/zpmc_tuv_demo/arm-toolchain/bin/../lib/gcc/arm-none-eabi/14.2.1/../../../../arm-none-eabi/lib/thumb/v7e-m+fp/hard/libg.a(libc_a-strlen.o)
                0x0000d840                strlen
 *fill*         0x0000d918        0x8 
 .text          0x0000d920       0xa0 /home/chris/code-projects/zpmc/zpmc_tuv_demo/arm-toolchain/bin/../lib/gcc/arm-none-eabi/14.2.1/../../../../arm-none-eabi/lib/thumb/v7e-m+fp/hard/libg.a(libc_a-memchr.o)
                0x0000d920                memchr
 .text          0x0000d9c0      0x378 /home/chris/code-projects/zpmc/zpmc_tuv_demo/arm-toolchain/bin/../lib/gcc/arm-none-eabi/14.2.1/thumb/v7e-m+fp/hard/libgcc.a(_arm_addsubdf3.o)
                0x0000d9c0                __aeabi_drsub
                0x0000d9c8                __aeabi_dsub
                0x0000d9c8                __subdf3
                0x0000d9cc                __adddf3
                0x0000d9cc                __aeabi_dadd
                0x0000dc44                __aeabi_ui2d
                0x0000dc44                __floatunsidf
                0x0000dc64                __floatsidf
                0x0000dc64                __aeabi_i2d
                0x0000dc88                __extendsfdf2
                0x0000dc88                __aeabi_f2d
                0x0000dccc                __aeabi_ul2d
                0x0000dccc                __floatundidf
                0x0000dcdc                __floatdidf
                0x0000dcdc                __aeabi_l2d
 .text          0x0000dd38      0x424 /home/chris/code-projects/zpmc/zpmc_tuv_demo/arm-toolchain/bin/../lib/gcc/arm-none-eabi/14.2.1/thumb/v7e-m+fp/hard/libgcc.a(_arm_muldivdf3.o)
                0x0000dd38                __aeabi_dmul
                0x0000dd38                __muldf3
                0x0000df8c                __aeabi_ddiv
                0x0000df8c                __divdf3
 .text          0x0000e15c      0x110 /home/chris/code-projects/zpmc/zpmc_tuv_demo/arm-toolchain/bin/../lib/gcc/arm-none-eabi/14.2.1/thumb/v7e-m+fp/hard/libgcc.a(_arm_cmpdf2.o)
                0x0000e15c                __gtdf2
                0x0000e15c                __gedf2
                0x0000e164                __ltdf2
                0x0000e164                __ledf2
                0x0000e16c                __cmpdf2
                0x0000e16c                __eqdf2
                0x0000e16c                __nedf2
                0x0000e1e8                __aeabi_cdrcmple
                0x0000e1f8                __aeabi_cdcmple
                0x0000e1f8                __aeabi_cdcmpeq
                0x0000e208                __aeabi_dcmpeq
                0x0000e21c                __aeabi_dcmplt
                0x0000e230                __aeabi_dcmple
                0x0000e244                __aeabi_dcmpge
                0x0000e258                __aeabi_dcmpgt
 .text          0x0000e26c       0x2c /home/chris/code-projects/zpmc/zpmc_tuv_demo/arm-toolchain/bin/../lib/gcc/arm-none-eabi/14.2.1/thumb/v7e-m+fp/hard/libgcc.a(_arm_unorddf2.o)
                0x0000e26c                __aeabi_dcmpun
                0x0000e26c                __unorddf2
 .text          0x0000e298       0x50 /home/chris/code-projects/zpmc/zpmc_tuv_demo/arm-toolchain/bin/../lib/gcc/arm-none-eabi/14.2.1/thumb/v7e-m+fp/hard/libgcc.a(_arm_fixdfsi.o)
                0x0000e298                __fixdfsi
                0x0000e298                __aeabi_d2iz
 *(.text*)
 .text.deregister_tm_clones
                0x0000e2e8       0x1c /home/chris/code-projects/zpmc/zpmc_tuv_demo/arm-toolchain/bin/../lib/gcc/arm-none-eabi/14.2.1/thumb/v7e-m+fp/hard/crtbegin.o
 .text.register_tm_clones
                0x0000e304       0x24 /home/chris/code-projects/zpmc/zpmc_tuv_demo/arm-toolchain/bin/../lib/gcc/arm-none-eabi/14.2.1/thumb/v7e-m+fp/hard/crtbegin.o
 .text.__do_global_dtors_aux
                0x0000e328       0x28 /home/chris/code-projects/zpmc/zpmc_tuv_demo/arm-toolchain/bin/../lib/gcc/arm-none-eabi/14.2.1/thumb/v7e-m+fp/hard/crtbegin.o
 .text.frame_dummy
                0x0000e350       0x24 /home/chris/code-projects/zpmc/zpmc_tuv_demo/arm-toolchain/bin/../lib/gcc/arm-none-eabi/14.2.1/thumb/v7e-m+fp/hard/crtbegin.o
 .text.__udivmoddi4
                0x0000e374      0x2f8 /home/chris/code-projects/zpmc/zpmc_tuv_demo/arm-toolchain/bin/../lib/gcc/arm-none-eabi/14.2.1/thumb/v7e-m+fp/hard/libgcc.a(_udivmoddi4.o)
                0x0000e374                __udivmoddi4
 .text.exit     0x0000e66c       0x1c /home/chris/code-projects/zpmc/zpmc_tuv_demo/arm-toolchain/bin/../lib/gcc/arm-none-eabi/14.2.1/../../../../arm-none-eabi/lib/thumb/v7e-m+fp/hard/libg.a(libc_a-exit.o)
                0x0000e66c                exit
 .text._malloc_r
                0x0000e688      0x598 /home/chris/code-projects/zpmc/zpmc_tuv_demo/arm-toolchain/bin/../lib/gcc/arm-none-eabi/14.2.1/../../../../arm-none-eabi/lib/thumb/v7e-m+fp/hard/libg.a(libc_a-mallocr.o)
                0x0000e688                _malloc_r
 .text.__malloc_lock
                0x0000ec20        0xc /home/chris/code-projects/zpmc/zpmc_tuv_demo/arm-toolchain/bin/../lib/gcc/arm-none-eabi/14.2.1/../../../../arm-none-eabi/lib/thumb/v7e-m+fp/hard/libg.a(libc_a-mlock.o)
                0x0000ec20                __malloc_lock
 .text.__malloc_unlock
                0x0000ec2c        0xc /home/chris/code-projects/zpmc/zpmc_tuv_demo/arm-toolchain/bin/../lib/gcc/arm-none-eabi/14.2.1/../../../../arm-none-eabi/lib/thumb/v7e-m+fp/hard/libg.a(libc_a-mlock.o)
                0x0000ec2c                __malloc_unlock
 .text._strtoul_l.isra.0
                0x0000ec38      0x134 /home/chris/code-projects/zpmc/zpmc_tuv_demo/arm-toolchain/bin/../lib/gcc/arm-none-eabi/14.2.1/../../../../arm-none-eabi/lib/thumb/v7e-m+fp/hard/libg.a(libc_a-strtoul.o)
 .text.strtoul  0x0000ed6c       0x1c /home/chris/code-projects/zpmc/zpmc_tuv_demo/arm-toolchain/bin/../lib/gcc/arm-none-eabi/14.2.1/../../../../arm-none-eabi/lib/thumb/v7e-m+fp/hard/libg.a(libc_a-strtoul.o)
                0x0000ed6c                strtoul
 .text.stdio_exit_handler
                0x0000ed88       0x18 /home/chris/code-projects/zpmc/zpmc_tuv_demo/arm-toolchain/bin/../lib/gcc/arm-none-eabi/14.2.1/../../../../arm-none-eabi/lib/thumb/v7e-m+fp/hard/libg.a(libc_a-findfp.o)
 .text.cleanup_stdio
                0x0000eda0       0x40 /home/chris/code-projects/zpmc/zpmc_tuv_demo/arm-toolchain/bin/../lib/gcc/arm-none-eabi/14.2.1/../../../../arm-none-eabi/lib/thumb/v7e-m+fp/hard/libg.a(libc_a-findfp.o)
 .text.global_stdio_init.part.0
                0x0000ede0       0xf0 /home/chris/code-projects/zpmc/zpmc_tuv_demo/arm-toolchain/bin/../lib/gcc/arm-none-eabi/14.2.1/../../../../arm-none-eabi/lib/thumb/v7e-m+fp/hard/libg.a(libc_a-findfp.o)
 .text.__sinit  0x0000eed0       0x3c /home/chris/code-projects/zpmc/zpmc_tuv_demo/arm-toolchain/bin/../lib/gcc/arm-none-eabi/14.2.1/../../../../arm-none-eabi/lib/thumb/v7e-m+fp/hard/libg.a(libc_a-findfp.o)
                0x0000eed0                __sinit
 .text.__sfp_lock_acquire
                0x0000ef0c        0xc /home/chris/code-projects/zpmc/zpmc_tuv_demo/arm-toolchain/bin/../lib/gcc/arm-none-eabi/14.2.1/../../../../arm-none-eabi/lib/thumb/v7e-m+fp/hard/libg.a(libc_a-findfp.o)
                0x0000ef0c                __sfp_lock_acquire
 .text.__sfp_lock_release
                0x0000ef18        0xc /home/chris/code-projects/zpmc/zpmc_tuv_demo/arm-toolchain/bin/../lib/gcc/arm-none-eabi/14.2.1/../../../../arm-none-eabi/lib/thumb/v7e-m+fp/hard/libg.a(libc_a-findfp.o)
                0x0000ef18                __sfp_lock_release
 .text._fwalk_sglue
                0x0000ef24       0x44 /home/chris/code-projects/zpmc/zpmc_tuv_demo/arm-toolchain/bin/../lib/gcc/arm-none-eabi/14.2.1/../../../../arm-none-eabi/lib/thumb/v7e-m+fp/hard/libg.a(libc_a-fwalk.o)
                0x0000ef24                _fwalk_sglue
 .text.printf   0x0000ef68       0x28 /home/chris/code-projects/zpmc/zpmc_tuv_demo/arm-toolchain/bin/../lib/gcc/arm-none-eabi/14.2.1/../../../../arm-none-eabi/lib/thumb/v7e-m+fp/hard/libg.a(libc_a-printf.o)
                0x0000ef68                printf
 .text.__sread  0x0000ef90       0x24 /home/chris/code-projects/zpmc/zpmc_tuv_demo/arm-toolchain/bin/../lib/gcc/arm-none-eabi/14.2.1/../../../../arm-none-eabi/lib/thumb/v7e-m+fp/hard/libg.a(libc_a-stdio.o)
                0x0000ef90                __sread
 .text.__swrite
                0x0000efb4       0x40 /home/chris/code-projects/zpmc/zpmc_tuv_demo/arm-toolchain/bin/../lib/gcc/arm-none-eabi/14.2.1/../../../../arm-none-eabi/lib/thumb/v7e-m+fp/hard/libg.a(libc_a-stdio.o)
                0x0000efb4                __swrite
 .text.__sseek  0x0000eff4       0x24 /home/chris/code-projects/zpmc/zpmc_tuv_demo/arm-toolchain/bin/../lib/gcc/arm-none-eabi/14.2.1/../../../../arm-none-eabi/lib/thumb/v7e-m+fp/hard/libg.a(libc_a-stdio.o)
                0x0000eff4                __sseek
 .text.__sclose
                0x0000f018        0x8 /home/chris/code-projects/zpmc/zpmc_tuv_demo/arm-toolchain/bin/../lib/gcc/arm-none-eabi/14.2.1/../../../../arm-none-eabi/lib/thumb/v7e-m+fp/hard/libg.a(libc_a-stdio.o)
                0x0000f018                __sclose
 .text.memset   0x0000f020       0x9c /home/chris/code-projects/zpmc/zpmc_tuv_demo/arm-toolchain/bin/../lib/gcc/arm-none-eabi/14.2.1/../../../../arm-none-eabi/lib/thumb/v7e-m+fp/hard/libg.a(libc_a-memset.o)
                0x0000f020                memset
 .text.strncmp  0x0000f0bc       0x78 /home/chris/code-projects/zpmc/zpmc_tuv_demo/arm-toolchain/bin/../lib/gcc/arm-none-eabi/14.2.1/../../../../arm-none-eabi/lib/thumb/v7e-m+fp/hard/libg.a(libc_a-strncmp.o)
                0x0000f0bc                strncmp
 .text.strncpy  0x0000f134       0x68 /home/chris/code-projects/zpmc/zpmc_tuv_demo/arm-toolchain/bin/../lib/gcc/arm-none-eabi/14.2.1/../../../../arm-none-eabi/lib/thumb/v7e-m+fp/hard/libg.a(libc_a-strncpy.o)
                0x0000f134                strncpy
 .text._close_r
                0x0000f19c       0x24 /home/chris/code-projects/zpmc/zpmc_tuv_demo/arm-toolchain/bin/../lib/gcc/arm-none-eabi/14.2.1/../../../../arm-none-eabi/lib/thumb/v7e-m+fp/hard/libg.a(libc_a-closer.o)
                0x0000f19c                _close_r
 .text._lseek_r
                0x0000f1c0       0x2c /home/chris/code-projects/zpmc/zpmc_tuv_demo/arm-toolchain/bin/../lib/gcc/arm-none-eabi/14.2.1/../../../../arm-none-eabi/lib/thumb/v7e-m+fp/hard/libg.a(libc_a-lseekr.o)
                0x0000f1c0                _lseek_r
 .text._read_r  0x0000f1ec       0x2c /home/chris/code-projects/zpmc/zpmc_tuv_demo/arm-toolchain/bin/../lib/gcc/arm-none-eabi/14.2.1/../../../../arm-none-eabi/lib/thumb/v7e-m+fp/hard/libg.a(libc_a-readr.o)
                0x0000f1ec                _read_r
 .text._sbrk_r  0x0000f218       0x24 /home/chris/code-projects/zpmc/zpmc_tuv_demo/arm-toolchain/bin/../lib/gcc/arm-none-eabi/14.2.1/../../../../arm-none-eabi/lib/thumb/v7e-m+fp/hard/libg.a(libc_a-sbrkr.o)
                0x0000f218                _sbrk_r
 .text._write_r
                0x0000f23c       0x2c /home/chris/code-projects/zpmc/zpmc_tuv_demo/arm-toolchain/bin/../lib/gcc/arm-none-eabi/14.2.1/../../../../arm-none-eabi/lib/thumb/v7e-m+fp/hard/libg.a(libc_a-writer.o)
                0x0000f23c                _write_r
 .text.__errno  0x0000f268        0xc /home/chris/code-projects/zpmc/zpmc_tuv_demo/arm-toolchain/bin/../lib/gcc/arm-none-eabi/14.2.1/../../../../arm-none-eabi/lib/thumb/v7e-m+fp/hard/libg.a(libc_a-errno.o)
                0x0000f268                __errno
 .text.__libc_init_array
                0x0000f274       0x50 /home/chris/code-projects/zpmc/zpmc_tuv_demo/arm-toolchain/bin/../lib/gcc/arm-none-eabi/14.2.1/../../../../arm-none-eabi/lib/thumb/v7e-m+fp/hard/libg.a(libc_a-init.o)
                0x0000f274                __libc_init_array
 .text.__retarget_lock_init_recursive
                0x0000f2c4        0x4 /home/chris/code-projects/zpmc/zpmc_tuv_demo/arm-toolchain/bin/../lib/gcc/arm-none-eabi/14.2.1/../../../../arm-none-eabi/lib/thumb/v7e-m+fp/hard/libg.a(libc_a-lock.o)
                0x0000f2c4                __retarget_lock_init_recursive
 .text.__retarget_lock_close_recursive
                0x0000f2c8        0x4 /home/chris/code-projects/zpmc/zpmc_tuv_demo/arm-toolchain/bin/../lib/gcc/arm-none-eabi/14.2.1/../../../../arm-none-eabi/lib/thumb/v7e-m+fp/hard/libg.a(libc_a-lock.o)
                0x0000f2c8                __retarget_lock_close_recursive
 .text.__retarget_lock_acquire_recursive
                0x0000f2cc        0x4 /home/chris/code-projects/zpmc/zpmc_tuv_demo/arm-toolchain/bin/../lib/gcc/arm-none-eabi/14.2.1/../../../../arm-none-eabi/lib/thumb/v7e-m+fp/hard/libg.a(libc_a-lock.o)
                0x0000f2cc                __retarget_lock_acquire_recursive
 .text.__retarget_lock_release_recursive
                0x0000f2d0        0x4 /home/chris/code-projects/zpmc/zpmc_tuv_demo/arm-toolchain/bin/../lib/gcc/arm-none-eabi/14.2.1/../../../../arm-none-eabi/lib/thumb/v7e-m+fp/hard/libg.a(libc_a-lock.o)
                0x0000f2d0                __retarget_lock_release_recursive
 .text.sysconf  0x0000f2d4       0x1c /home/chris/code-projects/zpmc/zpmc_tuv_demo/arm-toolchain/bin/../lib/gcc/arm-none-eabi/14.2.1/../../../../arm-none-eabi/lib/thumb/v7e-m+fp/hard/libg.a(libc_a-sysconf.o)
                0x0000f2d4                sysconf
 .text.startup.register_fini
                0x0000f2f0       0x14 /home/chris/code-projects/zpmc/zpmc_tuv_demo/arm-toolchain/bin/../lib/gcc/arm-none-eabi/14.2.1/../../../../arm-none-eabi/lib/thumb/v7e-m+fp/hard/libg.a(libc_a-__call_atexit.o)
 .text.__call_exitprocs
                0x0000f304       0xc0 /home/chris/code-projects/zpmc/zpmc_tuv_demo/arm-toolchain/bin/../lib/gcc/arm-none-eabi/14.2.1/../../../../arm-none-eabi/lib/thumb/v7e-m+fp/hard/libg.a(libc_a-__call_atexit.o)
                0x0000f304                __call_exitprocs
 .text.atexit   0x0000f3c4        0xc /home/chris/code-projects/zpmc/zpmc_tuv_demo/arm-toolchain/bin/../lib/gcc/arm-none-eabi/14.2.1/../../../../arm-none-eabi/lib/thumb/v7e-m+fp/hard/libg.a(libc_a-atexit.o)
                0x0000f3c4                atexit
 .text._malloc_trim_r
                0x0000f3d0       0xb8 /home/chris/code-projects/zpmc/zpmc_tuv_demo/arm-toolchain/bin/../lib/gcc/arm-none-eabi/14.2.1/../../../../arm-none-eabi/lib/thumb/v7e-m+fp/hard/libg.a(libc_a-freer.o)
                0x0000f3d0                _malloc_trim_r
 .text._free_r  0x0000f488      0x1f0 /home/chris/code-projects/zpmc/zpmc_tuv_demo/arm-toolchain/bin/../lib/gcc/arm-none-eabi/14.2.1/../../../../arm-none-eabi/lib/thumb/v7e-m+fp/hard/libg.a(libc_a-freer.o)
                0x0000f488                _free_r
 .text._vfprintf_r
                0x0000f678     0x2320 /home/chris/code-projects/zpmc/zpmc_tuv_demo/arm-toolchain/bin/../lib/gcc/arm-none-eabi/14.2.1/../../../../arm-none-eabi/lib/thumb/v7e-m+fp/hard/libg.a(libc_a-vfprintf.o)
                0x0000f678                _vfprintf_r
 .text.__sbprintf
                0x00011998       0x84 /home/chris/code-projects/zpmc/zpmc_tuv_demo/arm-toolchain/bin/../lib/gcc/arm-none-eabi/14.2.1/../../../../arm-none-eabi/lib/thumb/v7e-m+fp/hard/libg.a(libc_a-vfprintf.o)
 .text.__sprint_r
                0x00011a1c       0x20 /home/chris/code-projects/zpmc/zpmc_tuv_demo/arm-toolchain/bin/../lib/gcc/arm-none-eabi/14.2.1/../../../../arm-none-eabi/lib/thumb/v7e-m+fp/hard/libg.a(libc_a-sprint_r.o)
                0x00011a1c                __sprint_r
 .text._fclose_r
                0x00011a3c       0xc0 /home/chris/code-projects/zpmc/zpmc_tuv_demo/arm-toolchain/bin/../lib/gcc/arm-none-eabi/14.2.1/../../../../arm-none-eabi/lib/thumb/v7e-m+fp/hard/libg.a(libc_a-fclose.o)
                0x00011a3c                _fclose_r
 .text.__sflush_r
                0x00011afc      0x134 /home/chris/code-projects/zpmc/zpmc_tuv_demo/arm-toolchain/bin/../lib/gcc/arm-none-eabi/14.2.1/../../../../arm-none-eabi/lib/thumb/v7e-m+fp/hard/libg.a(libc_a-fflush.o)
                0x00011afc                __sflush_r
 .text._fflush_r
                0x00011c30       0x54 /home/chris/code-projects/zpmc/zpmc_tuv_demo/arm-toolchain/bin/../lib/gcc/arm-none-eabi/14.2.1/../../../../arm-none-eabi/lib/thumb/v7e-m+fp/hard/libg.a(libc_a-fflush.o)
                0x00011c30                _fflush_r
 .text.__sfvwrite_r
                0x00011c84      0x2e4 /home/chris/code-projects/zpmc/zpmc_tuv_demo/arm-toolchain/bin/../lib/gcc/arm-none-eabi/14.2.1/../../../../arm-none-eabi/lib/thumb/v7e-m+fp/hard/libg.a(libc_a-fvwrite.o)
                0x00011c84                __sfvwrite_r
 .text.__swsetup_r
                0x00011f68       0xfc /home/chris/code-projects/zpmc/zpmc_tuv_demo/arm-toolchain/bin/../lib/gcc/arm-none-eabi/14.2.1/../../../../arm-none-eabi/lib/thumb/v7e-m+fp/hard/libg.a(libc_a-wsetup.o)
                0x00011f68                __swsetup_r
 .text.memmove  0x00012064       0xf8 /home/chris/code-projects/zpmc/zpmc_tuv_demo/arm-toolchain/bin/../lib/gcc/arm-none-eabi/14.2.1/../../../../arm-none-eabi/lib/thumb/v7e-m+fp/hard/libg.a(libc_a-memmove.o)
                0x00012064                memmove
 .text.__locale_mb_cur_max
                0x0001215c        0xc /home/chris/code-projects/zpmc/zpmc_tuv_demo/arm-toolchain/bin/../lib/gcc/arm-none-eabi/14.2.1/../../../../arm-none-eabi/lib/thumb/v7e-m+fp/hard/libg.a(libc_a-locale.o)
                0x0001215c                __locale_mb_cur_max
 .text._localeconv_r
                0x00012168        0x8 /home/chris/code-projects/zpmc/zpmc_tuv_demo/arm-toolchain/bin/../lib/gcc/arm-none-eabi/14.2.1/../../../../arm-none-eabi/lib/thumb/v7e-m+fp/hard/libg.a(libc_a-localeconv.o)
                0x00012168                _localeconv_r
 .text.__libc_fini_array
                0x00012170       0x28 /home/chris/code-projects/zpmc/zpmc_tuv_demo/arm-toolchain/bin/../lib/gcc/arm-none-eabi/14.2.1/../../../../arm-none-eabi/lib/thumb/v7e-m+fp/hard/libg.a(libc_a-fini.o)
                0x00012170                __libc_fini_array
 .text.frexp    0x00012198       0x64 /home/chris/code-projects/zpmc/zpmc_tuv_demo/arm-toolchain/bin/../lib/gcc/arm-none-eabi/14.2.1/../../../../arm-none-eabi/lib/thumb/v7e-m+fp/hard/libg.a(libm_a-s_frexp.o)
                0x00012198                frexp
 .text.__register_exitproc
                0x000121fc       0x80 /home/chris/code-projects/zpmc/zpmc_tuv_demo/arm-toolchain/bin/../lib/gcc/arm-none-eabi/14.2.1/../../../../arm-none-eabi/lib/thumb/v7e-m+fp/hard/libg.a(libc_a-__atexit.o)
                0x000121fc                __register_exitproc
 .text.quorem   0x0001227c      0x12c /home/chris/code-projects/zpmc/zpmc_tuv_demo/arm-toolchain/bin/../lib/gcc/arm-none-eabi/14.2.1/../../../../arm-none-eabi/lib/thumb/v7e-m+fp/hard/libg.a(libc_a-dtoa.o)
 .text._dtoa_r  0x000123a8     0x1034 /home/chris/code-projects/zpmc/zpmc_tuv_demo/arm-toolchain/bin/../lib/gcc/arm-none-eabi/14.2.1/../../../../arm-none-eabi/lib/thumb/v7e-m+fp/hard/libg.a(libc_a-dtoa.o)
                0x000123a8                _dtoa_r
 .text.__ascii_mbtowc
                0x000133dc       0x2c /home/chris/code-projects/zpmc/zpmc_tuv_demo/arm-toolchain/bin/../lib/gcc/arm-none-eabi/14.2.1/../../../../arm-none-eabi/lib/thumb/v7e-m+fp/hard/libg.a(libc_a-mbtowc_r.o)
                0x000133dc                __ascii_mbtowc
 .text._Balloc  0x00013408       0x4c /home/chris/code-projects/zpmc/zpmc_tuv_demo/arm-toolchain/bin/../lib/gcc/arm-none-eabi/14.2.1/../../../../arm-none-eabi/lib/thumb/v7e-m+fp/hard/libg.a(libc_a-mprec.o)
                0x00013408                _Balloc
 .text._Bfree   0x00013454       0x14 /home/chris/code-projects/zpmc/zpmc_tuv_demo/arm-toolchain/bin/../lib/gcc/arm-none-eabi/14.2.1/../../../../arm-none-eabi/lib/thumb/v7e-m+fp/hard/libg.a(libc_a-mprec.o)
                0x00013454                _Bfree
 .text.__multadd
                0x00013468       0xa0 /home/chris/code-projects/zpmc/zpmc_tuv_demo/arm-toolchain/bin/../lib/gcc/arm-none-eabi/14.2.1/../../../../arm-none-eabi/lib/thumb/v7e-m+fp/hard/libg.a(libc_a-mprec.o)
                0x00013468                __multadd
 .text.__hi0bits
                0x00013508       0x54 /home/chris/code-projects/zpmc/zpmc_tuv_demo/arm-toolchain/bin/../lib/gcc/arm-none-eabi/14.2.1/../../../../arm-none-eabi/lib/thumb/v7e-m+fp/hard/libg.a(libc_a-mprec.o)
                0x00013508                __hi0bits
 .text.__lo0bits
                0x0001355c       0x80 /home/chris/code-projects/zpmc/zpmc_tuv_demo/arm-toolchain/bin/../lib/gcc/arm-none-eabi/14.2.1/../../../../arm-none-eabi/lib/thumb/v7e-m+fp/hard/libg.a(libc_a-mprec.o)
                0x0001355c                __lo0bits
 .text.__i2b    0x000135dc       0x5c /home/chris/code-projects/zpmc/zpmc_tuv_demo/arm-toolchain/bin/../lib/gcc/arm-none-eabi/14.2.1/../../../../arm-none-eabi/lib/thumb/v7e-m+fp/hard/libg.a(libc_a-mprec.o)
                0x000135dc                __i2b
 .text.__multiply
                0x00013638      0x16c /home/chris/code-projects/zpmc/zpmc_tuv_demo/arm-toolchain/bin/../lib/gcc/arm-none-eabi/14.2.1/../../../../arm-none-eabi/lib/thumb/v7e-m+fp/hard/libg.a(libc_a-mprec.o)
                0x00013638                __multiply
 .text.__pow5mult
                0x000137a4       0xc0 /home/chris/code-projects/zpmc/zpmc_tuv_demo/arm-toolchain/bin/../lib/gcc/arm-none-eabi/14.2.1/../../../../arm-none-eabi/lib/thumb/v7e-m+fp/hard/libg.a(libc_a-mprec.o)
                0x000137a4                __pow5mult
 .text.__lshift
                0x00013864       0xe8 /home/chris/code-projects/zpmc/zpmc_tuv_demo/arm-toolchain/bin/../lib/gcc/arm-none-eabi/14.2.1/../../../../arm-none-eabi/lib/thumb/v7e-m+fp/hard/libg.a(libc_a-mprec.o)
                0x00013864                __lshift
 .text.__mcmp   0x0001394c       0x44 /home/chris/code-projects/zpmc/zpmc_tuv_demo/arm-toolchain/bin/../lib/gcc/arm-none-eabi/14.2.1/../../../../arm-none-eabi/lib/thumb/v7e-m+fp/hard/libg.a(libc_a-mprec.o)
                0x0001394c                __mcmp
 .text.__mdiff  0x00013990      0x174 /home/chris/code-projects/zpmc/zpmc_tuv_demo/arm-toolchain/bin/../lib/gcc/arm-none-eabi/14.2.1/../../../../arm-none-eabi/lib/thumb/v7e-m+fp/hard/libg.a(libc_a-mprec.o)
                0x00013990                __mdiff
 .text.__d2b    0x00013b04       0xbc /home/chris/code-projects/zpmc/zpmc_tuv_demo/arm-toolchain/bin/../lib/gcc/arm-none-eabi/14.2.1/../../../../arm-none-eabi/lib/thumb/v7e-m+fp/hard/libg.a(libc_a-mprec.o)
                0x00013b04                __d2b
 .text._realloc_r
                0x00013bc0      0x348 /home/chris/code-projects/zpmc/zpmc_tuv_demo/arm-toolchain/bin/../lib/gcc/arm-none-eabi/14.2.1/../../../../arm-none-eabi/lib/thumb/v7e-m+fp/hard/libg.a(libc_a-reallocr.o)
                0x00013bc0                _realloc_r
 .text.__ascii_wctomb
                0x00013f08       0x1c /home/chris/code-projects/zpmc/zpmc_tuv_demo/arm-toolchain/bin/../lib/gcc/arm-none-eabi/14.2.1/../../../../arm-none-eabi/lib/thumb/v7e-m+fp/hard/libg.a(libc_a-wctomb_r.o)
                0x00013f08                __ascii_wctomb
 .text._wcrtomb_r
                0x00013f24       0x4c /home/chris/code-projects/zpmc/zpmc_tuv_demo/arm-toolchain/bin/../lib/gcc/arm-none-eabi/14.2.1/../../../../arm-none-eabi/lib/thumb/v7e-m+fp/hard/libg.a(libc_a-wcrtomb.o)
                0x00013f24                _wcrtomb_r
 .text._wcsrtombs_r
                0x00013f70       0x18 /home/chris/code-projects/zpmc/zpmc_tuv_demo/arm-toolchain/bin/../lib/gcc/arm-none-eabi/14.2.1/../../../../arm-none-eabi/lib/thumb/v7e-m+fp/hard/libg.a(libc_a-wcsrtombs.o)
                0x00013f70                _wcsrtombs_r
 .text.__smakebuf_r
                0x00013f88       0xd0 /home/chris/code-projects/zpmc/zpmc_tuv_demo/arm-toolchain/bin/../lib/gcc/arm-none-eabi/14.2.1/../../../../arm-none-eabi/lib/thumb/v7e-m+fp/hard/libg.a(libc_a-makebuf.o)
                0x00013f88                __smakebuf_r
 .text._fstat_r
                0x00014058       0x2c /home/chris/code-projects/zpmc/zpmc_tuv_demo/arm-toolchain/bin/../lib/gcc/arm-none-eabi/14.2.1/../../../../arm-none-eabi/lib/thumb/v7e-m+fp/hard/libg.a(libc_a-fstatr.o)
                0x00014058                _fstat_r
 .text._isatty_r
                0x00014084       0x24 /home/chris/code-projects/zpmc/zpmc_tuv_demo/arm-toolchain/bin/../lib/gcc/arm-none-eabi/14.2.1/../../../../arm-none-eabi/lib/thumb/v7e-m+fp/hard/libg.a(libc_a-isattyr.o)
                0x00014084                _isatty_r
 .text._calloc_r
                0x000140a8       0x6c /home/chris/code-projects/zpmc/zpmc_tuv_demo/arm-toolchain/bin/../lib/gcc/arm-none-eabi/14.2.1/../../../../arm-none-eabi/lib/thumb/v7e-m+fp/hard/libg.a(libc_a-callocr.o)
                0x000140a8                _calloc_r
 .text._wcsnrtombs_l
                0x00014114       0xf0 /home/chris/code-projects/zpmc/zpmc_tuv_demo/arm-toolchain/bin/../lib/gcc/arm-none-eabi/14.2.1/../../../../arm-none-eabi/lib/thumb/v7e-m+fp/hard/libg.a(libc_a-wcsnrtombs.o)
                0x00014114                _wcsnrtombs_l
 .text._wcsnrtombs_r
                0x00014204       0x24 /home/chris/code-projects/zpmc/zpmc_tuv_demo/arm-toolchain/bin/../lib/gcc/arm-none-eabi/14.2.1/../../../../arm-none-eabi/lib/thumb/v7e-m+fp/hard/libg.a(libc_a-wcsnrtombs.o)
                0x00014204                _wcsnrtombs_r
 .text._close   0x00014228       0x10 /home/chris/code-projects/zpmc/zpmc_tuv_demo/arm-toolchain/bin/../lib/gcc/arm-none-eabi/14.2.1/../../../../arm-none-eabi/lib/thumb/v7e-m+fp/hard/libnosys.a(close.o)
                0x00014228                _close
 .text._fstat   0x00014238       0x10 /home/chris/code-projects/zpmc/zpmc_tuv_demo/arm-toolchain/bin/../lib/gcc/arm-none-eabi/14.2.1/../../../../arm-none-eabi/lib/thumb/v7e-m+fp/hard/libnosys.a(fstat.o)
                0x00014238                _fstat
 .text._isatty  0x00014248       0x10 /home/chris/code-projects/zpmc/zpmc_tuv_demo/arm-toolchain/bin/../lib/gcc/arm-none-eabi/14.2.1/../../../../arm-none-eabi/lib/thumb/v7e-m+fp/hard/libnosys.a(isatty.o)
                0x00014248                _isatty
 .text._lseek   0x00014258       0x10 /home/chris/code-projects/zpmc/zpmc_tuv_demo/arm-toolchain/bin/../lib/gcc/arm-none-eabi/14.2.1/../../../../arm-none-eabi/lib/thumb/v7e-m+fp/hard/libnosys.a(lseek.o)
                0x00014258                _lseek
 .text._read    0x00014268       0x10 /home/chris/code-projects/zpmc/zpmc_tuv_demo/arm-toolchain/bin/../lib/gcc/arm-none-eabi/14.2.1/../../../../arm-none-eabi/lib/thumb/v7e-m+fp/hard/libnosys.a(read.o)
                0x00014268                _read
 .text._write   0x00014278       0x10 /home/chris/code-projects/zpmc/zpmc_tuv_demo/arm-toolchain/bin/../lib/gcc/arm-none-eabi/14.2.1/../../../../arm-none-eabi/lib/thumb/v7e-m+fp/hard/libnosys.a(write.o)
                0x00014278                _write
 .text._exit    0x00014288        0x4 /home/chris/code-projects/zpmc/zpmc_tuv_demo/arm-toolchain/bin/../lib/gcc/arm-none-eabi/14.2.1/../../../../arm-none-eabi/lib/thumb/v7e-m+fp/hard/libnosys.a(_exit.o)
                0x00014288                _exit
 *(.rodata)
 .rodata        0x0001428c       0xee build/obj/./main.o
 *fill*         0x0001437a        0x2 
 .rodata        0x0001437c      0x4f3 build/obj/./drivers/freescale/fsl_sdma.o
 *fill*         0x0001486f        0x1 
 .rodata        0x00014870      0x20e build/obj/./drivers/freescale/fsl_rdc.o
 *fill*         0x00014a7e        0x2 
 .rodata        0x00014a80      0x53d build/obj/./drivers/freescale/fsl_clock.o
 *fill*         0x00014fbd        0x3 
 .rodata        0x00014fc0      0x145 build/obj/./drivers/freescale/fsl_adapter_iuart.o
 *fill*         0x00015105        0x3 
 .rodata        0x00015108      0x4e3 build/obj/./drivers/freescale/fsl_uart.o
                0x000151dc                s_uartIRQ
 *fill*         0x000155eb        0x1 
 .rodata        0x000155ec      0x367 build/obj/./drivers/freescale/fsl_i2c.o
 *fill*         0x00015953        0x1 
 .rodata        0x00015954       0x3e build/obj/./drivers/freescale/fsl_assert.o
 *fill*         0x00015992        0x2 
 .rodata        0x00015994       0x9e build/obj/./drivers/freescale/fsl_mu.o
 *fill*         0x00015a32        0x2 
 .rodata        0x00015a34       0xa7 build/obj/./drivers/freescale/fsl_common_arm.o
 *fill*         0x00015adb        0x1 
 .rodata        0x00015adc      0x380 build/obj/./drivers/freescale/fsl_ecspi.o
 .rodata        0x00015e5c      0x2f7 build/obj/./drivers/freescale/fsl_pdm.o
 *fill*         0x00016153        0x1 
 .rodata        0x00016154       0x89 build/obj/./drivers/rpmsg/virtqueue.o
 *fill*         0x000161dd        0x3 
 .rodata        0x000161e0       0x51 build/obj/./drivers/rpmsg/rpmsg_platform.o
 *(.rodata*)
 *fill*         0x00016231        0x3 
 .rodata._ctype_
                0x00016234      0x101 /home/chris/code-projects/zpmc/zpmc_tuv_demo/arm-toolchain/bin/../lib/gcc/arm-none-eabi/14.2.1/../../../../arm-none-eabi/lib/thumb/v7e-m+fp/hard/libg.a(libc_a-ctype_.o)
                0x00016234                _ctype_
 *fill*         0x00016335        0x3 
 .rodata._vfprintf_r.str1.4
                0x00016338      0x166 /home/chris/code-projects/zpmc/zpmc_tuv_demo/arm-toolchain/bin/../lib/gcc/arm-none-eabi/14.2.1/../../../../arm-none-eabi/lib/thumb/v7e-m+fp/hard/libg.a(libc_a-vfprintf.o)
                                 0x42 (size before relaxing)
 *fill*         0x0001649e        0x2 
 .rodata.zeroes.0
                0x000164a0       0x10 /home/chris/code-projects/zpmc/zpmc_tuv_demo/arm-toolchain/bin/../lib/gcc/arm-none-eabi/14.2.1/../../../../arm-none-eabi/lib/thumb/v7e-m+fp/hard/libg.a(libc_a-vfprintf.o)
 .rodata.blanks.1
                0x000164b0       0x10 /home/chris/code-projects/zpmc/zpmc_tuv_demo/arm-toolchain/bin/../lib/gcc/arm-none-eabi/14.2.1/../../../../arm-none-eabi/lib/thumb/v7e-m+fp/hard/libg.a(libc_a-vfprintf.o)
 .rodata.str1.4
                0x000164c0       0x4c /home/chris/code-projects/zpmc/zpmc_tuv_demo/arm-toolchain/bin/../lib/gcc/arm-none-eabi/14.2.1/../../../../arm-none-eabi/lib/thumb/v7e-m+fp/hard/libg.a(libc_a-locale.o)
 .rodata._dtoa_r.str1.4
                0x000164c0       0x81 /home/chris/code-projects/zpmc/zpmc_tuv_demo/arm-toolchain/bin/../lib/gcc/arm-none-eabi/14.2.1/../../../../arm-none-eabi/lib/thumb/v7e-m+fp/hard/libg.a(libc_a-dtoa.o)
 .rodata.__multadd.str1.4
                0x000164c0       0x6e /home/chris/code-projects/zpmc/zpmc_tuv_demo/arm-toolchain/bin/../lib/gcc/arm-none-eabi/14.2.1/../../../../arm-none-eabi/lib/thumb/v7e-m+fp/hard/libg.a(libc_a-mprec.o)
 .rodata.p05.0  0x000164c0        0xc /home/chris/code-projects/zpmc/zpmc_tuv_demo/arm-toolchain/bin/../lib/gcc/arm-none-eabi/14.2.1/../../../../arm-none-eabi/lib/thumb/v7e-m+fp/hard/libg.a(libc_a-mprec.o)
 *fill*         0x000164cc        0x4 
 .rodata.__mprec_bigtens
                0x000164d0       0x28 /home/chris/code-projects/zpmc/zpmc_tuv_demo/arm-toolchain/bin/../lib/gcc/arm-none-eabi/14.2.1/../../../../arm-none-eabi/lib/thumb/v7e-m+fp/hard/libg.a(libc_a-mprec.o)
                0x000164d0                __mprec_bigtens
 .rodata.__mprec_tens
                0x000164f8       0xc8 /home/chris/code-projects/zpmc/zpmc_tuv_demo/arm-toolchain/bin/../lib/gcc/arm-none-eabi/14.2.1/../../../../arm-none-eabi/lib/thumb/v7e-m+fp/hard/libg.a(libc_a-mprec.o)
                0x000164f8                __mprec_tens
 *(.glue_7)
 .glue_7        0x000165c0        0x0 linker stubs
 *(.glue_7t)
 .glue_7t       0x000165c0        0x0 linker stubs
 *(.eh_frame)
 .eh_frame      0x000165c0        0x0 /home/chris/code-projects/zpmc/zpmc_tuv_demo/arm-toolchain/bin/../lib/gcc/arm-none-eabi/14.2.1/thumb/v7e-m+fp/hard/crtbegin.o
 *(.init)
 .init          0x000165c0        0x4 /home/chris/code-projects/zpmc/zpmc_tuv_demo/arm-toolchain/bin/../lib/gcc/arm-none-eabi/14.2.1/thumb/v7e-m+fp/hard/crti.o
                0x000165c0                _init
 .init          0x000165c4        0x8 /home/chris/code-projects/zpmc/zpmc_tuv_demo/arm-toolchain/bin/../lib/gcc/arm-none-eabi/14.2.1/thumb/v7e-m+fp/hard/crtn.o
 *(.fini)
 .fini          0x000165cc        0x4 /home/chris/code-projects/zpmc/zpmc_tuv_demo/arm-toolchain/bin/../lib/gcc/arm-none-eabi/14.2.1/thumb/v7e-m+fp/hard/crti.o
                0x000165cc                _fini
 .fini          0x000165d0        0x8 /home/chris/code-projects/zpmc/zpmc_tuv_demo/arm-toolchain/bin/../lib/gcc/arm-none-eabi/14.2.1/thumb/v7e-m+fp/hard/crtn.o
                0x000165d8                        . = ALIGN (0x4)

.vfp11_veneer   0x000165d8        0x0
 .vfp11_veneer  0x000165d8        0x0 linker stubs

.v4_bx          0x000165d8        0x0
 .v4_bx         0x000165d8        0x0 linker stubs

.iplt           0x000165d8        0x0
 .iplt          0x000165d8        0x0 /home/chris/code-projects/zpmc/zpmc_tuv_demo/arm-toolchain/bin/../lib/gcc/arm-none-eabi/14.2.1/thumb/v7e-m+fp/hard/crtbegin.o

.ARM.extab
 *(.ARM.extab* .gnu.linkonce.armextab.*)

.ARM            0x000165d8        0x8
                0x000165d8                        __exidx_start = .
 *(.ARM.exidx*)
 .ARM.exidx     0x000165d8        0x8 /home/chris/code-projects/zpmc/zpmc_tuv_demo/arm-toolchain/bin/../lib/gcc/arm-none-eabi/14.2.1/../../../../arm-none-eabi/lib/thumb/v7e-m+fp/hard/crt0.o
                                 0x10 (size before relaxing)
 .ARM.exidx     0x000165e0        0x0 /home/chris/code-projects/zpmc/zpmc_tuv_demo/arm-toolchain/bin/../lib/gcc/arm-none-eabi/14.2.1/../../../../arm-none-eabi/lib/thumb/v7e-m+fp/hard/libg.a(libc_a-strcmp.o)
                                  0x8 (size before relaxing)
 .ARM.exidx     0x000165e0        0x0 /home/chris/code-projects/zpmc/zpmc_tuv_demo/arm-toolchain/bin/../lib/gcc/arm-none-eabi/14.2.1/../../../../arm-none-eabi/lib/thumb/v7e-m+fp/hard/libg.a(libc_a-strlen.o)
                                  0x8 (size before relaxing)
 .ARM.exidx     0x000165e0        0x0 /home/chris/code-projects/zpmc/zpmc_tuv_demo/arm-toolchain/bin/../lib/gcc/arm-none-eabi/14.2.1/../../../../arm-none-eabi/lib/thumb/v7e-m+fp/hard/libg.a(libc_a-memchr.o)
                                  0x8 (size before relaxing)
 .ARM.exidx.text.__udivmoddi4
                0x000165e0        0x0 /home/chris/code-projects/zpmc/zpmc_tuv_demo/arm-toolchain/bin/../lib/gcc/arm-none-eabi/14.2.1/thumb/v7e-m+fp/hard/libgcc.a(_udivmoddi4.o)
                                  0x8 (size before relaxing)
                0x000165e0                        __exidx_end = .

.rel.dyn        0x000165e0        0x0
 .rel.iplt      0x000165e0        0x0 /home/chris/code-projects/zpmc/zpmc_tuv_demo/arm-toolchain/bin/../lib/gcc/arm-none-eabi/14.2.1/thumb/v7e-m+fp/hard/crtbegin.o

.ctors          0x000165e0        0x0
                0x000165e0                        __CTOR_LIST__ = .
 *crtbegin.o(.ctors)
 *crtbegin?.o(.ctors)
 *(EXCLUDE_FILE(*crtend.o *crtend?.o) .ctors)
 *(SORT_BY_NAME(.ctors.*))
 *(.ctors)
                0x000165e0                        __CTOR_END__ = .

.dtors          0x000165e0        0x0
                0x000165e0                        __DTOR_LIST__ = .
 *crtbegin.o(.dtors)
 *crtbegin?.o(.dtors)
 *(EXCLUDE_FILE(*crtend.o *crtend?.o) .dtors)
 *(SORT_BY_NAME(.dtors.*))
 *(.dtors)
                0x000165e0                        __DTOR_END__ = .

.preinit_array  0x000165e0        0x0
                0x000165e0                        PROVIDE (__preinit_array_start = .)
 *(.preinit_array*)
                0x000165e0                        PROVIDE (__preinit_array_end = .)

.init_array     0x000165e0        0x8
                0x000165e0                        PROVIDE (__init_array_start = .)
 *(SORT_BY_NAME(.init_array.*))
 .init_array.00000
                0x000165e0        0x4 /home/chris/code-projects/zpmc/zpmc_tuv_demo/arm-toolchain/bin/../lib/gcc/arm-none-eabi/14.2.1/../../../../arm-none-eabi/lib/thumb/v7e-m+fp/hard/libg.a(libc_a-__call_atexit.o)
 *(.init_array*)
 .init_array    0x000165e4        0x4 /home/chris/code-projects/zpmc/zpmc_tuv_demo/arm-toolchain/bin/../lib/gcc/arm-none-eabi/14.2.1/thumb/v7e-m+fp/hard/crtbegin.o
                0x000165e8                        PROVIDE (__init_array_end = .)

.fini_array     0x000165e8        0x4
                0x000165e8                        PROVIDE (__fini_array_start = .)
 *(SORT_BY_NAME(.fini_array.*))
 *(.fini_array*)
 .fini_array    0x000165e8        0x4 /home/chris/code-projects/zpmc/zpmc_tuv_demo/arm-toolchain/bin/../lib/gcc/arm-none-eabi/14.2.1/thumb/v7e-m+fp/hard/crtbegin.o
                0x000165ec                        PROVIDE (__fini_array_end = .)
                0x000165ec                        __etext = .
                0x000165ec                        __DATA_ROM = .

.data           0x20000000      0x6d8 load address 0x000165ec
                0x20000000                        . = ALIGN (0x4)
                0x20000000                        __DATA_RAM = .
                0x20000000                        __data_start__ = .
 *(.data)
 .data          0x20000000        0x4 build/obj/./drivers/NXP/system_MIMX8ML8_cm7.o
                0x20000000                SystemCoreClock
 *(.data*)
 .data.__malloc_sbrk_base
                0x20000004        0x4 /home/chris/code-projects/zpmc/zpmc_tuv_demo/arm-toolchain/bin/../lib/gcc/arm-none-eabi/14.2.1/../../../../arm-none-eabi/lib/thumb/v7e-m+fp/hard/libg.a(libc_a-mallocr.o)
                0x20000004                __malloc_sbrk_base
 .data.__malloc_trim_threshold
                0x20000008        0x4 /home/chris/code-projects/zpmc/zpmc_tuv_demo/arm-toolchain/bin/../lib/gcc/arm-none-eabi/14.2.1/../../../../arm-none-eabi/lib/thumb/v7e-m+fp/hard/libg.a(libc_a-mallocr.o)
                0x20000008                __malloc_trim_threshold
 *fill*         0x2000000c        0x4 
 .data.__malloc_av_
                0x20000010      0x408 /home/chris/code-projects/zpmc/zpmc_tuv_demo/arm-toolchain/bin/../lib/gcc/arm-none-eabi/14.2.1/../../../../arm-none-eabi/lib/thumb/v7e-m+fp/hard/libg.a(libc_a-mallocr.o)
                0x20000010                __malloc_av_
 .data.__sglue  0x20000418        0xc /home/chris/code-projects/zpmc/zpmc_tuv_demo/arm-toolchain/bin/../lib/gcc/arm-none-eabi/14.2.1/../../../../arm-none-eabi/lib/thumb/v7e-m+fp/hard/libg.a(libc_a-findfp.o)
                0x20000418                __sglue
 .data._impure_ptr
                0x20000424        0x4 /home/chris/code-projects/zpmc/zpmc_tuv_demo/arm-toolchain/bin/../lib/gcc/arm-none-eabi/14.2.1/../../../../arm-none-eabi/lib/thumb/v7e-m+fp/hard/libg.a(libc_a-impure.o)
                0x20000424                _impure_ptr
 .data._impure_data
                0x20000428      0x140 /home/chris/code-projects/zpmc/zpmc_tuv_demo/arm-toolchain/bin/../lib/gcc/arm-none-eabi/14.2.1/../../../../arm-none-eabi/lib/thumb/v7e-m+fp/hard/libg.a(libc_a-impure.o)
                0x20000428                _impure_data
 .data.__atexit_recursive_mutex
                0x20000568        0x4 /home/chris/code-projects/zpmc/zpmc_tuv_demo/arm-toolchain/bin/../lib/gcc/arm-none-eabi/14.2.1/../../../../arm-none-eabi/lib/thumb/v7e-m+fp/hard/libg.a(libc_a-__call_atexit.o)
                0x20000568                __atexit_recursive_mutex
 .data.__global_locale
                0x2000056c      0x16c /home/chris/code-projects/zpmc/zpmc_tuv_demo/arm-toolchain/bin/../lib/gcc/arm-none-eabi/14.2.1/../../../../arm-none-eabi/lib/thumb/v7e-m+fp/hard/libg.a(libc_a-locale.o)
                0x2000056c                __global_locale
 *(.jcr*)
                0x200006d8                        . = ALIGN (0x4)
                0x200006d8                        __data_end__ = .
                0x00000000                        __CACHE_REGION_START = ORIGIN (m_interrupts)
                0x00000000                        __CACHE_REGION_SIZE = 0x0
                0x00016cc4                        __NDATA_ROM = (__DATA_ROM + SIZEOF (.data))

.tm_clone_table
                0x200006d8        0x0 load address 0x00016cc4
 .tm_clone_table
                0x200006d8        0x0 /home/chris/code-projects/zpmc/zpmc_tuv_demo/arm-toolchain/bin/../lib/gcc/arm-none-eabi/14.2.1/thumb/v7e-m+fp/hard/crtbegin.o
 .tm_clone_table
                0x200006d8        0x0 /home/chris/code-projects/zpmc/zpmc_tuv_demo/arm-toolchain/bin/../lib/gcc/arm-none-eabi/14.2.1/thumb/v7e-m+fp/hard/crtend.o

.igot.plt       0x200006d8        0x0 load address 0x00016cc4
 .igot.plt      0x200006d8        0x0 /home/chris/code-projects/zpmc/zpmc_tuv_demo/arm-toolchain/bin/../lib/gcc/arm-none-eabi/14.2.1/thumb/v7e-m+fp/hard/crtbegin.o

.ncache.init    0x80000000        0x0 load address 0x00016cc4
                0x80000000                        __noncachedata_start__ = .
 *(NonCacheable.init)
                0x80000000                        . = ALIGN (0x4)
                0x80000000                        __noncachedata_init_end__ = .
                0x80000000                        . = __noncachedata_init_end__

.ncache         0x80000000      0xa80
 *(NonCacheable)
 NonCacheable   0x80000000      0xa80 build/obj/./drivers/freescale/fsl_sdma.o
                0x80000a80                        . = ALIGN (0x4)
                0x80000a80                        __noncachedata_end__ = .
                0x00016cc4                        __DATA_END = (__DATA_ROM + (__data_end__ - __data_start__))
                0x00020000                        text_end = (ORIGIN (m_text) + LENGTH (m_text))
                0x00000001                        ASSERT ((__DATA_END <= text_end), region m_text overflowed with text and data)

.bss            0x200006d8    0x10598 load address 0x00016cc4
                0x200006d8                        . = ALIGN (0x4)
                0x200006d8                        __START_BSS = .
                0x200006d8                        __bss_start__ = .
 *(.bss)
 .bss           0x200006d8       0x10 build/obj/./main.o
                0x200006d8                loop_time_us
                0x200006dc                differing_reads
                0x200006e0                in_fault_state
                0x200006e4                last_fault_time_us
 .bss           0x200006e8      0x180 build/obj/./drivers/freescale/fsl_sdma.o
 .bss           0x20000868       0x28 build/obj/./drivers/freescale/fsl_debug_console.o
                0x2000088c                g_serialHandle
 .bss           0x20000890        0x4 build/obj/./drivers/freescale/fsl_component_serial_manager.o
 .bss           0x20000894       0x18 build/obj/./drivers/freescale/fsl_uart.o
                0x20000894                s_uartIsr
                0x20000898                s_uartHandle
 .bss           0x200008ac        0x4 build/obj/./drivers/freescale/fsl_sbrk.o
 .bss           0x200008b0       0x24 build/obj/./drivers/freescale/fsl_i2c.o
 .bss           0x200008d4       0x18 build/obj/./drivers/freescale/fsl_ecspi.o
 .bss           0x200008ec       0x10 build/obj/./drivers/freescale/fsl_pdm.o
 .bss           0x200008fc    0x10038 build/obj/./drivers/rpmsg/rpmsg_env_bm.o
 .bss           0x20010934        0xc build/obj/./drivers/rpmsg/rpmsg_platform.o
 *(.bss*)
 .bss.completed.1
                0x20010940        0x1 /home/chris/code-projects/zpmc/zpmc_tuv_demo/arm-toolchain/bin/../lib/gcc/arm-none-eabi/14.2.1/thumb/v7e-m+fp/hard/crtbegin.o
 *fill*         0x20010941        0x3 
 .bss.object.0  0x20010944       0x18 /home/chris/code-projects/zpmc/zpmc_tuv_demo/arm-toolchain/bin/../lib/gcc/arm-none-eabi/14.2.1/thumb/v7e-m+fp/hard/crtbegin.o
 .bss.__malloc_current_mallinfo
                0x2001095c       0x28 /home/chris/code-projects/zpmc/zpmc_tuv_demo/arm-toolchain/bin/../lib/gcc/arm-none-eabi/14.2.1/../../../../arm-none-eabi/lib/thumb/v7e-m+fp/hard/libg.a(libc_a-mallocr.o)
                0x2001095c                __malloc_current_mallinfo
 .bss.__malloc_max_total_mem
                0x20010984        0x4 /home/chris/code-projects/zpmc/zpmc_tuv_demo/arm-toolchain/bin/../lib/gcc/arm-none-eabi/14.2.1/../../../../arm-none-eabi/lib/thumb/v7e-m+fp/hard/libg.a(libc_a-mallocr.o)
                0x20010984                __malloc_max_total_mem
 .bss.__malloc_max_sbrked_mem
                0x20010988        0x4 /home/chris/code-projects/zpmc/zpmc_tuv_demo/arm-toolchain/bin/../lib/gcc/arm-none-eabi/14.2.1/../../../../arm-none-eabi/lib/thumb/v7e-m+fp/hard/libg.a(libc_a-mallocr.o)
                0x20010988                __malloc_max_sbrked_mem
 .bss.__malloc_top_pad
                0x2001098c        0x4 /home/chris/code-projects/zpmc/zpmc_tuv_demo/arm-toolchain/bin/../lib/gcc/arm-none-eabi/14.2.1/../../../../arm-none-eabi/lib/thumb/v7e-m+fp/hard/libg.a(libc_a-mallocr.o)
                0x2001098c                __malloc_top_pad
 .bss.__sf      0x20010990      0x138 /home/chris/code-projects/zpmc/zpmc_tuv_demo/arm-toolchain/bin/../lib/gcc/arm-none-eabi/14.2.1/../../../../arm-none-eabi/lib/thumb/v7e-m+fp/hard/libg.a(libc_a-findfp.o)
                0x20010990                __sf
 .bss.__stdio_exit_handler
                0x20010ac8        0x4 /home/chris/code-projects/zpmc/zpmc_tuv_demo/arm-toolchain/bin/../lib/gcc/arm-none-eabi/14.2.1/../../../../arm-none-eabi/lib/thumb/v7e-m+fp/hard/libg.a(libc_a-findfp.o)
                0x20010ac8                __stdio_exit_handler
 .bss.errno     0x20010acc        0x4 /home/chris/code-projects/zpmc/zpmc_tuv_demo/arm-toolchain/bin/../lib/gcc/arm-none-eabi/14.2.1/../../../../arm-none-eabi/lib/thumb/v7e-m+fp/hard/libg.a(libc_a-reent.o)
                0x20010acc                errno
 .bss.__lock___malloc_recursive_mutex
                0x20010ad0        0x1 /home/chris/code-projects/zpmc/zpmc_tuv_demo/arm-toolchain/bin/../lib/gcc/arm-none-eabi/14.2.1/../../../../arm-none-eabi/lib/thumb/v7e-m+fp/hard/libg.a(libc_a-lock.o)
                0x20010ad0                __lock___malloc_recursive_mutex
 *fill*         0x20010ad1        0x3 
 .bss.__lock___atexit_recursive_mutex
                0x20010ad4        0x1 /home/chris/code-projects/zpmc/zpmc_tuv_demo/arm-toolchain/bin/../lib/gcc/arm-none-eabi/14.2.1/../../../../arm-none-eabi/lib/thumb/v7e-m+fp/hard/libg.a(libc_a-lock.o)
                0x20010ad4                __lock___atexit_recursive_mutex
 *fill*         0x20010ad5        0x3 
 .bss.__lock___sfp_recursive_mutex
                0x20010ad8        0x1 /home/chris/code-projects/zpmc/zpmc_tuv_demo/arm-toolchain/bin/../lib/gcc/arm-none-eabi/14.2.1/../../../../arm-none-eabi/lib/thumb/v7e-m+fp/hard/libg.a(libc_a-lock.o)
                0x20010ad8                __lock___sfp_recursive_mutex
 *fill*         0x20010ad9        0x3 
 .bss.__atexit  0x20010adc        0x4 /home/chris/code-projects/zpmc/zpmc_tuv_demo/arm-toolchain/bin/../lib/gcc/arm-none-eabi/14.2.1/../../../../arm-none-eabi/lib/thumb/v7e-m+fp/hard/libg.a(libc_a-__call_atexit.o)
                0x20010adc                __atexit
 .bss.__atexit0
                0x20010ae0      0x190 /home/chris/code-projects/zpmc/zpmc_tuv_demo/arm-toolchain/bin/../lib/gcc/arm-none-eabi/14.2.1/../../../../arm-none-eabi/lib/thumb/v7e-m+fp/hard/libg.a(libc_a-__atexit.o)
                0x20010ae0                __atexit0
 *(COMMON)
                0x20010c70                        . = ALIGN (0x4)
                0x20010c70                        __bss_end__ = .
                0x20010c70                        __END_BSS = .

.heap           0x20010c70      0x400 load address 0x0002725c
                0x20010c70                        . = ALIGN (0x8)
                0x20010c70                        __end__ = .
                0x20010c70                        PROVIDE (end = .)
                0x20010c70                        __HeapBase = .
                0x20011070                        . = (. + HEAP_SIZE)
 *fill*         0x20010c70      0x400 