Archive member included to satisfy reference by file (symbol)

/home/chris/code-projects/zpmc/zpmc_tuv_demo/arm-toolchain/bin/../lib/gcc/arm-none-eabi/14.2.1/thumb/v7e-m+fp/hard/libgcc.a(_aeabi_uldivmod.o)
                              build/obj/./drivers/NXP/system_MIMX8ML8_cm7.o (__aeabi_uldivmod)
/home/chris/code-projects/zpmc/zpmc_tuv_demo/arm-toolchain/bin/../lib/gcc/arm-none-eabi/14.2.1/thumb/v7e-m+fp/hard/libgcc.a(_udivmoddi4.o)
                              /home/chris/code-projects/zpmc/zpmc_tuv_demo/arm-toolchain/bin/../lib/gcc/arm-none-eabi/14.2.1/thumb/v7e-m+fp/hard/libgcc.a(_aeabi_uldivmod.o) (__udivmoddi4)
/home/chris/code-projects/zpmc/zpmc_tuv_demo/arm-toolchain/bin/../lib/gcc/arm-none-eabi/14.2.1/thumb/v7e-m+fp/hard/libgcc.a(_dvmd_tls.o)
                              /home/chris/code-projects/zpmc/zpmc_tuv_demo/arm-toolchain/bin/../lib/gcc/arm-none-eabi/14.2.1/thumb/v7e-m+fp/hard/libgcc.a(_aeabi_uldivmod.o) (__aeabi_ldiv0)
/home/chris/code-projects/zpmc/zpmc_tuv_demo/arm-toolchain/bin/../lib/gcc/arm-none-eabi/14.2.1/../../../../arm-none-eabi/lib/thumb/v7e-m+fp/hard/libg.a(libc_a-exit.o)
                              /home/chris/code-projects/zpmc/zpmc_tuv_demo/arm-toolchain/bin/../lib/gcc/arm-none-eabi/14.2.1/../../../../arm-none-eabi/lib/thumb/v7e-m+fp/hard/crt0.o (exit)
/home/chris/code-projects/zpmc/zpmc_tuv_demo/arm-toolchain/bin/../lib/gcc/arm-none-eabi/14.2.1/../../../../arm-none-eabi/lib/thumb/v7e-m+fp/hard/libg.a(libc_a-malloc.o)
                              build/obj/./drivers/freescale/fsl_common.o (malloc)
/home/chris/code-projects/zpmc/zpmc_tuv_demo/arm-toolchain/bin/../lib/gcc/arm-none-eabi/14.2.1/../../../../arm-none-eabi/lib/thumb/v7e-m+fp/hard/libg.a(libc_a-mallocr.o)
                              /home/chris/code-projects/zpmc/zpmc_tuv_demo/arm-toolchain/bin/../lib/gcc/arm-none-eabi/14.2.1/../../../../arm-none-eabi/lib/thumb/v7e-m+fp/hard/libg.a(libc_a-malloc.o) (_malloc_r)
/home/chris/code-projects/zpmc/zpmc_tuv_demo/arm-toolchain/bin/../lib/gcc/arm-none-eabi/14.2.1/../../../../arm-none-eabi/lib/thumb/v7e-m+fp/hard/libg.a(libc_a-mlock.o)
                              /home/chris/code-projects/zpmc/zpmc_tuv_demo/arm-toolchain/bin/../lib/gcc/arm-none-eabi/14.2.1/../../../../arm-none-eabi/lib/thumb/v7e-m+fp/hard/libg.a(libc_a-mallocr.o) (__malloc_lock)
/home/chris/code-projects/zpmc/zpmc_tuv_demo/arm-toolchain/bin/../lib/gcc/arm-none-eabi/14.2.1/../../../../arm-none-eabi/lib/thumb/v7e-m+fp/hard/libg.a(libc_a-strtoul.o)
                              build/obj/./drivers/freescale/fsl_str.o (strtoul)
/home/chris/code-projects/zpmc/zpmc_tuv_demo/arm-toolchain/bin/../lib/gcc/arm-none-eabi/14.2.1/../../../../arm-none-eabi/lib/thumb/v7e-m+fp/hard/libg.a(libc_a-ctype_.o)
                              /home/chris/code-projects/zpmc/zpmc_tuv_demo/arm-toolchain/bin/../lib/gcc/arm-none-eabi/14.2.1/../../../../arm-none-eabi/lib/thumb/v7e-m+fp/hard/libg.a(libc_a-strtoul.o) (_ctype_)
/home/chris/code-projects/zpmc/zpmc_tuv_demo/arm-toolchain/bin/../lib/gcc/arm-none-eabi/14.2.1/../../../../arm-none-eabi/lib/thumb/v7e-m+fp/hard/libg.a(libc_a-findfp.o)
                              /home/chris/code-projects/zpmc/zpmc_tuv_demo/arm-toolchain/bin/../lib/gcc/arm-none-eabi/14.2.1/../../../../arm-none-eabi/lib/thumb/v7e-m+fp/hard/libg.a(libc_a-exit.o) (__stdio_exit_handler)
/home/chris/code-projects/zpmc/zpmc_tuv_demo/arm-toolchain/bin/../lib/gcc/arm-none-eabi/14.2.1/../../../../arm-none-eabi/lib/thumb/v7e-m+fp/hard/libg.a(libc_a-fwalk.o)
                              /home/chris/code-projects/zpmc/zpmc_tuv_demo/arm-toolchain/bin/../lib/gcc/arm-none-eabi/14.2.1/../../../../arm-none-eabi/lib/thumb/v7e-m+fp/hard/libg.a(libc_a-findfp.o) (_fwalk_sglue)
/home/chris/code-projects/zpmc/zpmc_tuv_demo/arm-toolchain/bin/../lib/gcc/arm-none-eabi/14.2.1/../../../../arm-none-eabi/lib/thumb/v7e-m+fp/hard/libg.a(libc_a-printf.o)
                              build/obj/./drivers/rpmsg/virtqueue.o (printf)
/home/chris/code-projects/zpmc/zpmc_tuv_demo/arm-toolchain/bin/../lib/gcc/arm-none-eabi/14.2.1/../../../../arm-none-eabi/lib/thumb/v7e-m+fp/hard/libg.a(libc_a-stdio.o)
                              /home/chris/code-projects/zpmc/zpmc_tuv_demo/arm-toolchain/bin/../lib/gcc/arm-none-eabi/14.2.1/../../../../arm-none-eabi/lib/thumb/v7e-m+fp/hard/libg.a(libc_a-findfp.o) (__sread)
/home/chris/code-projects/zpmc/zpmc_tuv_demo/arm-toolchain/bin/../lib/gcc/arm-none-eabi/14.2.1/../../../../arm-none-eabi/lib/thumb/v7e-m+fp/hard/libg.a(libc_a-memset.o)
                              /home/chris/code-projects/zpmc/zpmc_tuv_demo/arm-toolchain/bin/../lib/gcc/arm-none-eabi/14.2.1/../../../../arm-none-eabi/lib/thumb/v7e-m+fp/hard/crt0.o (memset)
/home/chris/code-projects/zpmc/zpmc_tuv_demo/arm-toolchain/bin/../lib/gcc/arm-none-eabi/14.2.1/../../../../arm-none-eabi/lib/thumb/v7e-m+fp/hard/libg.a(libc_a-strncmp.o)
                              build/obj/./drivers/rpmsg/rpmsg_env_bm.o (strncmp)
[...]
Memory Configuration

Name             Origin             Length             Attributes
m_interrupts     0x00000000         0x00000400         xr
m_text           0x00000400         0x0001fc00         xr
m_data           0x20000000         0x00020000         rw
m_data2          0x80000000         0x01000000         rw
*default*        0x00000000         0xffffffff

Linker script and memory map

LOAD /home/chris/code-projects/zpmc/zpmc_tuv_demo/arm-toolchain/bin/../lib/gcc/arm-none-eabi/14.2.1/thumb/v7e-m+fp/hard/crti.o
LOAD /home/chris/code-projects/zpmc/zpmc_tuv_demo/arm-toolchain/bin/../lib/gcc/arm-none-eabi/14.2.1/thumb/v7e-m+fp/hard/crtbegin.o
LOAD /home/chris/code-projects/zpmc/zpmc_tuv_demo/arm-toolchain/bin/../lib/gcc/arm-none-eabi/14.2.1/../../../../arm-none-eabi/lib/thumb/v7e-m+fp/hard/crt0.o
LOAD build/obj/./main.o
LOAD build/obj/./drivers/NXP/system_MIMX8ML8_cm7.o
LOAD build/obj/./drivers/freescale/fsl_sdma.o
LOAD build/obj/./drivers/freescale/fsl_asrc.o
LOAD build/obj/./drivers/freescale/fsl_rdc.o
LOAD build/obj/./drivers/freescale/fsl_ecspi_cmsis.o
LOAD build/obj/./drivers/freescale/fsl_wdog.o
LOAD build/obj/./drivers/freescale/fsl_gpc.o
LOAD build/obj/./drivers/freescale/fsl_clock.o
LOAD build/obj/./drivers/freescale/fsl_debug_console.o
LOAD build/obj/./drivers/freescale/fsl_gpt.o
LOAD build/obj/./drivers/freescale/fsl_common.o
LOAD build/obj/./drivers/freescale/fsl_adapter_iuart.o
LOAD build/obj/./drivers/freescale/fsl_component_serial_manager.o
LOAD build/obj/./drivers/freescale/fsl_uart.o
LOAD build/obj/./drivers/freescale/fsl_cache.o
LOAD build/obj/./drivers/freescale/fsl_str.o
LOAD build/obj/./drivers/freescale/fsl_sbrk.o
LOAD build/obj/./drivers/freescale/fsl_component_serial_port_uart.o
LOAD build/obj/./drivers/freescale/fsl_i2c.o
LOAD build/obj/./drivers/freescale/fsl_assert.o
LOAD build/obj/./drivers/freescale/fsl_i2c_cmsis.o
LOAD build/obj/./drivers/freescale/fsl_mu.o
LOAD build/obj/./drivers/freescale/fsl_tmu.o
LOAD build/obj/./drivers/freescale/fsl_common_arm.o
LOAD build/obj/./drivers/freescale/fsl_ecspi.o
LOAD build/obj/./drivers/freescale/fsl_pdm_sdma.o
LOAD build/obj/./drivers/freescale/fsl_gpio.o
LOAD build/obj/./drivers/freescale/fsl_uart_cmsis.o
LOAD build/obj/./drivers/freescale/fsl_pdm.o
LOAD build/obj/./drivers/freescale/fsl_uart_sdma.o
LOAD build/obj/./drivers/freescale/fsl_asrc_sdma.o
LOAD build/obj/./drivers/rpmsg/virtqueue.o
LOAD build/obj/./drivers/rpmsg/llist.o
LOAD build/obj/./drivers/rpmsg/rpmsg_lite.o
LOAD build/obj/./drivers/rpmsg/rpmsg_queue.o
LOAD build/obj/./drivers/rpmsg/rpmsg_ns.o
LOAD build/obj/./drivers/rpmsg/rpmsg_env_bm.o
LOAD build/obj/./drivers/rpmsg/rpmsg_platform.o
LOAD build/obj/./drivers/NXP/startup_MIMX8ML8_cm7.o
LOAD build/obj/./drivers/freescale/fsl_memcpy.o
START GROUP
LOAD /home/chris/code-projects/zpmc/zpmc_tuv_demo/arm-toolchain/bin/../lib/gcc/arm-none-eabi/14.2.1/thumb/v7e-m+fp/hard/libgcc.a
LOAD /home/chris/code-projects/zpmc/zpmc_tuv_demo/arm-toolchain/bin/../lib/gcc/arm-none-eabi/14.2.1/../../../../arm-none-eabi/lib/thumb/v7e-m+fp/hard/libg.a
LOAD /home/chris/code-projects/zpmc/zpmc_tuv_demo/arm-toolchain/bin/../lib/gcc/arm-none-eabi/14.2.1/../../../../arm-none-eabi/lib/thumb/v7e-m+fp/hard/libc.a
END GROUP
START GROUP
LOAD /home/chris/code-projects/zpmc/zpmc_tuv_demo/arm-toolchain/bin/../lib/gcc/arm-none-eabi/14.2.1/thumb/v7e-m+fp/hard/libgcc.a
LOAD /home/chris/code-projects/zpmc/zpmc_tuv_demo/arm-toolchain/bin/../lib/gcc/arm-none-eabi/14.2.1/../../../../arm-none-eabi/lib/thumb/v7e-m+fp/hard/libc.a
LOAD /home/chris/code-projects/zpmc/zpmc_tuv_demo/arm-toolchain/bin/../lib/gcc/arm-none-eabi/14.2.1/../../../../arm-none-eabi/lib/thumb/v7e-m+fp/hard/libnosys.a
END GROUP
LOAD /home/chris/code-projects/zpmc/zpmc_tuv_demo/arm-toolchain/bin/../lib/gcc/arm-none-eabi/14.2.1/thumb/v7e-m+fp/hard/crtend.o
LOAD /home/chris/code-projects/zpmc/zpmc_tuv_demo/arm-toolchain/bin/../lib/gcc/arm-none-eabi/14.2.1/thumb/v7e-m+fp/hard/crtn.o
                0x00000400                        HEAP_SIZE = DEFINED (__heap_size__)?__heap_size__:0x400
                0x00000400                        STACK_SIZE = DEFINED (__stack_size__)?__stack_size__:0x400

.interrupts     0x00000000      0x2a8
                0x00000000                        __VECTOR_TABLE = .
                0x00000000                        __Vectors = .
                0x00000000                        . = ALIGN (0x4)
 *(.isr_vector)
 .isr_vector    0x00000000      0x2a8 build/obj/./drivers/NXP/startup_MIMX8ML8_cm7.o
                0x00000000                __isr_vector
                0x000002a8                        . = ALIGN (0x4)

.resource_table
                0x00000400        0x0
                0x00000400                        . = ALIGN (0x8)
 *(.resource_table)
                0x00000400                        . = ALIGN (0x8)

.text           0x00000400    0x16298
                0x00000400                        . = ALIGN (0x4)
 *(.text)
 .text          0x00000400       0x7c /home/chris/code-projects/zpmc/zpmc_tuv_demo/arm-toolchain/bin/../lib/gcc/arm-none-eabi/14.2.1/../../../../arm-none-eabi/lib/thumb/v7e-m+fp/hard/crt0.o
                0x00000400                _stack_init
                0x00000408                _mainCRTStartup
                0x00000408                _start
 .text          0x0000047c      0xdd8 build/obj/./main.o
                0x00000624                enter_fatal_state
                0x00000648                enter_fault_state
                0x00000688                reset_fault_state
                0x000006b8                main
                0x000008f4                gpt1_init
                0x0000093c                gpt1_timeout_reached
                0x00000968                gpio_read
                0x000009a8                gpio_write
                0x00000a0c                gpio_init
                0x00000a76                gpio_init_all
                0x00000ac0                spi2_master_init
                0x00000b30                spi2_master_start_transfer
                0x00000b90                spi2_master_finish_transfer
                0x00000bf0                spi2_master_transfer_blocking
                0x00000c42                spi2_clear_buffers
                0x00000c70                init_memory
                0x00000f78                init_rdc
                0x00001048                init_pinmux
                0x00001184                run_clocks
 .text          0x00001254      0x37c build/obj/./drivers/NXP/system_MIMX8ML8_cm7.o
                0x00001254                GetFracPllFreq
                0x0000139c                GetIntegerPllFreq
                0x00001498                SystemInit
                0x000014b8                SystemCoreClockUpdate
                0x000015c0                SystemInitHook
 .text          0x000015d0     0x1a70 build/obj/./drivers/freescale/fsl_sdma.o
                0x00001b94                SDMA_LoadScript
                0x00001c34                SDMA_DumpScript
                0x00001cd4                SDMA_IsPeripheralInSPBA
                0x00001d84                SDMA_Init
                0x00001edc                SDMA_Deinit
                0x00001f0c                SDMA_GetDefaultConfig
                0x00001f50                SDMA_ResetModule
                0x00001fe8                SDMA_ConfigBufferDescriptor
                0x000020b8                SDMA_SetContextSwitchMode
                0x000020e8                SDMA_GetRequestSourceStatus
                0x00002148                SDMA_CreateHandle
                0x00002260                SDMA_InstallBDMemory
                0x0000230c                SDMA_SetCallback
                0x0000234c                SDMA_SetMultiFifoConfig
                0x000023c4                SDMA_EnableSwDone
                0x0000242c                SDMA_SetDoneConfig
                0x00002548                SDMA_PrepareTransfer
                0x0000273c                SDMA_PrepareP2PTransfer
                0x0000298c                SDMA_SubmitTransfer
                0x00002c14                SDMA_StartTransfer
                0x00002ccc                SDMA_StopTransfer
                0x00002d10                SDMA_AbortTransfer
                0x00002dcc                SDMA_GetTransferredBytes
                0x00002e28                SDMA_HandleIRQ
                0x00002edc                SDMA1_DriverIRQHandler
                0x00002f50                SDMA2_DriverIRQHandler
                0x00002fc8                SDMA3_DriverIRQHandler
 .text          0x00003040      0x3c0 build/obj/./drivers/freescale/fsl_rdc.o
                0x00003040                RDC_GetInstance
                0x00003094                RDC_Init
                0x000030b8                RDC_Deinit
                0x000030dc                RDC_GetHardwareConfig
                0x00003118                RDC_SetMasterDomainAssignment
                0x00003160                RDC_GetDefaultMasterDomainAssignment
                0x00003198                RDC_SetPeriphAccessConfig
                0x0000320c                RDC_GetDefaultPeriphAccessConfig
                0x00003258                RDC_SetMemAccessConfig
                0x0000330c                RDC_GetDefaultMemAccessConfig
                0x00003370                RDC_GetMemViolationStatus
 .text          0x00003400     0x1588 build/obj/./drivers/freescale/fsl_clock.o
                0x00003592                CLOCK_GetFreq
                0x00003838                CLOCK_GetClockRootFreq
                0x000038f4                CLOCK_GetCoreM7Freq
                0x000039d4                CLOCK_GetAxiFreq
                0x00003ab0                CLOCK_GetAhbFreq
                0x00003b90                CLOCK_GetEnetAxiFreq
                0x00003c78                CLOCK_GetPllRefClkFreq
                0x00003cf0                CLOCK_GetPllFreq
                0x00003e7c                CLOCK_InitArmPll
                0x00003ef0                CLOCK_DeinitArmPll
                0x00003f08                CLOCK_InitAudioPll1
                0x00003f70                CLOCK_DeinitAudioPll1
                0x00003f84                CLOCK_InitAudioPll2
                0x00003ff8                CLOCK_DeinitAudioPll2
                0x00004010                CLOCK_InitVideoPll1
                0x00004084                CLOCK_DeinitVideoPll1
                0x0000409c                CLOCK_InitSysPll1
                0x00004110                CLOCK_DeinitSysPll1
                0x00004128                CLOCK_InitSysPll2
                0x0000419c                CLOCK_DeinitSysPll2
                0x000041b4                CLOCK_InitSysPll3
                0x00004228                CLOCK_DeinitSysPll3
                0x00004240                CLOCK_InitFracPll
                0x000043a0                CLOCK_GetFracPllFreq
                0x000044e4                CLOCK_InitIntegerPll
                0x00004630                CLOCK_GetIntegerPllFreq
                0x0000473c                CLOCK_SetRootDivider
                0x000047bc                CLOCK_UpdateRoot
                0x00004848                CLOCK_EnableClock
                0x000048e8                CLOCK_DisableClock
 .text          0x00004988      0x5fc build/obj/./drivers/freescale/fsl_debug_console.o
                0x00004988                DbgConsole_ReadOneCharacter
                0x000049cc                DbgConsole_SendData
                0x00004a0c                DbgConsole_SendDataReliable
                0x00004a60                DbgConsole_ReadLine
                0x00004b08                DbgConsole_ReadCharacter
                0x00004bb2                DbgConsole_Init
                0x00004cdc                DbgConsole_EnterLowpower
                0x00004d0c                DbgConsole_ExitLowpower
                0x00004d3c                DbgConsole_Deinit
                0x00004da0                DbgConsole_Flush
                0x00004db0                DbgConsole_Printf
                0x00004ddc                DbgConsole_Vprintf
                0x00004e44                DbgConsole_Putchar
                0x00004e60                DbgConsole_Scanf
                0x00004ea6                DbgConsole_BlockingPrintf
                0x00004ed2                DbgConsole_BlockingVprintf
                0x00004f58                DbgConsole_Getchar
 .text          0x00004f84      0x304 build/obj/./drivers/freescale/fsl_adapter_iuart.o
                0x00004fa6                HAL_UartInit
                0x000050c4                HAL_UartDeinit
                0x00005110                HAL_UartReceiveBlocking
                0x0000519c                HAL_UartSendBlocking
                0x00005220                HAL_UartEnterLowpower
                0x00005254                HAL_UartExitLowpower
 .text          0x00005288      0x41c build/obj/./drivers/freescale/fsl_component_serial_manager.o
                0x000053c2                SerialManager_Init
                0x00005422                SerialManager_Deinit
                0x0000547c                SerialManager_OpenWriteHandle
                0x000054cc                SerialManager_CloseWriteHandle
                0x0000551c                SerialManager_OpenReadHandle
                0x0000557c                SerialManager_CloseReadHandle
                0x000055cc                SerialManager_WriteBlocking
                0x000055ec                SerialManager_ReadBlocking
                0x0000560c                SerialManager_EnterLowpower
                0x00005648                SerialManager_ExitLowpower
                0x00005684                SerialManager_SetLowpowerCriticalCb
 .text          0x000056a4     0x1c98 build/obj/./drivers/freescale/fsl_uart.o
                0x00005904                UART_GetInstance
                0x00005964                UART_TransferGetRxRingBufferLength
                0x00005a1c                UART_Init
                0x00005bbc                UART_Deinit
                0x00005bfc                UART_GetDefaultConfig
                0x00005c80                UART_SetBaudRate
                0x00006030                UART_EnableInterrupts
                0x000061f4                UART_DisableInterrupts
                0x000063c0                UART_GetEnabledInterrupts
                0x000065a0                UART_GetStatusFlag
                0x000065dc                UART_ClearStatusFlag
                0x00006618                UART_WriteBlocking
                0x00006688                UART_ReadBlocking
                0x00006814                UART_TransferCreateHandle
                0x000068a8                UART_TransferStartRingBuffer
                0x0000691c                UART_TransferStopRingBuffer
                0x00006980                UART_TransferSendNonBlocking
                0x00006a44                UART_TransferAbortSend
                0x00006a8c                UART_TransferGetSendCount
                0x00006af8                UART_TransferReceiveNonBlocking
                0x00006cbc                UART_TransferAbortReceive
                0x00006d10                UART_TransferGetReceiveCount
                0x00006d88                UART_TransferHandleIRQ
                0x0000729c                UART1_DriverIRQHandler
                0x000072c4                UART2_DriverIRQHandler
                0x000072ec                UART3_DriverIRQHandler
                0x00007314                UART4_DriverIRQHandler
 .text          0x0000733c      0xc24 build/obj/./drivers/freescale/fsl_str.o
                0x00007740                StrFormatPrintf
                0x00007c7a                StrFormatScanf
 .text          0x00007f60       0x68 build/obj/./drivers/freescale/fsl_sbrk.o
                0x00007f60                _sbrk
 .text          0x00007fc8      0x132 build/obj/./drivers/freescale/fsl_component_serial_port_uart.o
                0x00007fc8                Serial_UartInit
                0x00008006                Serial_UartDeinit
                0x0000802a                Serial_UartWrite
                0x00008062                Serial_UartRead
                0x0000809a                Serial_UartEnterLowpower
                0x000080c8                Serial_UartExitLowpower
 *fill*         0x000080fa        0x2 
 .text          0x000080fc     0x1790 build/obj/./drivers/freescale/fsl_i2c.o
                0x000086b4                I2C_MasterInit
                0x00008754                I2C_MasterDeinit
                0x00008784                I2C_MasterGetDefaultConfig
                0x000087d0                I2C_EnableInterrupts
                0x00008800                I2C_DisableInterrupts
                0x00008830                I2C_MasterSetBaudRate
                0x000088bc                I2C_MasterStart
                0x00008920                I2C_MasterRepeatedStart
                0x00008992                I2C_MasterStop
                0x000089c8                I2C_MasterWriteBlocking
                0x00008ad0                I2C_MasterReadBlocking
                0x00008bce                I2C_MasterTransferBlocking
                0x00008e2c                I2C_MasterTransferCreateHandle
                0x00008eb0                I2C_MasterTransferNonBlocking
                0x00008f2c                I2C_MasterTransferAbort
                0x00009008                I2C_MasterTransferGetCount
                0x00009058                I2C_MasterTransferHandleIRQ
                0x00009124                I2C_SlaveInit
                0x000091a4                I2C_SlaveDeinit
                0x000091d4                I2C_SlaveGetDefaultConfig
                0x00009214                I2C_SlaveWriteBlocking
                0x00009282                I2C_SlaveReadBlocking
                0x00009324                I2C_SlaveTransferCreateHandle
                0x000093a8                I2C_SlaveTransferNonBlocking
                0x00009424                I2C_SlaveTransferAbort
                0x0000947c                I2C_SlaveTransferGetCount
                0x000094d8                I2C_SlaveTransferHandleIRQ
                0x000097e2                I2C1_DriverIRQHandler
                0x00009800                I2C2_DriverIRQHandler
                0x0000981c                I2C3_DriverIRQHandler
                0x00009838                I2C4_DriverIRQHandler
                0x00009854                I2C5_DriverIRQHandler
                0x00009870                I2C6_DriverIRQHandler
 .text          0x0000988c       0x28 build/obj/./drivers/freescale/fsl_assert.o
                0x0000988c                __assert_func
 .text          0x000098b4      0x1e0 build/obj/./drivers/freescale/fsl_mu.o
                0x00009940                MU_Init
                0x00009960                MU_Deinit
                0x00009980                MU_SendMsg
                0x000099d4                MU_ReceiveMsg
                0x00009a24                MU_SetFlags
                0x00009a4c                MU_TriggerInterrupts
 .text          0x00009a94      0x140 build/obj/./drivers/freescale/fsl_common_arm.o
                0x00009a94                MSDK_EnableCpuCycleCounter
                0x00009afc                MSDK_GetCpuCycleCount
                0x00009b34                SDK_DelayAtLeastUs
 .text          0x00009bd4     0x104c build/obj/./drivers/freescale/fsl_ecspi.o
                0x00009de0                ECSPI_GetInstance
                0x0000a03e                ECSPI_MasterGetDefaultConfig
                0x0000a0a4                ECSPI_MasterInit
                0x0000a180                ECSPI_SlaveGetDefaultConfig
                0x0000a1c2                ECSPI_SlaveInit
                0x0000a258                ECSPI_Deinit
                0x0000a28c                ECSPI_SetBaudRate
                0x0000a388                ECSPI_SetChannelConfig
                0x0000a544                ECSPI_WriteBlocking
                0x0000a638                ECSPI_MasterTransferCreateHandle
                0x0000a6c8                ECSPI_MasterTransferBlocking
                0x0000a7c8                ECSPI_MasterTransferNonBlocking
                0x0000a898                ECSPI_MasterTransferGetCount
                0x0000a908                ECSPI_MasterTransferAbort
                0x0000a968                ECSPI_MasterTransferHandleIRQ
                0x0000aa18                ECSPI_SlaveTransferCreateHandle
                0x0000aa68                ECSPI_SlaveTransferHandleIRQ
                0x0000ab60                ECSPI1_DriverIRQHandler
                0x0000aba0                ECSPI2_DriverIRQHandler
                0x0000abe0                ECSPI3_DriverIRQHandler
 .text          0x0000ac20     0x110c build/obj/./drivers/freescale/fsl_pdm.o
                0x0000aed0                PDM_GetInstance
                0x0000af24                PDM_ReadFifo
                0x0000b0ac                PDM_SetSampleRateConfig
                0x0000b140                PDM_SetSampleRate
                0x0000b210                PDM_Init
                0x0000b2e0                PDM_Deinit
                0x0000b30c                PDM_EnableInterrupts
                0x0000b352                PDM_SetChannelConfig
                0x0000b3f4                PDM_SetChannelGain
                0x0000b458                PDM_TransferSetChannelConfig
                0x0000b4d4                PDM_TransferCreateHandle
                0x0000b560                PDM_TransferReceiveNonBlocking
                0x0000b630                PDM_TransferAbortReceive
                0x0000b69c                PDM_TransferHandleIRQ
                0x0000b87c                PDM_SetHwvadInEnvelopeBasedMode
                0x0000b938                PDM_SetHwvadInEnergyBasedMode
                0x0000b9c0                PDM_SetHwvadConfig
                0x0000ba78                PDM_SetHwvadSignalFilterConfig
                0x0000bac8                PDM_SetHwvadNoiseFilterConfig
                0x0000bb40                PDM_SetHwvadZeroCrossDetectorConfig
                0x0000bbc8                PDM_EnableHwvadInterruptCallback
                0x0000bc60                PDM_HWVAD_EVENT_DriverIRQHandler
                0x0000bca8                PDM_HWVAD_ERROR_DriverIRQHandler
                0x0000bce0                PDM_EVENT_DriverIRQHandler
 .text          0x0000bd2c      0x854 build/obj/./drivers/rpmsg/virtqueue.o
                0x0000be00                virtqueue_create
                0x0000bec4                virtqueue_add_buffer
                0x0000beee                virtqueue_fill_avail_buffers
                0x0000bf5c                virtqueue_get_buffer
                0x0000bff8                virtqueue_get_buffer_length
                0x0000c01c                virtqueue_free
                0x0000c04c                virtqueue_get_available_buffer
                0x0000c0d8                virtqueue_add_consumed_buffer
                0x0000c110                virtqueue_fill_used_buffers
                0x0000c158                virtqueue_enable_cb
                0x0000c172                virtqueue_disable_cb
                0x0000c1ca                virtqueue_kick
                0x0000c1f8                virtqueue_dump
                0x0000c280                virtqueue_get_desc_size
                0x0000c32c                vq_ring_init
                0x0000c4a0                virtqueue_notification
 .text          0x0000c580      0x578 build/obj/./drivers/rpmsg/rpmsg_env_bm.o
                0x0000c588                env_wait_for_link_up
                0x0000c5ac                env_tx_callback
                0x0000c5c0                env_init
                0x0000c610                env_deinit
                0x0000c654                env_allocate_memory
                0x0000c69c                env_free_memory
                0x0000c6b0                env_memset
                0x0000c6ce                env_memcpy
                0x0000c6ec                env_strcmp
                0x0000c708                env_strncpy
                0x0000c726                env_strncmp
                0x0000c746                env_mb
                0x0000c758                env_rmb
                0x0000c76a                env_wmb
                0x0000c77c                env_map_vatopa
                0x0000c794                env_map_patova
                0x0000c7ac                env_create_mutex
                0x0000c7ca                env_delete_mutex
                0x0000c7de                env_lock_mutex
                0x0000c7f2                env_unlock_mutex
                0x0000c806                env_sleep_msec
                0x0000c81c                env_register_isr
                0x0000c84c                env_unregister_isr
                0x0000c87c                env_enable_interrupt
                0x0000c892                env_disable_interrupt
                0x0000c8a8                env_map_memory
                0x0000c8ca                env_disable_cache
                0x0000c8da                env_isr
                0x0000c914                env_create_queue
                0x0000c980                env_delete_queue
                0x0000c9a4                env_put_queue
                0x0000ca3e                env_get_queue
                0x0000cad4                env_get_current_queue_size
 .text          0x0000caf8      0x4a8 build/obj/./drivers/rpmsg/rpmsg_platform.o
                0x0000ccb2                platform_init_interrupt
                0x0000cd18                platform_deinit_interrupt
                0x0000cd78                platform_notify
                0x0000cdb4                MU1_M7_IRQHandler
                0x0000cdf4                platform_time_delay
                0x0000ce38                platform_in_isr
                0x0000ce5c                platform_interrupt_enable
                0x0000cea0                platform_interrupt_disable
                0x0000cee4                platform_map_mem_region
                0x0000cefe                platform_cache_all_flush_invalidate
                0x0000cf0c                platform_cache_disable
                0x0000cf1a                platform_vatopa
                0x0000cf30                platform_patova
                0x0000cf46                platform_init
                0x0000cf80                platform_deinit
 .text          0x0000cfa0      0x588 build/obj/./drivers/NXP/startup_MIMX8ML8_cm7.o
                0x0000cfa0                Reset_Handler
                0x0000d02c                VPU_G2_DriverIRQHandler
                0x0000d02c                PWM2_DriverIRQHandler
                0x0000d02c                CAAM_ERROR_DriverIRQHandler
                0x0000d02c                DebugMon_Handler
                0x0000d02c                EDMA1_0_15_DriverIRQHandler
                0x0000d02c                CPU_Error_AXI_DriverIRQHandler
                0x0000d02c                BCH_DriverIRQHandler
                0x0000d02c                VPU_G1_DriverIRQHandler
                0x0000d02c                SNVS_Consolidated_DriverIRQHandler
                0x0000d02c                MIPI_CSI1_DriverIRQHandler
                0x0000d02c                MECC_ERR_DriverIRQHandler
                0x0000d02c                PWM4_DriverIRQHandler
                0x0000d02c                LCDIF1_DriverIRQHandler
                0x0000d02c                RDC_DriverIRQHandler
                0x0000d02c                GPIO3_Combined_0_15_DriverIRQHandler
                0x0000d02c                USB2_WAKEUP_DriverIRQHandler
                0x0000d02c                DDR_ERR_DriverIRQHandler
                0x0000d02c                I2S2_DriverIRQHandler
                0x0000d02c                HS_CP0_DriverIRQHandler
                0x0000d02c                GPMI_DriverIRQHandler
                0x0000d02c                MU3_AUDIO_DriverIRQHandler
                0x0000d02c                ISI_DriverIRQHandler
                0x0000d02c                ENET_QOS_PMT_DriverIRQHandler
                0x0000d02c                MIPI_CSI2_DriverIRQHandler
                0x0000d02c                GPIO2_Combined_16_31_DriverIRQHandler
                0x0000d02c                PERFMON1_DriverIRQHandler
                0x0000d02c                UsageFault_Handler
                0x0000d02c                SCTR_IRQ0_DriverIRQHandler
                0x0000d02c                CAAM_IRQ0_DriverIRQHandler
                0x0000d02c                DDR_PerformanceMonitor_DriverIRQHandler
                0x0000d02c                DefaultISR
                0x0000d02c                CPU_PerformanceUnit_DriverIRQHandler
                0x0000d02c                CAN_FD1_DriverIRQHandler
                0x0000d02c                CPU_Error_L2RAM_DriverIRQHandler
                0x0000d02c                I2S3_DriverIRQHandler
                0x0000d02c                SRC_DriverIRQHandler
                0x0000d02c                GPIO1_INT4_DriverIRQHandler
                0x0000d02c                HS_CP1_DriverIRQHandler
                0x0000d02c                USDHC1_DriverIRQHandler
                0x0000d02c                WDOG1_DriverIRQHandler
                0x0000d02c                GPIO1_Combined_16_31_DriverIRQHandler
                0x0000d02c                GPIO1_INT7_DriverIRQHandler
                0x0000d02c                MIPI_DSI_DriverIRQHandler
                0x0000d02c                TZASC_DriverIRQHandler
                0x0000d02c                GPIO5_Combined_0_15_DriverIRQHandler
                0x0000d02c                GPIO1_INT0_DriverIRQHandler
                0x0000d02c                GPIO1_INT2_DriverIRQHandler
                0x0000d02c                GPU2D_DriverIRQHandler
                0x0000d02c                RTIC_DriverIRQHandler
                0x0000d02c                CAN_FD1_ERROR_DriverIRQHandler
                0x0000d02c                EDMA1_ERR_DriverIRQHandler
                0x0000d02c                GPT2_DriverIRQHandler
                0x0000d02c                SCTR_IRQ1_DriverIRQHandler
                0x0000d02c                VPU_DriverIRQHandler
                0x0000d02c                I2S1_DriverIRQHandler
                0x0000d02c                SNVS_Security_DriverIRQHandler
                0x0000d02c                I2S7_DriverIRQHandler
                0x0000d02c                AUD2HTX_DriverIRQHandler
                0x0000d02c                PCIE_EDMA_DriverIRQHandler
                0x0000d02c                PDM_ERROR_DriverIRQHandler
                0x0000d02c                I2S56_DriverIRQHandler
                0x0000d02c                ML_DriverIRQHandler
                0x0000d02c                SJC_DriverIRQHandler
                0x0000d02c                CAAM_IRQ1_DriverIRQHandler
                0x0000d02c                PCIE_CTRL1_2_DriverIRQHandler
                0x0000d02c                PERFMON2_DriverIRQHandler
                0x0000d02c                GPT6_DriverIRQHandler
                0x0000d02c                EDMA1_16_31_DriverIRQHandler
                0x0000d02c                GPT5_DriverIRQHandler
                0x0000d02c                DDR_DriverIRQHandler
                0x0000d02c                GPT1_DriverIRQHandler
                0x0000d02c                CAAM_IRQ2_DriverIRQHandler
                0x0000d02c                SNVS_DriverIRQHandler
                0x0000d02c                CSU_DriverIRQHandler
                0x0000d02c                USDHC3_DriverIRQHandler
                0x0000d02c                GPIO1_INT5_DriverIRQHandler
                0x0000d02c                QOS_DriverIRQHandler
                0x0000d02c                HDMI_TX_DriverIRQHandler
                0x0000d02c                FlexSPI_DriverIRQHandler
                0x0000d02c                DEWARP_DriverIRQHandler
                0x0000d02c                GPIO1_Combined_0_15_DriverIRQHandler
                0x0000d02c                USDHC2_DriverIRQHandler
                0x0000d02c                WDOG3_DriverIRQHandler
                0x0000d02c                MemManage_Handler
                0x0000d02c                USB1_WAKEUP_DriverIRQHandler
                0x0000d02c                USB1_DriverIRQHandler
                0x0000d02c                GPIO3_Combined_16_31_DriverIRQHandler
                0x0000d02c                AUDIO_XCVR1_DriverIRQHandler
                0x0000d02c                PWM1_DriverIRQHandler
                0x0000d02c                MU3_M7_DriverIRQHandler
                0x0000d02c                PCIE_CTRL1_3_DriverIRQHandler
                0x0000d02c                GPT4_DriverIRQHandler
                0x0000d02c                MU2_A53_DriverIRQHandler
                0x0000d02c                AUDIO_XCVR_DriverIRQHandler
                0x0000d02c                CM7_CTI_DriverIRQHandler
                0x0000d02c                DAP_DriverIRQHandler
                0x0000d02c                Reserved16_DriverIRQHandler
                0x0000d02c                ENET_QOS_DriverIRQHandler
                0x0000d02c                ENET1_DriverIRQHandler
                0x0000d02c                ISP2_DriverIRQHandler
                0x0000d02c                GPIO1_INT3_DriverIRQHandler
                0x0000d02c                MECC_DriverIRQHandler
                0x0000d02c                MECC_S_DriverIRQHandler
                0x0000d02c                PCIE_CTRL1_1_DriverIRQHandler
                0x0000d02c                APBHDMA_DriverIRQHandler
                0x0000d02c                ENET1_MAC0_Rx_Tx_Done1_DriverIRQHandler
                0x0000d02c                GPC_DriverIRQHandler
                0x0000d02c                GPIO2_Combined_0_15_DriverIRQHandler
                0x0000d02c                GPT3_DriverIRQHandler
                0x0000d02c                CAN_FD2_DriverIRQHandler
                0x0000d02c                CCM_IRQ2_DriverIRQHandler
                0x0000d02c                PCIE_CTRL1_0_DriverIRQHandler
                0x0000d02c                LCDIF2_DriverIRQHandler
                0x0000d02c                WDOG2_DriverIRQHandler
                0x0000d02c                ANAMIX_DriverIRQHandler
                0x0000d02c                MECC_S_ERR_DriverIRQHandler
                0x0000d02c                USB2_DriverIRQHandler
                0x0000d02c                GPIO4_Combined_0_15_DriverIRQHandler
                0x0000d02c                GPIO4_Combined_16_31_DriverIRQHandler
                0x0000d02c                ISP1_DriverIRQHandler
                0x0000d02c                GPIO5_Combined_16_31_DriverIRQHandler
                0x0000d02c                PCIE_CTRL1_ERR_DriverIRQHandler
                0x0000d02c                ASRC_DriverIRQHandler
                0x0000d02c                CAN_FD2_ERROR_DriverIRQHandler
                0x0000d02c                BusFault_Handler
                0x0000d02c                ENET1_1588_Timer_DriverIRQHandler
                0x0000d02c                GPU3D_DriverIRQHandler
                0x0000d02c                PCIE_CTRL1_DriverIRQHandler
                0x0000d02c                CCM_IRQ1_DriverIRQHandler
                0x0000d02c                ENET1_MAC0_Rx_Tx_Done2_DriverIRQHandler
                0x0000d02c                CPU_CTI_Trigger_DriverIRQHandler
                0x0000d02c                MU1_M7_DriverIRQHandler
                0x0000d02c                MU2_AUDIO_DriverIRQHandler
                0x0000d02c                PWM3_DriverIRQHandler
                0x0000d02c                AUDIO_XCVR0_DriverIRQHandler
                0x0000d02c                GPIO1_INT6_DriverIRQHandler
                0x0000d02c                GPIO1_INT1_DriverIRQHandler
                0x0000d02c                ISI_CH1_DriverIRQHandler
                0x0000d02c                SRC_Combined_DriverIRQHandler
                0x0000d02c                MU1_A53_DriverIRQHandler
                0x0000d030                NMI_Handler
                0x0000d034                HardFault_Handler
                0x0000d038                SVC_Handler
                0x0000d03c                PendSV_Handler
                0x0000d040                SysTick_Handler
                0x0000d044                Reserved16_IRQHandler
                0x0000d048                DAP_IRQHandler
                0x0000d04c                SDMA1_IRQHandler
                0x0000d050                GPU3D_IRQHandler
                0x0000d054                SNVS_IRQHandler
                0x0000d058                LCDIF1_IRQHandler
                0x0000d05c                LCDIF2_IRQHandler
                0x0000d060                VPU_G1_IRQHandler
                0x0000d064                VPU_G2_IRQHandler
                0x0000d068                QOS_IRQHandler
                0x0000d06c                WDOG3_IRQHandler
                0x0000d070                HS_CP1_IRQHandler
                0x0000d074                APBHDMA_IRQHandler
                0x0000d078                ML_IRQHandler
                0x0000d07c                BCH_IRQHandler
                0x0000d080                GPMI_IRQHandler
                0x0000d084                ISI_IRQHandler
                0x0000d088                MIPI_CSI1_IRQHandler
                0x0000d08c                MIPI_DSI_IRQHandler
                0x0000d090                SNVS_Consolidated_IRQHandler
                0x0000d094                SNVS_Security_IRQHandler
                0x0000d098                CSU_IRQHandler
                0x0000d09c                USDHC1_IRQHandler
                0x0000d0a0                USDHC2_IRQHandler
                0x0000d0a4                USDHC3_IRQHandler
                0x0000d0a8                GPU2D_IRQHandler
                0x0000d0ac                UART1_IRQHandler
                0x0000d0b0                UART2_IRQHandler
                0x0000d0b4                UART3_IRQHandler
                0x0000d0b8                UART4_IRQHandler
                0x0000d0bc                VPU_IRQHandler
                0x0000d0c0                ECSPI1_IRQHandler
                0x0000d0c4                ECSPI2_IRQHandler
                0x0000d0c8                ECSPI3_IRQHandler
                0x0000d0cc                SDMA3_IRQHandler
                0x0000d0d0                I2C1_IRQHandler
                0x0000d0d4                I2C2_IRQHandler
                0x0000d0d8                I2C3_IRQHandler
                0x0000d0dc                I2C4_IRQHandler
                0x0000d0e0                RDC_IRQHandler
                0x0000d0e4                USB1_IRQHandler
                0x0000d0e8                USB2_IRQHandler
                0x0000d0ec                ISI_CH1_IRQHandler
                0x0000d0f0                HDMI_TX_IRQHandler
                0x0000d0f4                PDM_HWVAD_EVENT_IRQHandler
                0x0000d0f8                PDM_HWVAD_ERROR_IRQHandler
                0x0000d0fc                GPT6_IRQHandler
                0x0000d100                SCTR_IRQ0_IRQHandler
                0x0000d104                SCTR_IRQ1_IRQHandler
                0x0000d108                ANAMIX_IRQHandler
                0x0000d10c                I2S3_IRQHandler
                0x0000d110                GPT5_IRQHandler
                0x0000d114                GPT4_IRQHandler
                0x0000d118                GPT3_IRQHandler
                0x0000d11c                GPT2_IRQHandler
                0x0000d120                GPT1_IRQHandler
                0x0000d124                GPIO1_INT7_IRQHandler
                0x0000d128                GPIO1_INT6_IRQHandler
                0x0000d12c                GPIO1_INT5_IRQHandler
                0x0000d130                GPIO1_INT4_IRQHandler
                0x0000d134                GPIO1_INT3_IRQHandler
                0x0000d138                GPIO1_INT2_IRQHandler
                0x0000d13c                GPIO1_INT1_IRQHandler
                0x0000d140                GPIO1_INT0_IRQHandler
                0x0000d144                GPIO1_Combined_0_15_IRQHandler
                0x0000d148                GPIO1_Combined_16_31_IRQHandler
                0x0000d14c                GPIO2_Combined_0_15_IRQHandler
                0x0000d150                GPIO2_Combined_16_31_IRQHandler
                0x0000d154                GPIO3_Combined_0_15_IRQHandler
                0x0000d158                GPIO3_Combined_16_31_IRQHandler
                0x0000d15c                GPIO4_Combined_0_15_IRQHandler
                0x0000d160                GPIO4_Combined_16_31_IRQHandler
                0x0000d164                GPIO5_Combined_0_15_IRQHandler
                0x0000d168                GPIO5_Combined_16_31_IRQHandler
                0x0000d16c                ISP1_IRQHandler
                0x0000d170                ISP2_IRQHandler
                0x0000d174                I2C5_IRQHandler
                0x0000d178                I2C6_IRQHandler
                0x0000d17c                WDOG1_IRQHandler
                0x0000d180                WDOG2_IRQHandler
                0x0000d184                MIPI_CSI2_IRQHandler
                0x0000d188                PWM1_IRQHandler
                0x0000d18c                PWM2_IRQHandler
                0x0000d190                PWM3_IRQHandler
                0x0000d194                PWM4_IRQHandler
                0x0000d198                CCM_IRQ1_IRQHandler
                0x0000d19c                CCM_IRQ2_IRQHandler
                0x0000d1a0                GPC_IRQHandler
                0x0000d1a4                MU1_A53_IRQHandler
                0x0000d1a8                SRC_IRQHandler
                0x0000d1ac                I2S56_IRQHandler
                0x0000d1b0                RTIC_IRQHandler
                0x0000d1b4                CPU_PerformanceUnit_IRQHandler
                0x0000d1b8                CPU_CTI_Trigger_IRQHandler
                0x0000d1bc                SRC_Combined_IRQHandler
                0x0000d1c0                I2S1_IRQHandler
                0x0000d1c4                I2S2_IRQHandler
                0x0000d1cc                DDR_PerformanceMonitor_IRQHandler
                0x0000d1d0                DDR_IRQHandler
                0x0000d1d4                DEWARP_IRQHandler
                0x0000d1d8                CPU_Error_AXI_IRQHandler
                0x0000d1dc                CPU_Error_L2RAM_IRQHandler
                0x0000d1e0                SDMA2_IRQHandler
                0x0000d1e4                SJC_IRQHandler
                0x0000d1e8                CAAM_IRQ0_IRQHandler
                0x0000d1ec                CAAM_IRQ1_IRQHandler
                0x0000d1f0                FlexSPI_IRQHandler
                0x0000d1f4                TZASC_IRQHandler
                0x0000d1f8                PDM_EVENT_IRQHandler
                0x0000d1fc                PDM_ERROR_IRQHandler
                0x0000d200                I2S7_IRQHandler
                0x0000d204                PERFMON1_IRQHandler
                0x0000d208                PERFMON2_IRQHandler
                0x0000d20c                CAAM_IRQ2_IRQHandler
                0x0000d210                CAAM_ERROR_IRQHandler
                0x0000d214                HS_CP0_IRQHandler
                0x0000d218                CM7_CTI_IRQHandler
                0x0000d21c                ENET1_MAC0_Rx_Tx_Done1_IRQHandler
                0x0000d220                ENET1_MAC0_Rx_Tx_Done2_IRQHandler
                0x0000d224                ENET1_IRQHandler
                0x0000d228                ENET1_1588_Timer_IRQHandler
                0x0000d22c                ASRC_IRQHandler
                0x0000d230                PCIE_CTRL1_0_IRQHandler
                0x0000d234                PCIE_CTRL1_1_IRQHandler
                0x0000d238                PCIE_CTRL1_2_IRQHandler
                0x0000d23c                PCIE_CTRL1_3_IRQHandler
                0x0000d240                PCIE_EDMA_IRQHandler
                0x0000d244                AUDIO_XCVR0_IRQHandler
                0x0000d248                AUDIO_XCVR1_IRQHandler
                0x0000d24c                AUD2HTX_IRQHandler
                0x0000d250                EDMA1_ERR_IRQHandler
                0x0000d254                EDMA1_0_15_IRQHandler
                0x0000d258                EDMA1_16_31_IRQHandler
                0x0000d25c                ENET_QOS_PMT_IRQHandler
                0x0000d260                ENET_QOS_IRQHandler
                0x0000d264                MU2_A53_IRQHandler
                0x0000d268                MU2_AUDIO_IRQHandler
                0x0000d26c                MU3_M7_IRQHandler
                0x0000d270                MU3_AUDIO_IRQHandler
                0x0000d274                PCIE_CTRL1_IRQHandler
                0x0000d278                PCIE_CTRL1_ERR_IRQHandler
                0x0000d27c                CAN_FD1_IRQHandler
                0x0000d280                CAN_FD1_ERROR_IRQHandler
                0x0000d284                CAN_FD2_IRQHandler
                0x0000d288                CAN_FD2_ERROR_IRQHandler
                0x0000d28c                AUDIO_XCVR_IRQHandler
                0x0000d290                DDR_ERR_IRQHandler
                0x0000d294                USB1_WAKEUP_IRQHandler
                0x0000d298                USB2_WAKEUP_IRQHandler
                0x0000d29c                MECC_IRQHandler
                0x0000d2a0                MECC_ERR_IRQHandler
                0x0000d2a4                MECC_S_IRQHandler
                0x0000d2a8                MECC_S_ERR_IRQHandler
 .text          0x0000d528       0xa0 build/obj/./drivers/freescale/fsl_memcpy.o
                0x0000d528                memcpy
 .text          0x0000d5c8       0x30 /home/chris/code-projects/zpmc/zpmc_tuv_demo/arm-toolchain/bin/../lib/gcc/arm-none-eabi/14.2.1/thumb/v7e-m+fp/hard/libgcc.a(_aeabi_uldivmod.o)
                0x0000d5c8                __aeabi_uldivmod
 .text          0x0000d5f8        0x4 /home/chris/code-projects/zpmc/zpmc_tuv_demo/arm-toolchain/bin/../lib/gcc/arm-none-eabi/14.2.1/thumb/v7e-m+fp/hard/libgcc.a(_dvmd_tls.o)
                0x0000d5f8                __aeabi_ldiv0
                0x0000d5f8                __aeabi_idiv0
 *fill*         0x0000d5fc        0x4 
 .text          0x0000d600      0x2e0 /home/chris/code-projects/zpmc/zpmc_tuv_demo/arm-toolchain/bin/../lib/gcc/arm-none-eabi/14.2.1/../../../../arm-none-eabi/lib/thumb/v7e-m+fp/hard/libg.a(libc_a-strcmp.o)
                0x0000d600                strcmp
 *fill*         0x0000d8e0       0x20 
 .text          0x0000d900       0xd8 /home/chris/code-projects/zpmc/zpmc_tuv_demo/arm-toolchain/bin/../lib/gcc/arm-none-eabi/14.2.1/../../../../arm-none-eabi/lib/thumb/v7e-m+fp/hard/libg.a(libc_a-strlen.o)
                0x0000d900                strlen
 *fill*         0x0000d9d8        0x8 
 .text          0x0000d9e0       0xa0 /home/chris/code-projects/zpmc/zpmc_tuv_demo/arm-toolchain/bin/../lib/gcc/arm-none-eabi/14.2.1/../../../../arm-none-eabi/lib/thumb/v7e-m+fp/hard/libg.a(libc_a-memchr.o)
                0x0000d9e0                memchr
 .text          0x0000da80      0x378 /home/chris/code-projects/zpmc/zpmc_tuv_demo/arm-toolchain/bin/../lib/gcc/arm-none-eabi/14.2.1/thumb/v7e-m+fp/hard/libgcc.a(_arm_addsubdf3.o)
                0x0000da80                __aeabi_drsub
                0x0000da88                __aeabi_dsub
                0x0000da88                __subdf3
                0x0000da8c                __adddf3
                0x0000da8c                __aeabi_dadd
                0x0000dd04                __aeabi_ui2d
                0x0000dd04                __floatunsidf
                0x0000dd24                __floatsidf
                0x0000dd24                __aeabi_i2d
                0x0000dd48                __extendsfdf2
                0x0000dd48                __aeabi_f2d
                0x0000dd8c                __aeabi_ul2d
                0x0000dd8c                __floatundidf
                0x0000dd9c                __floatdidf
                0x0000dd9c                __aeabi_l2d
 .text          0x0000ddf8      0x424 /home/chris/code-projects/zpmc/zpmc_tuv_demo/arm-toolchain/bin/../lib/gcc/arm-none-eabi/14.2.1/thumb/v7e-m+fp/hard/libgcc.a(_arm_muldivdf3.o)
                0x0000ddf8                __aeabi_dmul
                0x0000ddf8                __muldf3
                0x0000e04c                __aeabi_ddiv
                0x0000e04c                __divdf3
 .text          0x0000e21c      0x110 /home/chris/code-projects/zpmc/zpmc_tuv_demo/arm-toolchain/bin/../lib/gcc/arm-none-eabi/14.2.1/thumb/v7e-m+fp/hard/libgcc.a(_arm_cmpdf2.o)
                0x0000e21c                __gtdf2
                0x0000e21c                __gedf2
                0x0000e224                __ltdf2
                0x0000e224                __ledf2
                0x0000e22c                __cmpdf2
                0x0000e22c                __eqdf2
                0x0000e22c                __nedf2
                0x0000e2a8                __aeabi_cdrcmple
                0x0000e2b8                __aeabi_cdcmple
                0x0000e2b8                __aeabi_cdcmpeq
                0x0000e2c8                __aeabi_dcmpeq
                0x0000e2dc                __aeabi_dcmplt
                0x0000e2f0                __aeabi_dcmple
                0x0000e304                __aeabi_dcmpge
                0x0000e318                __aeabi_dcmpgt
 .text          0x0000e32c       0x2c /home/chris/code-projects/zpmc/zpmc_tuv_demo/arm-toolchain/bin/../lib/gcc/arm-none-eabi/14.2.1/thumb/v7e-m+fp/hard/libgcc.a(_arm_unorddf2.o)
                0x0000e32c                __aeabi_dcmpun
                0x0000e32c                __unorddf2
 .text          0x0000e358       0x50 /home/chris/code-projects/zpmc/zpmc_tuv_demo/arm-toolchain/bin/../lib/gcc/arm-none-eabi/14.2.1/thumb/v7e-m+fp/hard/libgcc.a(_arm_fixdfsi.o)
                0x0000e358                __fixdfsi
                0x0000e358                __aeabi_d2iz
 *(.text*)
 .text.deregister_tm_clones
                0x0000e3a8       0x1c /home/chris/code-projects/zpmc/zpmc_tuv_demo/arm-toolchain/bin/../lib/gcc/arm-none-eabi/14.2.1/thumb/v7e-m+fp/hard/crtbegin.o
 .text.register_tm_clones
                0x0000e3c4       0x24 /home/chris/code-projects/zpmc/zpmc_tuv_demo/arm-toolchain/bin/../lib/gcc/arm-none-eabi/14.2.1/thumb/v7e-m+fp/hard/crtbegin.o
 .text.__do_global_dtors_aux
                0x0000e3e8       0x28 /home/chris/code-projects/zpmc/zpmc_tuv_demo/arm-toolchain/bin/../lib/gcc/arm-none-eabi/14.2.1/thumb/v7e-m+fp/hard/crtbegin.o
 .text.frame_dummy
                0x0000e410       0x24 /home/chris/code-projects/zpmc/zpmc_tuv_demo/arm-toolchain/bin/../lib/gcc/arm-none-eabi/14.2.1/thumb/v7e-m+fp/hard/crtbegin.o
 .text.__udivmoddi4
                0x0000e434      0x2f8 /home/chris/code-projects/zpmc/zpmc_tuv_demo/arm-toolchain/bin/../lib/gcc/arm-none-eabi/14.2.1/thumb/v7e-m+fp/hard/libgcc.a(_udivmoddi4.o)
                0x0000e434                __udivmoddi4
 .text.exit     0x0000e72c       0x1c /home/chris/code-projects/zpmc/zpmc_tuv_demo/arm-toolchain/bin/../lib/gcc/arm-none-eabi/14.2.1/../../../../arm-none-eabi/lib/thumb/v7e-m+fp/hard/libg.a(libc_a-exit.o)
                0x0000e72c                exit
 .text._malloc_r
                0x0000e748      0x598 /home/chris/code-projects/zpmc/zpmc_tuv_demo/arm-toolchain/bin/../lib/gcc/arm-none-eabi/14.2.1/../../../../arm-none-eabi/lib/thumb/v7e-m+fp/hard/libg.a(libc_a-mallocr.o)
                0x0000e748                _malloc_r
 .text.__malloc_lock
                0x0000ece0        0xc /home/chris/code-projects/zpmc/zpmc_tuv_demo/arm-toolchain/bin/../lib/gcc/arm-none-eabi/14.2.1/../../../../arm-none-eabi/lib/thumb/v7e-m+fp/hard/libg.a(libc_a-mlock.o)
                0x0000ece0                __malloc_lock
 .text.__malloc_unlock
                0x0000ecec        0xc /home/chris/code-projects/zpmc/zpmc_tuv_demo/arm-toolchain/bin/../lib/gcc/arm-none-eabi/14.2.1/../../../../arm-none-eabi/lib/thumb/v7e-m+fp/hard/libg.a(libc_a-mlock.o)
                0x0000ecec                __malloc_unlock
 .text._strtoul_l.isra.0
                0x0000ecf8      0x134 /home/chris/code-projects/zpmc/zpmc_tuv_demo/arm-toolchain/bin/../lib/gcc/arm-none-eabi/14.2.1/../../../../arm-none-eabi/lib/thumb/v7e-m+fp/hard/libg.a(libc_a-strtoul.o)
 .text.strtoul  0x0000ee2c       0x1c /home/chris/code-projects/zpmc/zpmc_tuv_demo/arm-toolchain/bin/../lib/gcc/arm-none-eabi/14.2.1/../../../../arm-none-eabi/lib/thumb/v7e-m+fp/hard/libg.a(libc_a-strtoul.o)
                0x0000ee2c                strtoul
 .text.stdio_exit_handler
                0x0000ee48       0x18 /home/chris/code-projects/zpmc/zpmc_tuv_demo/arm-toolchain/bin/../lib/gcc/arm-none-eabi/14.2.1/../../../../arm-none-eabi/lib/thumb/v7e-m+fp/hard/libg.a(libc_a-findfp.o)
 .text.cleanup_stdio
                0x0000ee60       0x40 /home/chris/code-projects/zpmc/zpmc_tuv_demo/arm-toolchain/bin/../lib/gcc/arm-none-eabi/14.2.1/../../../../arm-none-eabi/lib/thumb/v7e-m+fp/hard/libg.a(libc_a-findfp.o)
 .text.global_stdio_init.part.0
                0x0000eea0       0xf0 /home/chris/code-projects/zpmc/zpmc_tuv_demo/arm-toolchain/bin/../lib/gcc/arm-none-eabi/14.2.1/../../../../arm-none-eabi/lib/thumb/v7e-m+fp/hard/libg.a(libc_a-findfp.o)
 .text.__sinit  0x0000ef90       0x3c /home/chris/code-projects/zpmc/zpmc_tuv_demo/arm-toolchain/bin/../lib/gcc/arm-none-eabi/14.2.1/../../../../arm-none-eabi/lib/thumb/v7e-m+fp/hard/libg.a(libc_a-findfp.o)
                0x0000ef90                __sinit
 .text.__sfp_lock_acquire
                0x0000efcc        0xc /home/chris/code-projects/zpmc/zpmc_tuv_demo/arm-toolchain/bin/../lib/gcc/arm-none-eabi/14.2.1/../../../../arm-none-eabi/lib/thumb/v7e-m+fp/hard/libg.a(libc_a-findfp.o)
                0x0000efcc                __sfp_lock_acquire
 .text.__sfp_lock_release
                0x0000efd8        0xc /home/chris/code-projects/zpmc/zpmc_tuv_demo/arm-toolchain/bin/../lib/gcc/arm-none-eabi/14.2.1/../../../../arm-none-eabi/lib/thumb/v7e-m+fp/hard/libg.a(libc_a-findfp.o)
                0x0000efd8                __sfp_lock_release
 .text._fwalk_sglue
                0x0000efe4       0x44 /home/chris/code-projects/zpmc/zpmc_tuv_demo/arm-toolchain/bin/../lib/gcc/arm-none-eabi/14.2.1/../../../../arm-none-eabi/lib/thumb/v7e-m+fp/hard/libg.a(libc_a-fwalk.o)
                0x0000efe4                _fwalk_sglue
 .text.printf   0x0000f028       0x28 /home/chris/code-projects/zpmc/zpmc_tuv_demo/arm-toolchain/bin/../lib/gcc/arm-none-eabi/14.2.1/../../../../arm-none-eabi/lib/thumb/v7e-m+fp/hard/libg.a(libc_a-printf.o)
                0x0000f028                printf
 .text.__sread  0x0000f050       0x24 /home/chris/code-projects/zpmc/zpmc_tuv_demo/arm-toolchain/bin/../lib/gcc/arm-none-eabi/14.2.1/../../../../arm-none-eabi/lib/thumb/v7e-m+fp/hard/libg.a(libc_a-stdio.o)
                0x0000f050                __sread
 .text.__swrite
                0x0000f074       0x40 /home/chris/code-projects/zpmc/zpmc_tuv_demo/arm-toolchain/bin/../lib/gcc/arm-none-eabi/14.2.1/../../../../arm-none-eabi/lib/thumb/v7e-m+fp/hard/libg.a(libc_a-stdio.o)
                0x0000f074                __swrite
 .text.__sseek  0x0000f0b4       0x24 /home/chris/code-projects/zpmc/zpmc_tuv_demo/arm-toolchain/bin/../lib/gcc/arm-none-eabi/14.2.1/../../../../arm-none-eabi/lib/thumb/v7e-m+fp/hard/libg.a(libc_a-stdio.o)
                0x0000f0b4                __sseek
 .text.__sclose
                0x0000f0d8        0x8 /home/chris/code-projects/zpmc/zpmc_tuv_demo/arm-toolchain/bin/../lib/gcc/arm-none-eabi/14.2.1/../../../../arm-none-eabi/lib/thumb/v7e-m+fp/hard/libg.a(libc_a-stdio.o)
                0x0000f0d8                __sclose
 .text.memset   0x0000f0e0       0x9c /home/chris/code-projects/zpmc/zpmc_tuv_demo/arm-toolchain/bin/../lib/gcc/arm-none-eabi/14.2.1/../../../../arm-none-eabi/lib/thumb/v7e-m+fp/hard/libg.a(libc_a-memset.o)
                0x0000f0e0                memset
 .text.strncmp  0x0000f17c       0x78 /home/chris/code-projects/zpmc/zpmc_tuv_demo/arm-toolchain/bin/../lib/gcc/arm-none-eabi/14.2.1/../../../../arm-none-eabi/lib/thumb/v7e-m+fp/hard/libg.a(libc_a-strncmp.o)
                0x0000f17c                strncmp
 .text.strncpy  0x0000f1f4       0x68 /home/chris/code-projects/zpmc/zpmc_tuv_demo/arm-toolchain/bin/../lib/gcc/arm-none-eabi/14.2.1/../../../../arm-none-eabi/lib/thumb/v7e-m+fp/hard/libg.a(libc_a-strncpy.o)
                0x0000f1f4                strncpy
 .text._close_r
                0x0000f25c       0x24 /home/chris/code-projects/zpmc/zpmc_tuv_demo/arm-toolchain/bin/../lib/gcc/arm-none-eabi/14.2.1/../../../../arm-none-eabi/lib/thumb/v7e-m+fp/hard/libg.a(libc_a-closer.o)
                0x0000f25c                _close_r
 .text._lseek_r
                0x0000f280       0x2c /home/chris/code-projects/zpmc/zpmc_tuv_demo/arm-toolchain/bin/../lib/gcc/arm-none-eabi/14.2.1/../../../../arm-none-eabi/lib/thumb/v7e-m+fp/hard/libg.a(libc_a-lseekr.o)
                0x0000f280                _lseek_r
 .text._read_r  0x0000f2ac       0x2c /home/chris/code-projects/zpmc/zpmc_tuv_demo/arm-toolchain/bin/../lib/gcc/arm-none-eabi/14.2.1/../../../../arm-none-eabi/lib/thumb/v7e-m+fp/hard/libg.a(libc_a-readr.o)
                0x0000f2ac                _read_r
 .text._sbrk_r  0x0000f2d8       0x24 /home/chris/code-projects/zpmc/zpmc_tuv_demo/arm-toolchain/bin/../lib/gcc/arm-none-eabi/14.2.1/../../../../arm-none-eabi/lib/thumb/v7e-m+fp/hard/libg.a(libc_a-sbrkr.o)
                0x0000f2d8                _sbrk_r
 .text._write_r
                0x0000f2fc       0x2c /home/chris/code-projects/zpmc/zpmc_tuv_demo/arm-toolchain/bin/../lib/gcc/arm-none-eabi/14.2.1/../../../../arm-none-eabi/lib/thumb/v7e-m+fp/hard/libg.a(libc_a-writer.o)
                0x0000f2fc                _write_r
 .text.__errno  0x0000f328        0xc /home/chris/code-projects/zpmc/zpmc_tuv_demo/arm-toolchain/bin/../lib/gcc/arm-none-eabi/14.2.1/../../../../arm-none-eabi/lib/thumb/v7e-m+fp/hard/libg.a(libc_a-errno.o)
                0x0000f328                __errno
 .text.__libc_init_array
                0x0000f334       0x50 /home/chris/code-projects/zpmc/zpmc_tuv_demo/arm-toolchain/bin/../lib/gcc/arm-none-eabi/14.2.1/../../../../arm-none-eabi/lib/thumb/v7e-m+fp/hard/libg.a(libc_a-init.o)
                0x0000f334                __libc_init_array
 .text.__retarget_lock_init_recursive
                0x0000f384        0x4 /home/chris/code-projects/zpmc/zpmc_tuv_demo/arm-toolchain/bin/../lib/gcc/arm-none-eabi/14.2.1/../../../../arm-none-eabi/lib/thumb/v7e-m+fp/hard/libg.a(libc_a-lock.o)
                0x0000f384                __retarget_lock_init_recursive
 .text.__retarget_lock_close_recursive
                0x0000f388        0x4 /home/chris/code-projects/zpmc/zpmc_tuv_demo/arm-toolchain/bin/../lib/gcc/arm-none-eabi/14.2.1/../../../../arm-none-eabi/lib/thumb/v7e-m+fp/hard/libg.a(libc_a-lock.o)
                0x0000f388                __retarget_lock_close_recursive
 .text.__retarget_lock_acquire_recursive
                0x0000f38c        0x4 /home/chris/code-projects/zpmc/zpmc_tuv_demo/arm-toolchain/bin/../lib/gcc/arm-none-eabi/14.2.1/../../../../arm-none-eabi/lib/thumb/v7e-m+fp/hard/libg.a(libc_a-lock.o)
                0x0000f38c                __retarget_lock_acquire_recursive
 .text.__retarget_lock_release_recursive
                0x0000f390        0x4 /home/chris/code-projects/zpmc/zpmc_tuv_demo/arm-toolchain/bin/../lib/gcc/arm-none-eabi/14.2.1/../../../../arm-none-eabi/lib/thumb/v7e-m+fp/hard/libg.a(libc_a-lock.o)
                0x0000f390                __retarget_lock_release_recursive
 .text.sysconf  0x0000f394       0x1c /home/chris/code-projects/zpmc/zpmc_tuv_demo/arm-toolchain/bin/../lib/gcc/arm-none-eabi/14.2.1/../../../../arm-none-eabi/lib/thumb/v7e-m+fp/hard/libg.a(libc_a-sysconf.o)
                0x0000f394                sysconf
 .text.startup.register_fini
                0x0000f3b0       0x14 /home/chris/code-projects/zpmc/zpmc_tuv_demo/arm-toolchain/bin/../lib/gcc/arm-none-eabi/14.2.1/../../../../arm-none-eabi/lib/thumb/v7e-m+fp/hard/libg.a(libc_a-__call_atexit.o)
 .text.__call_exitprocs
                0x0000f3c4       0xc0 /home/chris/code-projects/zpmc/zpmc_tuv_demo/arm-toolchain/bin/../lib/gcc/arm-none-eabi/14.2.1/../../../../arm-none-eabi/lib/thumb/v7e-m+fp/hard/libg.a(libc_a-__call_atexit.o)
                0x0000f3c4                __call_exitprocs
 .text.atexit   0x0000f484        0xc /home/chris/code-projects/zpmc/zpmc_tuv_demo/arm-toolchain/bin/../lib/gcc/arm-none-eabi/14.2.1/../../../../arm-none-eabi/lib/thumb/v7e-m+fp/hard/libg.a(libc_a-atexit.o)
                0x0000f484                atexit
 .text._malloc_trim_r
                0x0000f490       0xb8 /home/chris/code-projects/zpmc/zpmc_tuv_demo/arm-toolchain/bin/../lib/gcc/arm-none-eabi/14.2.1/../../../../arm-none-eabi/lib/thumb/v7e-m+fp/hard/libg.a(libc_a-freer.o)
                0x0000f490                _malloc_trim_r
 .text._free_r  0x0000f548      0x1f0 /home/chris/code-projects/zpmc/zpmc_tuv_demo/arm-toolchain/bin/../lib/gcc/arm-none-eabi/14.2.1/../../../../arm-none-eabi/lib/thumb/v7e-m+fp/hard/libg.a(libc_a-freer.o)
                0x0000f548                _free_r
 .text._vfprintf_r
                0x0000f738     0x2320 /home/chris/code-projects/zpmc/zpmc_tuv_demo/arm-toolchain/bin/../lib/gcc/arm-none-eabi/14.2.1/../../../../arm-none-eabi/lib/thumb/v7e-m+fp/hard/libg.a(libc_a-vfprintf.o)
                0x0000f738                _vfprintf_r
 .text.__sbprintf
                0x00011a58       0x84 /home/chris/code-projects/zpmc/zpmc_tuv_demo/arm-toolchain/bin/../lib/gcc/arm-none-eabi/14.2.1/../../../../arm-none-eabi/lib/thumb/v7e-m+fp/hard/libg.a(libc_a-vfprintf.o)
 .text.__sprint_r
                0x00011adc       0x20 /home/chris/code-projects/zpmc/zpmc_tuv_demo/arm-toolchain/bin/../lib/gcc/arm-none-eabi/14.2.1/../../../../arm-none-eabi/lib/thumb/v7e-m+fp/hard/libg.a(libc_a-sprint_r.o)
                0x00011adc                __sprint_r
 .text._fclose_r
                0x00011afc       0xc0 /home/chris/code-projects/zpmc/zpmc_tuv_demo/arm-toolchain/bin/../lib/gcc/arm-none-eabi/14.2.1/../../../../arm-none-eabi/lib/thumb/v7e-m+fp/hard/libg.a(libc_a-fclose.o)
                0x00011afc                _fclose_r
 .text.__sflush_r
                0x00011bbc      0x134 /home/chris/code-projects/zpmc/zpmc_tuv_demo/arm-toolchain/bin/../lib/gcc/arm-none-eabi/14.2.1/../../../../arm-none-eabi/lib/thumb/v7e-m+fp/hard/libg.a(libc_a-fflush.o)
                0x00011bbc                __sflush_r
 .text._fflush_r
                0x00011cf0       0x54 /home/chris/code-projects/zpmc/zpmc_tuv_demo/arm-toolchain/bin/../lib/gcc/arm-none-eabi/14.2.1/../../../../arm-none-eabi/lib/thumb/v7e-m+fp/hard/libg.a(libc_a-fflush.o)
                0x00011cf0                _fflush_r
 .text.__sfvwrite_r
                0x00011d44      0x2e4 /home/chris/code-projects/zpmc/zpmc_tuv_demo/arm-toolchain/bin/../lib/gcc/arm-none-eabi/14.2.1/../../../../arm-none-eabi/lib/thumb/v7e-m+fp/hard/libg.a(libc_a-fvwrite.o)
                0x00011d44                __sfvwrite_r
 .text.__swsetup_r
                0x00012028       0xfc /home/chris/code-projects/zpmc/zpmc_tuv_demo/arm-toolchain/bin/../lib/gcc/arm-none-eabi/14.2.1/../../../../arm-none-eabi/lib/thumb/v7e-m+fp/hard/libg.a(libc_a-wsetup.o)
                0x00012028                __swsetup_r
 .text.memmove  0x00012124       0xf8 /home/chris/code-projects/zpmc/zpmc_tuv_demo/arm-toolchain/bin/../lib/gcc/arm-none-eabi/14.2.1/../../../../arm-none-eabi/lib/thumb/v7e-m+fp/hard/libg.a(libc_a-memmove.o)
                0x00012124                memmove
 .text.__locale_mb_cur_max
                0x0001221c        0xc /home/chris/code-projects/zpmc/zpmc_tuv_demo/arm-toolchain/bin/../lib/gcc/arm-none-eabi/14.2.1/../../../../arm-none-eabi/lib/thumb/v7e-m+fp/hard/libg.a(libc_a-locale.o)
                0x0001221c                __locale_mb_cur_max
 .text._localeconv_r
                0x00012228        0x8 /home/chris/code-projects/zpmc/zpmc_tuv_demo/arm-toolchain/bin/../lib/gcc/arm-none-eabi/14.2.1/../../../../arm-none-eabi/lib/thumb/v7e-m+fp/hard/libg.a(libc_a-localeconv.o)
                0x00012228                _localeconv_r
 .text.__libc_fini_array
                0x00012230       0x28 /home/chris/code-projects/zpmc/zpmc_tuv_demo/arm-toolchain/bin/../lib/gcc/arm-none-eabi/14.2.1/../../../../arm-none-eabi/lib/thumb/v7e-m+fp/hard/libg.a(libc_a-fini.o)
                0x00012230                __libc_fini_array
 .text.frexp    0x00012258       0x64 /home/chris/code-projects/zpmc/zpmc_tuv_demo/arm-toolchain/bin/../lib/gcc/arm-none-eabi/14.2.1/../../../../arm-none-eabi/lib/thumb/v7e-m+fp/hard/libg.a(libm_a-s_frexp.o)
                0x00012258                frexp
 .text.__register_exitproc
                0x000122bc       0x80 /home/chris/code-projects/zpmc/zpmc_tuv_demo/arm-toolchain/bin/../lib/gcc/arm-none-eabi/14.2.1/../../../../arm-none-eabi/lib/thumb/v7e-m+fp/hard/libg.a(libc_a-__atexit.o)
                0x000122bc                __register_exitproc
 .text.quorem   0x0001233c      0x12c /home/chris/code-projects/zpmc/zpmc_tuv_demo/arm-toolchain/bin/../lib/gcc/arm-none-eabi/14.2.1/../../../../arm-none-eabi/lib/thumb/v7e-m+fp/hard/libg.a(libc_a-dtoa.o)
 .text._dtoa_r  0x00012468     0x1034 /home/chris/code-projects/zpmc/zpmc_tuv_demo/arm-toolchain/bin/../lib/gcc/arm-none-eabi/14.2.1/../../../../arm-none-eabi/lib/thumb/v7e-m+fp/hard/libg.a(libc_a-dtoa.o)
                0x00012468                _dtoa_r
 .text.__ascii_mbtowc
                0x0001349c       0x2c /home/chris/code-projects/zpmc/zpmc_tuv_demo/arm-toolchain/bin/../lib/gcc/arm-none-eabi/14.2.1/../../../../arm-none-eabi/lib/thumb/v7e-m+fp/hard/libg.a(libc_a-mbtowc_r.o)
                0x0001349c                __ascii_mbtowc
 .text._Balloc  0x000134c8       0x4c /home/chris/code-projects/zpmc/zpmc_tuv_demo/arm-toolchain/bin/../lib/gcc/arm-none-eabi/14.2.1/../../../../arm-none-eabi/lib/thumb/v7e-m+fp/hard/libg.a(libc_a-mprec.o)
                0x000134c8                _Balloc
 .text._Bfree   0x00013514       0x14 /home/chris/code-projects/zpmc/zpmc_tuv_demo/arm-toolchain/bin/../lib/gcc/arm-none-eabi/14.2.1/../../../../arm-none-eabi/lib/thumb/v7e-m+fp/hard/libg.a(libc_a-mprec.o)
                0x00013514                _Bfree
 .text.__multadd
                0x00013528       0xa0 /home/chris/code-projects/zpmc/zpmc_tuv_demo/arm-toolchain/bin/../lib/gcc/arm-none-eabi/14.2.1/../../../../arm-none-eabi/lib/thumb/v7e-m+fp/hard/libg.a(libc_a-mprec.o)
                0x00013528                __multadd
 .text.__hi0bits
                0x000135c8       0x54 /home/chris/code-projects/zpmc/zpmc_tuv_demo/arm-toolchain/bin/../lib/gcc/arm-none-eabi/14.2.1/../../../../arm-none-eabi/lib/thumb/v7e-m+fp/hard/libg.a(libc_a-mprec.o)
                0x000135c8                __hi0bits
 .text.__lo0bits
                0x0001361c       0x80 /home/chris/code-projects/zpmc/zpmc_tuv_demo/arm-toolchain/bin/../lib/gcc/arm-none-eabi/14.2.1/../../../../arm-none-eabi/lib/thumb/v7e-m+fp/hard/libg.a(libc_a-mprec.o)
                0x0001361c                __lo0bits
 .text.__i2b    0x0001369c       0x5c /home/chris/code-projects/zpmc/zpmc_tuv_demo/arm-toolchain/bin/../lib/gcc/arm-none-eabi/14.2.1/../../../../arm-none-eabi/lib/thumb/v7e-m+fp/hard/libg.a(libc_a-mprec.o)
                0x0001369c                __i2b
 .text.__multiply
                0x000136f8      0x16c /home/chris/code-projects/zpmc/zpmc_tuv_demo/arm-toolchain/bin/../lib/gcc/arm-none-eabi/14.2.1/../../../../arm-none-eabi/lib/thumb/v7e-m+fp/hard/libg.a(libc_a-mprec.o)
                0x000136f8                __multiply
 .text.__pow5mult
                0x00013864       0xc0 /home/chris/code-projects/zpmc/zpmc_tuv_demo/arm-toolchain/bin/../lib/gcc/arm-none-eabi/14.2.1/../../../../arm-none-eabi/lib/thumb/v7e-m+fp/hard/libg.a(libc_a-mprec.o)
                0x00013864                __pow5mult
 .text.__lshift
                0x00013924       0xe8 /home/chris/code-projects/zpmc/zpmc_tuv_demo/arm-toolchain/bin/../lib/gcc/arm-none-eabi/14.2.1/../../../../arm-none-eabi/lib/thumb/v7e-m+fp/hard/libg.a(libc_a-mprec.o)
                0x00013924                __lshift
 .text.__mcmp   0x00013a0c       0x44 /home/chris/code-projects/zpmc/zpmc_tuv_demo/arm-toolchain/bin/../lib/gcc/arm-none-eabi/14.2.1/../../../../arm-none-eabi/lib/thumb/v7e-m+fp/hard/libg.a(libc_a-mprec.o)
                0x00013a0c                __mcmp
 .text.__mdiff  0x00013a50      0x174 /home/chris/code-projects/zpmc/zpmc_tuv_demo/arm-toolchain/bin/../lib/gcc/arm-none-eabi/14.2.1/../../../../arm-none-eabi/lib/thumb/v7e-m+fp/hard/libg.a(libc_a-mprec.o)
                0x00013a50                __mdiff
 .text.__d2b    0x00013bc4       0xbc /home/chris/code-projects/zpmc/zpmc_tuv_demo/arm-toolchain/bin/../lib/gcc/arm-none-eabi/14.2.1/../../../../arm-none-eabi/lib/thumb/v7e-m+fp/hard/libg.a(libc_a-mprec.o)
                0x00013bc4                __d2b
 .text._realloc_r
                0x00013c80      0x348 /home/chris/code-projects/zpmc/zpmc_tuv_demo/arm-toolchain/bin/../lib/gcc/arm-none-eabi/14.2.1/../../../../arm-none-eabi/lib/thumb/v7e-m+fp/hard/libg.a(libc_a-reallocr.o)
                0x00013c80                _realloc_r
 .text.__ascii_wctomb
                0x00013fc8       0x1c /home/chris/code-projects/zpmc/zpmc_tuv_demo/arm-toolchain/bin/../lib/gcc/arm-none-eabi/14.2.1/../../../../arm-none-eabi/lib/thumb/v7e-m+fp/hard/libg.a(libc_a-wctomb_r.o)
                0x00013fc8                __ascii_wctomb
 .text._wcrtomb_r
                0x00013fe4       0x4c /home/chris/code-projects/zpmc/zpmc_tuv_demo/arm-toolchain/bin/../lib/gcc/arm-none-eabi/14.2.1/../../../../arm-none-eabi/lib/thumb/v7e-m+fp/hard/libg.a(libc_a-wcrtomb.o)
                0x00013fe4                _wcrtomb_r
 .text._wcsrtombs_r
                0x00014030       0x18 /home/chris/code-projects/zpmc/zpmc_tuv_demo/arm-toolchain/bin/../lib/gcc/arm-none-eabi/14.2.1/../../../../arm-none-eabi/lib/thumb/v7e-m+fp/hard/libg.a(libc_a-wcsrtombs.o)
                0x00014030                _wcsrtombs_r
 .text.__smakebuf_r
                0x00014048       0xd0 /home/chris/code-projects/zpmc/zpmc_tuv_demo/arm-toolchain/bin/../lib/gcc/arm-none-eabi/14.2.1/../../../../arm-none-eabi/lib/thumb/v7e-m+fp/hard/libg.a(libc_a-makebuf.o)
                0x00014048                __smakebuf_r
 .text._fstat_r
                0x00014118       0x2c /home/chris/code-projects/zpmc/zpmc_tuv_demo/arm-toolchain/bin/../lib/gcc/arm-none-eabi/14.2.1/../../../../arm-none-eabi/lib/thumb/v7e-m+fp/hard/libg.a(libc_a-fstatr.o)
                0x00014118                _fstat_r
 .text._isatty_r
                0x00014144       0x24 /home/chris/code-projects/zpmc/zpmc_tuv_demo/arm-toolchain/bin/../lib/gcc/arm-none-eabi/14.2.1/../../../../arm-none-eabi/lib/thumb/v7e-m+fp/hard/libg.a(libc_a-isattyr.o)
                0x00014144                _isatty_r
 .text._calloc_r
                0x00014168       0x6c /home/chris/code-projects/zpmc/zpmc_tuv_demo/arm-toolchain/bin/../lib/gcc/arm-none-eabi/14.2.1/../../../../arm-none-eabi/lib/thumb/v7e-m+fp/hard/libg.a(libc_a-callocr.o)
                0x00014168                _calloc_r
 .text._wcsnrtombs_l
                0x000141d4       0xf0 /home/chris/code-projects/zpmc/zpmc_tuv_demo/arm-toolchain/bin/../lib/gcc/arm-none-eabi/14.2.1/../../../../arm-none-eabi/lib/thumb/v7e-m+fp/hard/libg.a(libc_a-wcsnrtombs.o)
                0x000141d4                _wcsnrtombs_l
 .text._wcsnrtombs_r
                0x000142c4       0x24 /home/chris/code-projects/zpmc/zpmc_tuv_demo/arm-toolchain/bin/../lib/gcc/arm-none-eabi/14.2.1/../../../../arm-none-eabi/lib/thumb/v7e-m+fp/hard/libg.a(libc_a-wcsnrtombs.o)
                0x000142c4                _wcsnrtombs_r
 .text._close   0x000142e8       0x10 /home/chris/code-projects/zpmc/zpmc_tuv_demo/arm-toolchain/bin/../lib/gcc/arm-none-eabi/14.2.1/../../../../arm-none-eabi/lib/thumb/v7e-m+fp/hard/libnosys.a(close.o)
                0x000142e8                _close
 .text._fstat   0x000142f8       0x10 /home/chris/code-projects/zpmc/zpmc_tuv_demo/arm-toolchain/bin/../lib/gcc/arm-none-eabi/14.2.1/../../../../arm-none-eabi/lib/thumb/v7e-m+fp/hard/libnosys.a(fstat.o)
                0x000142f8                _fstat
 .text._isatty  0x00014308       0x10 /home/chris/code-projects/zpmc/zpmc_tuv_demo/arm-toolchain/bin/../lib/gcc/arm-none-eabi/14.2.1/../../../../arm-none-eabi/lib/thumb/v7e-m+fp/hard/libnosys.a(isatty.o)
                0x00014308                _isatty
 .text._lseek   0x00014318       0x10 /home/chris/code-projects/zpmc/zpmc_tuv_demo/arm-toolchain/bin/../lib/gcc/arm-none-eabi/14.2.1/../../../../arm-none-eabi/lib/thumb/v7e-m+fp/hard/libnosys.a(lseek.o)
                0x00014318                _lseek
 .text._read    0x00014328       0x10 /home/chris/code-projects/zpmc/zpmc_tuv_demo/arm-toolchain/bin/../lib/gcc/arm-none-eabi/14.2.1/../../../../arm-none-eabi/lib/thumb/v7e-m+fp/hard/libnosys.a(read.o)
                0x00014328                _read
 .text._write   0x00014338       0x10 /home/chris/code-projects/zpmc/zpmc_tuv_demo/arm-toolchain/bin/../lib/gcc/arm-none-eabi/14.2.1/../../../../arm-none-eabi/lib/thumb/v7e-m+fp/hard/libnosys.a(write.o)
                0x00014338                _write
 .text._exit    0x00014348        0x4 /home/chris/code-projects/zpmc/zpmc_tuv_demo/arm-toolchain/bin/../lib/gcc/arm-none-eabi/14.2.1/../../../../arm-none-eabi/lib/thumb/v7e-m+fp/hard/libnosys.a(_exit.o)
                0x00014348                _exit
 *(.rodata)
 .rodata        0x0001434c       0xee build/obj/./main.o
 *fill*         0x0001443a        0x2 
 .rodata        0x0001443c      0x4f3 build/obj/./drivers/freescale/fsl_sdma.o
 *fill*         0x0001492f        0x1 
 .rodata        0x00014930      0x20e build/obj/./drivers/freescale/fsl_rdc.o
 *fill*         0x00014b3e        0x2 
 .rodata        0x00014b40      0x53d build/obj/./drivers/freescale/fsl_clock.o
 *fill*         0x0001507d        0x3 
 .rodata        0x00015080      0x145 build/obj/./drivers/freescale/fsl_adapter_iuart.o
 *fill*         0x000151c5        0x3 
 .rodata        0x000151c8      0x4e3 build/obj/./drivers/freescale/fsl_uart.o
                0x0001529c                s_uartIRQ
 *fill*         0x000156ab        0x1 
 .rodata        0x000156ac      0x367 build/obj/./drivers/freescale/fsl_i2c.o
 *fill*         0x00015a13        0x1 
 .rodata        0x00015a14       0x3e build/obj/./drivers/freescale/fsl_assert.o
 *fill*         0x00015a52        0x2 
 .rodata        0x00015a54       0x9e build/obj/./drivers/freescale/fsl_mu.o
 *fill*         0x00015af2        0x2 
 .rodata        0x00015af4       0xa7 build/obj/./drivers/freescale/fsl_common_arm.o
 *fill*         0x00015b9b        0x1 
 .rodata        0x00015b9c      0x380 build/obj/./drivers/freescale/fsl_ecspi.o
 .rodata        0x00015f1c      0x2f7 build/obj/./drivers/freescale/fsl_pdm.o
 *fill*         0x00016213        0x1 
 .rodata        0x00016214       0x89 build/obj/./drivers/rpmsg/virtqueue.o
 *fill*         0x0001629d        0x3 
 .rodata        0x000162a0       0x51 build/obj/./drivers/rpmsg/rpmsg_platform.o
 *(.rodata*)
 *fill*         0x000162f1        0x3 
 .rodata._ctype_
                0x000162f4      0x101 /home/chris/code-projects/zpmc/zpmc_tuv_demo/arm-toolchain/bin/../lib/gcc/arm-none-eabi/14.2.1/../../../../arm-none-eabi/lib/thumb/v7e-m+fp/hard/libg.a(libc_a-ctype_.o)
                0x000162f4                _ctype_
 *fill*         0x000163f5        0x3 
 .rodata._vfprintf_r.str1.4
                0x000163f8      0x166 /home/chris/code-projects/zpmc/zpmc_tuv_demo/arm-toolchain/bin/../lib/gcc/arm-none-eabi/14.2.1/../../../../arm-none-eabi/lib/thumb/v7e-m+fp/hard/libg.a(libc_a-vfprintf.o)
                                 0x42 (size before relaxing)
 *fill*         0x0001655e        0x2 
 .rodata.zeroes.0
                0x00016560       0x10 /home/chris/code-projects/zpmc/zpmc_tuv_demo/arm-toolchain/bin/../lib/gcc/arm-none-eabi/14.2.1/../../../../arm-none-eabi/lib/thumb/v7e-m+fp/hard/libg.a(libc_a-vfprintf.o)
 .rodata.blanks.1
                0x00016570       0x10 /home/chris/code-projects/zpmc/zpmc_tuv_demo/arm-toolchain/bin/../lib/gcc/arm-none-eabi/14.2.1/../../../../arm-none-eabi/lib/thumb/v7e-m+fp/hard/libg.a(libc_a-vfprintf.o)
 .rodata.str1.4
                0x00016580       0x4c /home/chris/code-projects/zpmc/zpmc_tuv_demo/arm-toolchain/bin/../lib/gcc/arm-none-eabi/14.2.1/../../../../arm-none-eabi/lib/thumb/v7e-m+fp/hard/libg.a(libc_a-locale.o)
 .rodata._dtoa_r.str1.4
                0x00016580       0x81 /home/chris/code-projects/zpmc/zpmc_tuv_demo/arm-toolchain/bin/../lib/gcc/arm-none-eabi/14.2.1/../../../../arm-none-eabi/lib/thumb/v7e-m+fp/hard/libg.a(libc_a-dtoa.o)
 .rodata.__multadd.str1.4
                0x00016580       0x6e /home/chris/code-projects/zpmc/zpmc_tuv_demo/arm-toolchain/bin/../lib/gcc/arm-none-eabi/14.2.1/../../../../arm-none-eabi/lib/thumb/v7e-m+fp/hard/libg.a(libc_a-mprec.o)
 .rodata.p05.0  0x00016580        0xc /home/chris/code-projects/zpmc/zpmc_tuv_demo/arm-toolchain/bin/../lib/gcc/arm-none-eabi/14.2.1/../../../../arm-none-eabi/lib/thumb/v7e-m+fp/hard/libg.a(libc_a-mprec.o)
 *fill*         0x0001658c        0x4 
 .rodata.__mprec_bigtens
                0x00016590       0x28 /home/chris/code-projects/zpmc/zpmc_tuv_demo/arm-toolchain/bin/../lib/gcc/arm-none-eabi/14.2.1/../../../../arm-none-eabi/lib/thumb/v7e-m+fp/hard/libg.a(libc_a-mprec.o)
                0x00016590                __mprec_bigtens
 .rodata.__mprec_tens
                0x000165b8       0xc8 /home/chris/code-projects/zpmc/zpmc_tuv_demo/arm-toolchain/bin/../lib/gcc/arm-none-eabi/14.2.1/../../../../arm-none-eabi/lib/thumb/v7e-m+fp/hard/libg.a(libc_a-mprec.o)
                0x000165b8                __mprec_tens
 *(.glue_7)
 .glue_7        0x00016680        0x0 linker stubs
 *(.glue_7t)
 .glue_7t       0x00016680        0x0 linker stubs
 *(.eh_frame)
 .eh_frame      0x00016680        0x0 /home/chris/code-projects/zpmc/zpmc_tuv_demo/arm-toolchain/bin/../lib/gcc/arm-none-eabi/14.2.1/thumb/v7e-m+fp/hard/crtbegin.o
 *(.init)
 .init          0x00016680        0x4 /home/chris/code-projects/zpmc/zpmc_tuv_demo/arm-toolchain/bin/../lib/gcc/arm-none-eabi/14.2.1/thumb/v7e-m+fp/hard/crti.o
                0x00016680                _init
 .init          0x00016684        0x8 /home/chris/code-projects/zpmc/zpmc_tuv_demo/arm-toolchain/bin/../lib/gcc/arm-none-eabi/14.2.1/thumb/v7e-m+fp/hard/crtn.o
 *(.fini)
 .fini          0x0001668c        0x4 /home/chris/code-projects/zpmc/zpmc_tuv_demo/arm-toolchain/bin/../lib/gcc/arm-none-eabi/14.2.1/thumb/v7e-m+fp/hard/crti.o
                0x0001668c                _fini
 .fini          0x00016690        0x8 /home/chris/code-projects/zpmc/zpmc_tuv_demo/arm-toolchain/bin/../lib/gcc/arm-none-eabi/14.2.1/thumb/v7e-m+fp/hard/crtn.o
                0x00016698                        . = ALIGN (0x4)

.vfp11_veneer   0x00016698        0x0
 .vfp11_veneer  0x00016698        0x0 linker stubs

.v4_bx          0x00016698        0x0
 .v4_bx         0x00016698        0x0 linker stubs

.iplt           0x00016698        0x0
 .iplt          0x00016698        0x0 /home/chris/code-projects/zpmc/zpmc_tuv_demo/arm-toolchain/bin/../lib/gcc/arm-none-eabi/14.2.1/thumb/v7e-m+fp/hard/crtbegin.o

.ARM.extab
 *(.ARM.extab* .gnu.linkonce.armextab.*)

.ARM            0x00016698        0x8
                0x00016698                        __exidx_start = .
 *(.ARM.exidx*)
 .ARM.exidx     0x00016698        0x8 /home/chris/code-projects/zpmc/zpmc_tuv_demo/arm-toolchain/bin/../lib/gcc/arm-none-eabi/14.2.1/../../../../arm-none-eabi/lib/thumb/v7e-m+fp/hard/crt0.o
                                 0x10 (size before relaxing)
 .ARM.exidx     0x000166a0        0x0 /home/chris/code-projects/zpmc/zpmc_tuv_demo/arm-toolchain/bin/../lib/gcc/arm-none-eabi/14.2.1/../../../../arm-none-eabi/lib/thumb/v7e-m+fp/hard/libg.a(libc_a-strcmp.o)
                                  0x8 (size before relaxing)
 .ARM.exidx     0x000166a0        0x0 /home/chris/code-projects/zpmc/zpmc_tuv_demo/arm-toolchain/bin/../lib/gcc/arm-none-eabi/14.2.1/../../../../arm-none-eabi/lib/thumb/v7e-m+fp/hard/libg.a(libc_a-strlen.o)
                                  0x8 (size before relaxing)
 .ARM.exidx     0x000166a0        0x0 /home/chris/code-projects/zpmc/zpmc_tuv_demo/arm-toolchain/bin/../lib/gcc/arm-none-eabi/14.2.1/../../../../arm-none-eabi/lib/thumb/v7e-m+fp/hard/libg.a(libc_a-memchr.o)
                                  0x8 (size before relaxing)
 .ARM.exidx.text.__udivmoddi4
                0x000166a0        0x0 /home/chris/code-projects/zpmc/zpmc_tuv_demo/arm-toolchain/bin/../lib/gcc/arm-none-eabi/14.2.1/thumb/v7e-m+fp/hard/libgcc.a(_udivmoddi4.o)
                                  0x8 (size before relaxing)
                0x000166a0                        __exidx_end = .

.rel.dyn        0x000166a0        0x0
 .rel.iplt      0x000166a0        0x0 /home/chris/code-projects/zpmc/zpmc_tuv_demo/arm-toolchain/bin/../lib/gcc/arm-none-eabi/14.2.1/thumb/v7e-m+fp/hard/crtbegin.o

.ctors          0x000166a0        0x0
                0x000166a0                        __CTOR_LIST__ = .
 *crtbegin.o(.ctors)
 *crtbegin?.o(.ctors)
 *(EXCLUDE_FILE(*crtend.o *crtend?.o) .ctors)
 *(SORT_BY_NAME(.ctors.*))
 *(.ctors)
                0x000166a0                        __CTOR_END__ = .

.dtors          0x000166a0        0x0
                0x000166a0                        __DTOR_LIST__ = .
 *crtbegin.o(.dtors)
 *crtbegin?.o(.dtors)
 *(EXCLUDE_FILE(*crtend.o *crtend?.o) .dtors)
 *(SORT_BY_NAME(.dtors.*))
 *(.dtors)
                0x000166a0                        __DTOR_END__ = .

.preinit_array  0x000166a0        0x0
                0x000166a0                        PROVIDE (__preinit_array_start = .)
 *(.preinit_array*)
                0x000166a0                        PROVIDE (__preinit_array_end = .)

.init_array     0x000166a0        0x8
                0x000166a0                        PROVIDE (__init_array_start = .)
 *(SORT_BY_NAME(.init_array.*))
 .init_array.00000
                0x000166a0        0x4 /home/chris/code-projects/zpmc/zpmc_tuv_demo/arm-toolchain/bin/../lib/gcc/arm-none-eabi/14.2.1/../../../../arm-none-eabi/lib/thumb/v7e-m+fp/hard/libg.a(libc_a-__call_atexit.o)
 *(.init_array*)
 .init_array    0x000166a4        0x4 /home/chris/code-projects/zpmc/zpmc_tuv_demo/arm-toolchain/bin/../lib/gcc/arm-none-eabi/14.2.1/thumb/v7e-m+fp/hard/crtbegin.o
                0x000166a8                        PROVIDE (__init_array_end = .)

.fini_array     0x000166a8        0x4
                0x000166a8                        PROVIDE (__fini_array_start = .)
 *(SORT_BY_NAME(.fini_array.*))
 *(.fini_array*)
 .fini_array    0x000166a8        0x4 /home/chris/code-projects/zpmc/zpmc_tuv_demo/arm-toolchain/bin/../lib/gcc/arm-none-eabi/14.2.1/thumb/v7e-m+fp/hard/crtbegin.o
                0x000166ac                        PROVIDE (__fini_array_end = .)
                0x000166ac                        __etext = .
                0x000166ac                        __DATA_ROM = .

.data           0x20000000      0x6d8 load address 0x000166ac
                0x20000000                        . = ALIGN (0x4)
                0x20000000                        __DATA_RAM = .
                0x20000000                        __data_start__ = .
 *(.data)
 .data          0x20000000        0x4 build/obj/./drivers/NXP/system_MIMX8ML8_cm7.o
                0x20000000                SystemCoreClock
 *(.data*)
 .data.__malloc_sbrk_base
                0x20000004        0x4 /home/chris/code-projects/zpmc/zpmc_tuv_demo/arm-toolchain/bin/../lib/gcc/arm-none-eabi/14.2.1/../../../../arm-none-eabi/lib/thumb/v7e-m+fp/hard/libg.a(libc_a-mallocr.o)
                0x20000004                __malloc_sbrk_base
 .data.__malloc_trim_threshold
                0x20000008        0x4 /home/chris/code-projects/zpmc/zpmc_tuv_demo/arm-toolchain/bin/../lib/gcc/arm-none-eabi/14.2.1/../../../../arm-none-eabi/lib/thumb/v7e-m+fp/hard/libg.a(libc_a-mallocr.o)
                0x20000008                __malloc_trim_threshold
 *fill*         0x2000000c        0x4 
 .data.__malloc_av_
                0x20000010      0x408 /home/chris/code-projects/zpmc/zpmc_tuv_demo/arm-toolchain/bin/../lib/gcc/arm-none-eabi/14.2.1/../../../../arm-none-eabi/lib/thumb/v7e-m+fp/hard/libg.a(libc_a-mallocr.o)
                0x20000010                __malloc_av_
 .data.__sglue  0x20000418        0xc /home/chris/code-projects/zpmc/zpmc_tuv_demo/arm-toolchain/bin/../lib/gcc/arm-none-eabi/14.2.1/../../../../arm-none-eabi/lib/thumb/v7e-m+fp/hard/libg.a(libc_a-findfp.o)
                0x20000418                __sglue
 .data._impure_ptr
                0x20000424        0x4 /home/chris/code-projects/zpmc/zpmc_tuv_demo/arm-toolchain/bin/../lib/gcc/arm-none-eabi/14.2.1/../../../../arm-none-eabi/lib/thumb/v7e-m+fp/hard/libg.a(libc_a-impure.o)
                0x20000424                _impure_ptr
 .data._impure_data
                0x20000428      0x140 /home/chris/code-projects/zpmc/zpmc_tuv_demo/arm-toolchain/bin/../lib/gcc/arm-none-eabi/14.2.1/../../../../arm-none-eabi/lib/thumb/v7e-m+fp/hard/libg.a(libc_a-impure.o)
                0x20000428                _impure_data
 .data.__atexit_recursive_mutex
                0x20000568        0x4 /home/chris/code-projects/zpmc/zpmc_tuv_demo/arm-toolchain/bin/../lib/gcc/arm-none-eabi/14.2.1/../../../../arm-none-eabi/lib/thumb/v7e-m+fp/hard/libg.a(libc_a-__call_atexit.o)
                0x20000568                __atexit_recursive_mutex
 .data.__global_locale
                0x2000056c      0x16c /home/chris/code-projects/zpmc/zpmc_tuv_demo/arm-toolchain/bin/../lib/gcc/arm-none-eabi/14.2.1/../../../../arm-none-eabi/lib/thumb/v7e-m+fp/hard/libg.a(libc_a-locale.o)
                0x2000056c                __global_locale
 *(.jcr*)
                0x200006d8                        . = ALIGN (0x4)
                0x200006d8                        __data_end__ = .
                0x00000000                        __CACHE_REGION_START = ORIGIN (m_interrupts)
                0x00000000                        __CACHE_REGION_SIZE = 0x0
                0x00016d84                        __NDATA_ROM = (__DATA_ROM + SIZEOF (.data))

.tm_clone_table
                0x200006d8        0x0 load address 0x00016d84
 .tm_clone_table
                0x200006d8        0x0 /home/chris/code-projects/zpmc/zpmc_tuv_demo/arm-toolchain/bin/../lib/gcc/arm-none-eabi/14.2.1/thumb/v7e-m+fp/hard/crtbegin.o
 .tm_clone_table
                0x200006d8        0x0 /home/chris/code-projects/zpmc/zpmc_tuv_demo/arm-toolchain/bin/../lib/gcc/arm-none-eabi/14.2.1/thumb/v7e-m+fp/hard/crtend.o

.igot.plt       0x200006d8        0x0 load address 0x00016d84
 .igot.plt      0x200006d8        0x0 /home/chris/code-projects/zpmc/zpmc_tuv_demo/arm-toolchain/bin/../lib/gcc/arm-none-eabi/14.2.1/thumb/v7e-m+fp/hard/crtbegin.o

.ncache.init    0x80000000        0x0 load address 0x00016d84
                0x80000000                        __noncachedata_start__ = .
 *(NonCacheable.init)
                0x80000000                        . = ALIGN (0x4)
                0x80000000                        __noncachedata_init_end__ = .
                0x80000000                        . = __noncachedata_init_end__

.ncache         0x80000000      0xa80
 *(NonCacheable)
 NonCacheable   0x80000000      0xa80 build/obj/./drivers/freescale/fsl_sdma.o
                0x80000a80                        . = ALIGN (0x4)
                0x80000a80                        __noncachedata_end__ = .
                0x00016d84                        __DATA_END = (__DATA_ROM + (__data_end__ - __data_start__))
                0x00020000                        text_end = (ORIGIN (m_text) + LENGTH (m_text))
                0x00000001                        ASSERT ((__DATA_END <= text_end), region m_text overflowed with text and data)

.bss            0x200006d8    0x10598 load address 0x00016d84
                0x200006d8                        . = ALIGN (0x4)
                0x200006d8                        __START_BSS = .
                0x200006d8                        __bss_start__ = .
 *(.bss)
 .bss           0x200006d8       0x10 build/obj/./main.o
                0x200006d8                loop_time_us
                0x200006dc                differing_reads
                0x200006e0                in_fault_state
                0x200006e4                last_fault_time_us
 .bss           0x200006e8      0x180 build/obj/./drivers/freescale/fsl_sdma.o
 .bss           0x20000868       0x28 build/obj/./drivers/freescale/fsl_debug_console.o
                0x2000088c                g_serialHandle
 .bss           0x20000890        0x4 build/obj/./drivers/freescale/fsl_component_serial_manager.o
 .bss           0x20000894       0x18 build/obj/./drivers/freescale/fsl_uart.o
                0x20000894                s_uartIsr
                0x20000898                s_uartHandle
 .bss           0x200008ac        0x4 build/obj/./drivers/freescale/fsl_sbrk.o
 .bss           0x200008b0       0x24 build/obj/./drivers/freescale/fsl_i2c.o
 .bss           0x200008d4       0x18 build/obj/./drivers/freescale/fsl_ecspi.o
 .bss           0x200008ec       0x10 build/obj/./drivers/freescale/fsl_pdm.o
 .bss           0x200008fc    0x10038 build/obj/./drivers/rpmsg/rpmsg_env_bm.o
 .bss           0x20010934        0xc build/obj/./drivers/rpmsg/rpmsg_platform.o
 *(.bss*)
 .bss.completed.1
                0x20010940        0x1 /home/chris/code-projects/zpmc/zpmc_tuv_demo/arm-toolchain/bin/../lib/gcc/arm-none-eabi/14.2.1/thumb/v7e-m+fp/hard/crtbegin.o
 *fill*         0x20010941        0x3 
 .bss.object.0  0x20010944       0x18 /home/chris/code-projects/zpmc/zpmc_tuv_demo/arm-toolchain/bin/../lib/gcc/arm-none-eabi/14.2.1/thumb/v7e-m+fp/hard/crtbegin.o
 .bss.__malloc_current_mallinfo
                0x2001095c       0x28 /home/chris/code-projects/zpmc/zpmc_tuv_demo/arm-toolchain/bin/../lib/gcc/arm-none-eabi/14.2.1/../../../../arm-none-eabi/lib/thumb/v7e-m+fp/hard/libg.a(libc_a-mallocr.o)
                0x2001095c                __malloc_current_mallinfo
 .bss.__malloc_max_total_mem
                0x20010984        0x4 /home/chris/code-projects/zpmc/zpmc_tuv_demo/arm-toolchain/bin/../lib/gcc/arm-none-eabi/14.2.1/../../../../arm-none-eabi/lib/thumb/v7e-m+fp/hard/libg.a(libc_a-mallocr.o)
                0x20010984                __malloc_max_total_mem
 .bss.__malloc_max_sbrked_mem
                0x20010988        0x4 /home/chris/code-projects/zpmc/zpmc_tuv_demo/arm-toolchain/bin/../lib/gcc/arm-none-eabi/14.2.1/../../../../arm-none-eabi/lib/thumb/v7e-m+fp/hard/libg.a(libc_a-mallocr.o)
                0x20010988                __malloc_max_sbrked_mem
 .bss.__malloc_top_pad
                0x2001098c        0x4 /home/chris/code-projects/zpmc/zpmc_tuv_demo/arm-toolchain/bin/../lib/gcc/arm-none-eabi/14.2.1/../../../../arm-none-eabi/lib/thumb/v7e-m+fp/hard/libg.a(libc_a-mallocr.o)
                0x2001098c                __malloc_top_pad
 .bss.__sf      0x20010990      0x138 /home/chris/code-projects/zpmc/zpmc_tuv_demo/arm-toolchain/bin/../lib/gcc/arm-none-eabi/14.2.1/../../../../arm-none-eabi/lib/thumb/v7e-m+fp/hard/libg.a(libc_a-findfp.o)
                0x20010990                __sf
 .bss.__stdio_exit_handler
                0x20010ac8        0x4 /home/chris/code-projects/zpmc/zpmc_tuv_demo/arm-toolchain/bin/../lib/gcc/arm-none-eabi/14.2.1/../../../../arm-none-eabi/lib/thumb/v7e-m+fp/hard/libg.a(libc_a-findfp.o)
                0x20010ac8                __stdio_exit_handler
 .bss.errno     0x20010acc        0x4 /home/chris/code-projects/zpmc/zpmc_tuv_demo/arm-toolchain/bin/../lib/gcc/arm-none-eabi/14.2.1/../../../../arm-none-eabi/lib/thumb/v7e-m+fp/hard/libg.a(libc_a-reent.o)
                0x20010acc                errno
 .bss.__lock___malloc_recursive_mutex
                0x20010ad0        0x1 /home/chris/code-projects/zpmc/zpmc_tuv_demo/arm-toolchain/bin/../lib/gcc/arm-none-eabi/14.2.1/../../../../arm-none-eabi/lib/thumb/v7e-m+fp/hard/libg.a(libc_a-lock.o)
                0x20010ad0                __lock___malloc_recursive_mutex
 *fill*         0x20010ad1        0x3 
 .bss.__lock___atexit_recursive_mutex
                0x20010ad4        0x1 /home/chris/code-projects/zpmc/zpmc_tuv_demo/arm-toolchain/bin/../lib/gcc/arm-none-eabi/14.2.1/../../../../arm-none-eabi/lib/thumb/v7e-m+fp/hard/libg.a(libc_a-lock.o)
                0x20010ad4                __lock___atexit_recursive_mutex
 *fill*         0x20010ad5        0x3 
 .bss.__lock___sfp_recursive_mutex
                0x20010ad8        0x1 /home/chris/code-projects/zpmc/zpmc_tuv_demo/arm-toolchain/bin/../lib/gcc/arm-none-eabi/14.2.1/../../../../arm-none-eabi/lib/thumb/v7e-m+fp/hard/libg.a(libc_a-lock.o)
                0x20010ad8                __lock___sfp_recursive_mutex
 *fill*         0x20010ad9        0x3 
 .bss.__atexit  0x20010adc        0x4 /home/chris/code-projects/zpmc/zpmc_tuv_demo/arm-toolchain/bin/../lib/gcc/arm-none-eabi/14.2.1/../../../../arm-none-eabi/lib/thumb/v7e-m+fp/hard/libg.a(libc_a-__call_atexit.o)
                0x20010adc                __atexit
 .bss.__atexit0
                0x20010ae0      0x190 /home/chris/code-projects/zpmc/zpmc_tuv_demo/arm-toolchain/bin/../lib/gcc/arm-none-eabi/14.2.1/../../../../arm-none-eabi/lib/thumb/v7e-m+fp/hard/libg.a(libc_a-__atexit.o)
                0x20010ae0                __atexit0
 *(COMMON)
                0x20010c70                        . = ALIGN (0x4)
                0x20010c70                        __bss_end__ = .
                0x20010c70                        __END_BSS = .

.heap           0x20010c70      0x400 load address 0x0002731c
                0x20010c70                        . = ALIGN (0x8)
                0x20010c70                        __end__ = .
                0x20010c70                        PROVIDE (end = .)
                0x20010c70                        __HeapBase = .
                0x20011070                        . = (. + HEAP_SIZE)
 *fill*         0x20010c70      0x400 