Archive member included to satisfy reference by file (symbol)

/home/chris/code-projects/zpmc/zpmc_tuv_demo/arm-toolchain/bin/../lib/gcc/arm-none-eabi/14.2.1/thumb/v7e-m+fp/hard/libgcc.a(_aeabi_uldivmod.o)
                              build/obj/drivers/NXP/system_MIMX8ML8_cm7.o (__aeabi_uldivmod)
/home/chris/code-projects/zpmc/zpmc_tuv_demo/arm-toolchain/bin/../lib/gcc/arm-none-eabi/14.2.1/thumb/v7e-m+fp/hard/libgcc.a(_udivmoddi4.o)
                              /home/chris/code-projects/zpmc/zpmc_tuv_demo/arm-toolchain/bin/../lib/gcc/arm-none-eabi/14.2.1/thumb/v7e-m+fp/hard/libgcc.a(_aeabi_uldivmod.o) (__udivmoddi4)
/home/chris/code-projects/zpmc/zpmc_tuv_demo/arm-toolchain/bin/../lib/gcc/arm-none-eabi/14.2.1/thumb/v7e-m+fp/hard/libgcc.a(_dvmd_tls.o)
                              /home/chris/code-projects/zpmc/zpmc_tuv_demo/arm-toolchain/bin/../lib/gcc/arm-none-eabi/14.2.1/thumb/v7e-m+fp/hard/libgcc.a(_aeabi_uldivmod.o) (__aeabi_ldiv0)
/home/chris/code-projects/zpmc/zpmc_tuv_demo/arm-toolchain/bin/../lib/gcc/arm-none-eabi/14.2.1/../../../../arm-none-eabi/lib/thumb/v7e-m+fp/hard/libg.a(libc_a-exit.o)
                              /home/chris/code-projects/zpmc/zpmc_tuv_demo/arm-toolchain/bin/../lib/gcc/arm-none-eabi/14.2.1/../../../../arm-none-eabi/lib/thumb/v7e-m+fp/hard/crt0.o (exit)
/home/chris/code-projects/zpmc/zpmc_tuv_demo/arm-toolchain/bin/../lib/gcc/arm-none-eabi/14.2.1/../../../../arm-none-eabi/lib/thumb/v7e-m+fp/hard/libg.a(libc_a-malloc.o)
                              build/obj/drivers/freescale/fsl_common.o (malloc)
/home/chris/code-projects/zpmc/zpmc_tuv_demo/arm-toolchain/bin/../lib/gcc/arm-none-eabi/14.2.1/../../../../arm-none-eabi/lib/thumb/v7e-m+fp/hard/libg.a(libc_a-mallocr.o)
                              /home/chris/code-projects/zpmc/zpmc_tuv_demo/arm-toolchain/bin/../lib/gcc/arm-none-eabi/14.2.1/../../../../arm-none-eabi/lib/thumb/v7e-m+fp/hard/libg.a(libc_a-malloc.o) (_malloc_r)
/home/chris/code-projects/zpmc/zpmc_tuv_demo/arm-toolchain/bin/../lib/gcc/arm-none-eabi/14.2.1/../../../../arm-none-eabi/lib/thumb/v7e-m+fp/hard/libg.a(libc_a-mlock.o)
                              /home/chris/code-projects/zpmc/zpmc_tuv_demo/arm-toolchain/bin/../lib/gcc/arm-none-eabi/14.2.1/../../../../arm-none-eabi/lib/thumb/v7e-m+fp/hard/libg.a(libc_a-mallocr.o) (__malloc_lock)
/home/chris/code-projects/zpmc/zpmc_tuv_demo/arm-toolchain/bin/../lib/gcc/arm-none-eabi/14.2.1/../../../../arm-none-eabi/lib/thumb/v7e-m+fp/hard/libg.a(libc_a-strtoul.o)
                              build/obj/drivers/freescale/fsl_str.o (strtoul)
/home/chris/code-projects/zpmc/zpmc_tuv_demo/arm-toolchain/bin/../lib/gcc/arm-none-eabi/14.2.1/../../../../arm-none-eabi/lib/thumb/v7e-m+fp/hard/libg.a(libc_a-ctype_.o)
                              /home/chris/code-projects/zpmc/zpmc_tuv_demo/arm-toolchain/bin/../lib/gcc/arm-none-eabi/14.2.1/../../../../arm-none-eabi/lib/thumb/v7e-m+fp/hard/libg.a(libc_a-strtoul.o) (_ctype_)
/home/chris/code-projects/zpmc/zpmc_tuv_demo/arm-toolchain/bin/../lib/gcc/arm-none-eabi/14.2.1/../../../../arm-none-eabi/lib/thumb/v7e-m+fp/hard/libg.a(libc_a-findfp.o)
                              /home/chris/code-projects/zpmc/zpmc_tuv_demo/arm-toolchain/bin/../lib/gcc/arm-none-eabi/14.2.1/../../../../arm-none-eabi/lib/thumb/v7e-m+fp/hard/libg.a(libc_a-exit.o) (__stdio_exit_handler)
/home/chris/code-projects/zpmc/zpmc_tuv_demo/arm-toolchain/bin/../lib/gcc/arm-none-eabi/14.2.1/../../../../arm-none-eabi/lib/thumb/v7e-m+fp/hard/libg.a(libc_a-fwalk.o)
                              /home/chris/code-projects/zpmc/zpmc_tuv_demo/arm-toolchain/bin/../lib/gcc/arm-none-eabi/14.2.1/../../../../arm-none-eabi/lib/thumb/v7e-m+fp/hard/libg.a(libc_a-findfp.o) (_fwalk_sglue)
/home/chris/code-projects/zpmc/zpmc_tuv_demo/arm-toolchain/bin/../lib/gcc/arm-none-eabi/14.2.1/../../../../arm-none-eabi/lib/thumb/v7e-m+fp/hard/libg.a(libc_a-printf.o)
                              build/obj/drivers/rpmsg/virtqueue.o (printf)
/home/chris/code-projects/zpmc/zpmc_tuv_demo/arm-toolchain/bin/../lib/gcc/arm-none-eabi/14.2.1/../../../../arm-none-eabi/lib/thumb/v7e-m+fp/hard/libg.a(libc_a-stdio.o)
                              /home/chris/code-projects/zpmc/zpmc_tuv_demo/arm-toolchain/bin/../lib/gcc/arm-none-eabi/14.2.1/../../../../arm-none-eabi/lib/thumb/v7e-m+fp/hard/libg.a(libc_a-findfp.o) (__sread)
/home/chris/code-projects/zpmc/zpmc_tuv_demo/arm-toolchain/bin/../lib/gcc/arm-none-eabi/14.2.1/../../../../arm-none-eabi/lib/thumb/v7e-m+fp/hard/libg.a(libc_a-memset.o)
                              /home/chris/code-projects/zpmc/zpmc_tuv_demo/arm-toolchain/bin/../lib/gcc/arm-none-eabi/14.2.1/../../../../arm-none-eabi/lib/thumb/v7e-m+fp/hard/crt0.o (memset)
/home/chris/code-projects/zpmc/zpmc_tuv_demo/arm-toolchain/bin/../lib/gcc/arm-none-eabi/14.2.1/../../../../arm-none-eabi/lib/thumb/v7e-m+fp/hard/libg.a(libc_a-strncmp.o)
                              build/obj/drivers/rpmsg/rpmsg_env_bm.o (strncmp)
[...]
Memory Configuration

Name             Origin             Length             Attributes
m_interrupts     0x00000000         0x00000400         xr
m_text           0x00000400         0x0001fc00         xr
m_data           0x20000000         0x00020000         rw
m_data2          0x80000000         0x01000000         rw
*default*        0x00000000         0xffffffff

Linker script and memory map

LOAD /home/chris/code-projects/zpmc/zpmc_tuv_demo/arm-toolchain/bin/../lib/gcc/arm-none-eabi/14.2.1/thumb/v7e-m+fp/hard/crti.o
LOAD /home/chris/code-projects/zpmc/zpmc_tuv_demo/arm-toolchain/bin/../lib/gcc/arm-none-eabi/14.2.1/thumb/v7e-m+fp/hard/crtbegin.o
LOAD /home/chris/code-projects/zpmc/zpmc_tuv_demo/arm-toolchain/bin/../lib/gcc/arm-none-eabi/14.2.1/../../../../arm-none-eabi/lib/thumb/v7e-m+fp/hard/crt0.o
LOAD build/obj/drivers/NXP/system_MIMX8ML8_cm7.o
LOAD build/obj/drivers/freescale/fsl_sdma.o
LOAD build/obj/drivers/freescale/fsl_asrc.o
LOAD build/obj/drivers/freescale/fsl_rdc.o
LOAD build/obj/drivers/freescale/fsl_ecspi_cmsis.o
LOAD build/obj/drivers/freescale/fsl_wdog.o
LOAD build/obj/drivers/freescale/fsl_gpc.o
LOAD build/obj/drivers/freescale/fsl_clock.o
LOAD build/obj/drivers/freescale/fsl_debug_console.o
LOAD build/obj/drivers/freescale/fsl_gpt.o
LOAD build/obj/drivers/freescale/fsl_common.o
LOAD build/obj/drivers/freescale/fsl_adapter_iuart.o
LOAD build/obj/drivers/freescale/fsl_component_serial_manager.o
LOAD build/obj/drivers/freescale/fsl_uart.o
LOAD build/obj/drivers/freescale/fsl_cache.o
LOAD build/obj/drivers/freescale/fsl_str.o
LOAD build/obj/drivers/freescale/fsl_sbrk.o
LOAD build/obj/drivers/freescale/fsl_component_serial_port_uart.o
LOAD build/obj/drivers/freescale/fsl_i2c.o
LOAD build/obj/drivers/freescale/fsl_assert.o
LOAD build/obj/drivers/freescale/fsl_i2c_cmsis.o
LOAD build/obj/drivers/freescale/fsl_mu.o
LOAD build/obj/drivers/freescale/fsl_tmu.o
LOAD build/obj/drivers/freescale/fsl_common_arm.o
LOAD build/obj/drivers/freescale/fsl_ecspi.o
LOAD build/obj/drivers/freescale/fsl_pdm_sdma.o
LOAD build/obj/drivers/freescale/fsl_gpio.o
LOAD build/obj/drivers/freescale/fsl_uart_cmsis.o
LOAD build/obj/drivers/freescale/fsl_pdm.o
LOAD build/obj/drivers/freescale/fsl_uart_sdma.o
LOAD build/obj/drivers/freescale/fsl_asrc_sdma.o
LOAD build/obj/drivers/rpmsg/virtqueue.o
LOAD build/obj/drivers/rpmsg/llist.o
LOAD build/obj/drivers/rpmsg/rpmsg_lite.o
LOAD build/obj/drivers/rpmsg/rpmsg_queue.o
LOAD build/obj/drivers/rpmsg/rpmsg_ns.o
LOAD build/obj/drivers/rpmsg/rpmsg_env_bm.o
LOAD build/obj/drivers/rpmsg/rpmsg_platform.o
LOAD build/obj/src/main.o
LOAD build/obj/src/main-old.o
LOAD build/obj/src/clock_config.o
LOAD build/obj/src/rsc_table.o
LOAD build/obj/src/pin_mux.o
LOAD build/obj/src/board.o
LOAD build/obj/drivers/NXP/startup_MIMX8ML8_cm7.o
LOAD build/obj/drivers/freescale/fsl_memcpy.o
START GROUP
LOAD /home/chris/code-projects/zpmc/zpmc_tuv_demo/arm-toolchain/bin/../lib/gcc/arm-none-eabi/14.2.1/thumb/v7e-m+fp/hard/libgcc.a
LOAD /home/chris/code-projects/zpmc/zpmc_tuv_demo/arm-toolchain/bin/../lib/gcc/arm-none-eabi/14.2.1/../../../../arm-none-eabi/lib/thumb/v7e-m+fp/hard/libg.a
LOAD /home/chris/code-projects/zpmc/zpmc_tuv_demo/arm-toolchain/bin/../lib/gcc/arm-none-eabi/14.2.1/../../../../arm-none-eabi/lib/thumb/v7e-m+fp/hard/libc.a
END GROUP
START GROUP
LOAD /home/chris/code-projects/zpmc/zpmc_tuv_demo/arm-toolchain/bin/../lib/gcc/arm-none-eabi/14.2.1/thumb/v7e-m+fp/hard/libgcc.a
LOAD /home/chris/code-projects/zpmc/zpmc_tuv_demo/arm-toolchain/bin/../lib/gcc/arm-none-eabi/14.2.1/../../../../arm-none-eabi/lib/thumb/v7e-m+fp/hard/libc.a
LOAD /home/chris/code-projects/zpmc/zpmc_tuv_demo/arm-toolchain/bin/../lib/gcc/arm-none-eabi/14.2.1/../../../../arm-none-eabi/lib/thumb/v7e-m+fp/hard/libnosys.a
END GROUP
LOAD /home/chris/code-projects/zpmc/zpmc_tuv_demo/arm-toolchain/bin/../lib/gcc/arm-none-eabi/14.2.1/thumb/v7e-m+fp/hard/crtend.o
LOAD /home/chris/code-projects/zpmc/zpmc_tuv_demo/arm-toolchain/bin/../lib/gcc/arm-none-eabi/14.2.1/thumb/v7e-m+fp/hard/crtn.o
                0x00000400                        HEAP_SIZE = DEFINED (__heap_size__)?__heap_size__:0x400
                0x00000400                        STACK_SIZE = DEFINED (__stack_size__)?__stack_size__:0x400

.interrupts     0x00000000      0x2a8
                0x00000000                        __VECTOR_TABLE = .
                0x00000000                        __Vectors = .
                0x00000000                        . = ALIGN (0x4)
 *(.isr_vector)
 .isr_vector    0x00000000      0x2a8 build/obj/drivers/NXP/startup_MIMX8ML8_cm7.o
                0x00000000                __isr_vector
                0x000002a8                        . = ALIGN (0x4)

.resource_table
                0x00000400       0x58
                0x00000400                        . = ALIGN (0x8)
 *(.resource_table)
 .resource_table
                0x00000400       0x58 build/obj/src/rsc_table.o
                0x00000400                resources
                0x00000458                        . = ALIGN (0x8)

.text           0x00000480    0x15988
                0x00000480                        . = ALIGN (0x4)
 *(.text)
 .text          0x00000480       0x7c /home/chris/code-projects/zpmc/zpmc_tuv_demo/arm-toolchain/bin/../lib/gcc/arm-none-eabi/14.2.1/../../../../arm-none-eabi/lib/thumb/v7e-m+fp/hard/crt0.o
                0x00000480                _stack_init
                0x00000488                _mainCRTStartup
                0x00000488                _start
 .text          0x000004fc      0x37c build/obj/drivers/NXP/system_MIMX8ML8_cm7.o
                0x000004fc                GetFracPllFreq
                0x00000644                GetIntegerPllFreq
                0x00000740                SystemInit
                0x00000760                SystemCoreClockUpdate
                0x00000868                SystemInitHook
 .text          0x00000878     0x1a70 build/obj/drivers/freescale/fsl_sdma.o
                0x00000e3c                SDMA_LoadScript
                0x00000edc                SDMA_DumpScript
                0x00000f7c                SDMA_IsPeripheralInSPBA
                0x0000102c                SDMA_Init
                0x00001184                SDMA_Deinit
                0x000011b4                SDMA_GetDefaultConfig
                0x000011f8                SDMA_ResetModule
                0x00001290                SDMA_ConfigBufferDescriptor
                0x00001360                SDMA_SetContextSwitchMode
                0x00001390                SDMA_GetRequestSourceStatus
                0x000013f0                SDMA_CreateHandle
                0x00001508                SDMA_InstallBDMemory
                0x000015b4                SDMA_SetCallback
                0x000015f4                SDMA_SetMultiFifoConfig
                0x0000166c                SDMA_EnableSwDone
                0x000016d4                SDMA_SetDoneConfig
                0x000017f0                SDMA_PrepareTransfer
                0x000019e4                SDMA_PrepareP2PTransfer
                0x00001c34                SDMA_SubmitTransfer
                0x00001ebc                SDMA_StartTransfer
                0x00001f74                SDMA_StopTransfer
                0x00001fb8                SDMA_AbortTransfer
                0x00002074                SDMA_GetTransferredBytes
                0x000020d0                SDMA_HandleIRQ
                0x00002184                SDMA1_DriverIRQHandler
                0x000021f8                SDMA2_DriverIRQHandler
                0x00002270                SDMA3_DriverIRQHandler
 .text          0x000022e8      0x3c0 build/obj/drivers/freescale/fsl_rdc.o
                0x000022e8                RDC_GetInstance
                0x0000233c                RDC_Init
                0x00002360                RDC_Deinit
                0x00002384                RDC_GetHardwareConfig
                0x000023c0                RDC_SetMasterDomainAssignment
                0x00002408                RDC_GetDefaultMasterDomainAssignment
                0x00002440                RDC_SetPeriphAccessConfig
                0x000024b4                RDC_GetDefaultPeriphAccessConfig
                0x00002500                RDC_SetMemAccessConfig
                0x000025b4                RDC_GetDefaultMemAccessConfig
                0x00002618                RDC_GetMemViolationStatus
 .text          0x000026a8     0x1588 build/obj/drivers/freescale/fsl_clock.o
                0x0000283a                CLOCK_GetFreq
                0x00002ae0                CLOCK_GetClockRootFreq
                0x00002b9c                CLOCK_GetCoreM7Freq
                0x00002c7c                CLOCK_GetAxiFreq
                0x00002d58                CLOCK_GetAhbFreq
                0x00002e38                CLOCK_GetEnetAxiFreq
                0x00002f20                CLOCK_GetPllRefClkFreq
                0x00002f98                CLOCK_GetPllFreq
                0x00003124                CLOCK_InitArmPll
                0x00003198                CLOCK_DeinitArmPll
                0x000031b0                CLOCK_InitAudioPll1
                0x00003218                CLOCK_DeinitAudioPll1
                0x0000322c                CLOCK_InitAudioPll2
                0x000032a0                CLOCK_DeinitAudioPll2
                0x000032b8                CLOCK_InitVideoPll1
                0x0000332c                CLOCK_DeinitVideoPll1
                0x00003344                CLOCK_InitSysPll1
                0x000033b8                CLOCK_DeinitSysPll1
                0x000033d0                CLOCK_InitSysPll2
                0x00003444                CLOCK_DeinitSysPll2
                0x0000345c                CLOCK_InitSysPll3
                0x000034d0                CLOCK_DeinitSysPll3
                0x000034e8                CLOCK_InitFracPll
                0x00003648                CLOCK_GetFracPllFreq
                0x0000378c                CLOCK_InitIntegerPll
                0x000038d8                CLOCK_GetIntegerPllFreq
                0x000039e4                CLOCK_SetRootDivider
                0x00003a64                CLOCK_UpdateRoot
                0x00003af0                CLOCK_EnableClock
                0x00003b90                CLOCK_DisableClock
 .text          0x00003c30      0x5fc build/obj/drivers/freescale/fsl_debug_console.o
                0x00003c30                DbgConsole_ReadOneCharacter
                0x00003c74                DbgConsole_SendData
                0x00003cb4                DbgConsole_SendDataReliable
                0x00003d08                DbgConsole_ReadLine
                0x00003db0                DbgConsole_ReadCharacter
                0x00003e5a                DbgConsole_Init
                0x00003f84                DbgConsole_EnterLowpower
                0x00003fb4                DbgConsole_ExitLowpower
                0x00003fe4                DbgConsole_Deinit
                0x00004048                DbgConsole_Flush
                0x00004058                DbgConsole_Printf
                0x00004084                DbgConsole_Vprintf
                0x000040ec                DbgConsole_Putchar
                0x00004108                DbgConsole_Scanf
                0x0000414e                DbgConsole_BlockingPrintf
                0x0000417a                DbgConsole_BlockingVprintf
                0x00004200                DbgConsole_Getchar
 .text          0x0000422c      0x304 build/obj/drivers/freescale/fsl_adapter_iuart.o
                0x0000424e                HAL_UartInit
                0x0000436c                HAL_UartDeinit
                0x000043b8                HAL_UartReceiveBlocking
                0x00004444                HAL_UartSendBlocking
                0x000044c8                HAL_UartEnterLowpower
                0x000044fc                HAL_UartExitLowpower
 .text          0x00004530      0x41c build/obj/drivers/freescale/fsl_component_serial_manager.o
                0x0000466a                SerialManager_Init
                0x000046ca                SerialManager_Deinit
                0x00004724                SerialManager_OpenWriteHandle
                0x00004774                SerialManager_CloseWriteHandle
                0x000047c4                SerialManager_OpenReadHandle
                0x00004824                SerialManager_CloseReadHandle
                0x00004874                SerialManager_WriteBlocking
                0x00004894                SerialManager_ReadBlocking
                0x000048b4                SerialManager_EnterLowpower
                0x000048f0                SerialManager_ExitLowpower
                0x0000492c                SerialManager_SetLowpowerCriticalCb
 .text          0x0000494c     0x1c98 build/obj/drivers/freescale/fsl_uart.o
                0x00004bac                UART_GetInstance
                0x00004c0c                UART_TransferGetRxRingBufferLength
                0x00004cc4                UART_Init
                0x00004e64                UART_Deinit
                0x00004ea4                UART_GetDefaultConfig
                0x00004f28                UART_SetBaudRate
                0x000052d8                UART_EnableInterrupts
                0x0000549c                UART_DisableInterrupts
                0x00005668                UART_GetEnabledInterrupts
                0x00005848                UART_GetStatusFlag
                0x00005884                UART_ClearStatusFlag
                0x000058c0                UART_WriteBlocking
                0x00005930                UART_ReadBlocking
                0x00005abc                UART_TransferCreateHandle
                0x00005b50                UART_TransferStartRingBuffer
                0x00005bc4                UART_TransferStopRingBuffer
                0x00005c28                UART_TransferSendNonBlocking
                0x00005cec                UART_TransferAbortSend
                0x00005d34                UART_TransferGetSendCount
                0x00005da0                UART_TransferReceiveNonBlocking
                0x00005f64                UART_TransferAbortReceive
                0x00005fb8                UART_TransferGetReceiveCount
                0x00006030                UART_TransferHandleIRQ
                0x00006544                UART1_DriverIRQHandler
                0x0000656c                UART2_DriverIRQHandler
                0x00006594                UART3_DriverIRQHandler
                0x000065bc                UART4_DriverIRQHandler
 .text          0x000065e4      0xc24 build/obj/drivers/freescale/fsl_str.o
                0x000069e8                StrFormatPrintf
                0x00006f22                StrFormatScanf
 .text          0x00007208       0x68 build/obj/drivers/freescale/fsl_sbrk.o
                0x00007208                _sbrk
 .text          0x00007270      0x132 build/obj/drivers/freescale/fsl_component_serial_port_uart.o
                0x00007270                Serial_UartInit
                0x000072ae                Serial_UartDeinit
                0x000072d2                Serial_UartWrite
                0x0000730a                Serial_UartRead
                0x00007342                Serial_UartEnterLowpower
                0x00007370                Serial_UartExitLowpower
 *fill*         0x000073a2        0x2 
 .text          0x000073a4     0x1790 build/obj/drivers/freescale/fsl_i2c.o
                0x0000795c                I2C_MasterInit
                0x000079fc                I2C_MasterDeinit
                0x00007a2c                I2C_MasterGetDefaultConfig
                0x00007a78                I2C_EnableInterrupts
                0x00007aa8                I2C_DisableInterrupts
                0x00007ad8                I2C_MasterSetBaudRate
                0x00007b64                I2C_MasterStart
                0x00007bc8                I2C_MasterRepeatedStart
                0x00007c3a                I2C_MasterStop
                0x00007c70                I2C_MasterWriteBlocking
                0x00007d78                I2C_MasterReadBlocking
                0x00007e76                I2C_MasterTransferBlocking
                0x000080d4                I2C_MasterTransferCreateHandle
                0x00008158                I2C_MasterTransferNonBlocking
                0x000081d4                I2C_MasterTransferAbort
                0x000082b0                I2C_MasterTransferGetCount
                0x00008300                I2C_MasterTransferHandleIRQ
                0x000083cc                I2C_SlaveInit
                0x0000844c                I2C_SlaveDeinit
                0x0000847c                I2C_SlaveGetDefaultConfig
                0x000084bc                I2C_SlaveWriteBlocking
                0x0000852a                I2C_SlaveReadBlocking
                0x000085cc                I2C_SlaveTransferCreateHandle
                0x00008650                I2C_SlaveTransferNonBlocking
                0x000086cc                I2C_SlaveTransferAbort
                0x00008724                I2C_SlaveTransferGetCount
                0x00008780                I2C_SlaveTransferHandleIRQ
                0x00008a8a                I2C1_DriverIRQHandler
                0x00008aa8                I2C2_DriverIRQHandler
                0x00008ac4                I2C3_DriverIRQHandler
                0x00008ae0                I2C4_DriverIRQHandler
                0x00008afc                I2C5_DriverIRQHandler
                0x00008b18                I2C6_DriverIRQHandler
 .text          0x00008b34       0x28 build/obj/drivers/freescale/fsl_assert.o
                0x00008b34                __assert_func
 .text          0x00008b5c      0x1e0 build/obj/drivers/freescale/fsl_mu.o
                0x00008be8                MU_Init
                0x00008c08                MU_Deinit
                0x00008c28                MU_SendMsg
                0x00008c7c                MU_ReceiveMsg
                0x00008ccc                MU_SetFlags
                0x00008cf4                MU_TriggerInterrupts
 .text          0x00008d3c     0x104c build/obj/drivers/freescale/fsl_ecspi.o
                0x00008f48                ECSPI_GetInstance
                0x000091a6                ECSPI_MasterGetDefaultConfig
                0x0000920c                ECSPI_MasterInit
                0x000092e8                ECSPI_SlaveGetDefaultConfig
                0x0000932a                ECSPI_SlaveInit
                0x000093c0                ECSPI_Deinit
                0x000093f4                ECSPI_SetBaudRate
                0x000094f0                ECSPI_SetChannelConfig
                0x000096ac                ECSPI_WriteBlocking
                0x000097a0                ECSPI_MasterTransferCreateHandle
                0x00009830                ECSPI_MasterTransferBlocking
                0x00009930                ECSPI_MasterTransferNonBlocking
                0x00009a00                ECSPI_MasterTransferGetCount
                0x00009a70                ECSPI_MasterTransferAbort
                0x00009ad0                ECSPI_MasterTransferHandleIRQ
                0x00009b80                ECSPI_SlaveTransferCreateHandle
                0x00009bd0                ECSPI_SlaveTransferHandleIRQ
                0x00009cc8                ECSPI1_DriverIRQHandler
                0x00009d08                ECSPI2_DriverIRQHandler
                0x00009d48                ECSPI3_DriverIRQHandler
 .text          0x00009d88     0x110c build/obj/drivers/freescale/fsl_pdm.o
                0x0000a038                PDM_GetInstance
                0x0000a08c                PDM_ReadFifo
                0x0000a214                PDM_SetSampleRateConfig
                0x0000a2a8                PDM_SetSampleRate
                0x0000a378                PDM_Init
                0x0000a448                PDM_Deinit
                0x0000a474                PDM_EnableInterrupts
                0x0000a4ba                PDM_SetChannelConfig
                0x0000a55c                PDM_SetChannelGain
                0x0000a5c0                PDM_TransferSetChannelConfig
                0x0000a63c                PDM_TransferCreateHandle
                0x0000a6c8                PDM_TransferReceiveNonBlocking
                0x0000a798                PDM_TransferAbortReceive
                0x0000a804                PDM_TransferHandleIRQ
                0x0000a9e4                PDM_SetHwvadInEnvelopeBasedMode
                0x0000aaa0                PDM_SetHwvadInEnergyBasedMode
                0x0000ab28                PDM_SetHwvadConfig
                0x0000abe0                PDM_SetHwvadSignalFilterConfig
                0x0000ac30                PDM_SetHwvadNoiseFilterConfig
                0x0000aca8                PDM_SetHwvadZeroCrossDetectorConfig
                0x0000ad30                PDM_EnableHwvadInterruptCallback
                0x0000adc8                PDM_HWVAD_EVENT_DriverIRQHandler
                0x0000ae10                PDM_HWVAD_ERROR_DriverIRQHandler
                0x0000ae48                PDM_EVENT_DriverIRQHandler
 .text          0x0000ae94      0x854 build/obj/drivers/rpmsg/virtqueue.o
                0x0000af68                virtqueue_create
                0x0000b02c                virtqueue_add_buffer
                0x0000b056                virtqueue_fill_avail_buffers
                0x0000b0c4                virtqueue_get_buffer
                0x0000b160                virtqueue_get_buffer_length
                0x0000b184                virtqueue_free
                0x0000b1b4                virtqueue_get_available_buffer
                0x0000b240                virtqueue_add_consumed_buffer
                0x0000b278                virtqueue_fill_used_buffers
                0x0000b2c0                virtqueue_enable_cb
                0x0000b2da                virtqueue_disable_cb
                0x0000b332                virtqueue_kick
                0x0000b360                virtqueue_dump
                0x0000b3e8                virtqueue_get_desc_size
                0x0000b494                vq_ring_init
                0x0000b608                virtqueue_notification
 .text          0x0000b6e8      0x578 build/obj/drivers/rpmsg/rpmsg_env_bm.o
                0x0000b6f0                env_wait_for_link_up
                0x0000b714                env_tx_callback
                0x0000b728                env_init
                0x0000b778                env_deinit
                0x0000b7bc                env_allocate_memory
                0x0000b804                env_free_memory
                0x0000b818                env_memset
                0x0000b836                env_memcpy
                0x0000b854                env_strcmp
                0x0000b870                env_strncpy
                0x0000b88e                env_strncmp
                0x0000b8ae                env_mb
                0x0000b8c0                env_rmb
                0x0000b8d2                env_wmb
                0x0000b8e4                env_map_vatopa
                0x0000b8fc                env_map_patova
                0x0000b914                env_create_mutex
                0x0000b932                env_delete_mutex
                0x0000b946                env_lock_mutex
                0x0000b95a                env_unlock_mutex
                0x0000b96e                env_sleep_msec
                0x0000b984                env_register_isr
                0x0000b9b4                env_unregister_isr
                0x0000b9e4                env_enable_interrupt
                0x0000b9fa                env_disable_interrupt
                0x0000ba10                env_map_memory
                0x0000ba32                env_disable_cache
                0x0000ba42                env_isr
                0x0000ba7c                env_create_queue
                0x0000bae8                env_delete_queue
                0x0000bb0c                env_put_queue
                0x0000bba6                env_get_queue
                0x0000bc3c                env_get_current_queue_size
 .text          0x0000bc60      0x4a8 build/obj/drivers/rpmsg/rpmsg_platform.o
                0x0000be1a                platform_init_interrupt
                0x0000be80                platform_deinit_interrupt
                0x0000bee0                platform_notify
                0x0000bf1c                MU1_M7_IRQHandler
                0x0000bf5c                platform_time_delay
                0x0000bfa0                platform_in_isr
                0x0000bfc4                platform_interrupt_enable
                0x0000c008                platform_interrupt_disable
                0x0000c04c                platform_map_mem_region
                0x0000c066                platform_cache_all_flush_invalidate
                0x0000c074                platform_cache_disable
                0x0000c082                platform_vatopa
                0x0000c098                platform_patova
                0x0000c0ae                platform_init
                0x0000c0e8                platform_deinit
 .text          0x0000c108      0x6cc build/obj/src/main.o
                0x0000c2b0                main
                0x0000c2c8                init_memory
                0x0000c5c8                init_rdc
                0x0000c698                init_pins
                0x0000c704                run_clocks
 .text          0x0000c7d4      0x588 build/obj/drivers/NXP/startup_MIMX8ML8_cm7.o
                0x0000c7d4                Reset_Handler
                0x0000c860                VPU_G2_DriverIRQHandler
                0x0000c860                PWM2_DriverIRQHandler
                0x0000c860                CAAM_ERROR_DriverIRQHandler
                0x0000c860                DebugMon_Handler
                0x0000c860                EDMA1_0_15_DriverIRQHandler
                0x0000c860                CPU_Error_AXI_DriverIRQHandler
                0x0000c860                BCH_DriverIRQHandler
                0x0000c860                VPU_G1_DriverIRQHandler
                0x0000c860                SNVS_Consolidated_DriverIRQHandler
                0x0000c860                MIPI_CSI1_DriverIRQHandler
                0x0000c860                MECC_ERR_DriverIRQHandler
                0x0000c860                PWM4_DriverIRQHandler
                0x0000c860                LCDIF1_DriverIRQHandler
                0x0000c860                RDC_DriverIRQHandler
                0x0000c860                GPIO3_Combined_0_15_DriverIRQHandler
                0x0000c860                USB2_WAKEUP_DriverIRQHandler
                0x0000c860                DDR_ERR_DriverIRQHandler
                0x0000c860                I2S2_DriverIRQHandler
                0x0000c860                HS_CP0_DriverIRQHandler
                0x0000c860                GPMI_DriverIRQHandler
                0x0000c860                MU3_AUDIO_DriverIRQHandler
                0x0000c860                ISI_DriverIRQHandler
                0x0000c860                ENET_QOS_PMT_DriverIRQHandler
                0x0000c860                MIPI_CSI2_DriverIRQHandler
                0x0000c860                GPIO2_Combined_16_31_DriverIRQHandler
                0x0000c860                PERFMON1_DriverIRQHandler
                0x0000c860                UsageFault_Handler
                0x0000c860                SCTR_IRQ0_DriverIRQHandler
                0x0000c860                CAAM_IRQ0_DriverIRQHandler
                0x0000c860                DDR_PerformanceMonitor_DriverIRQHandler
                0x0000c860                DefaultISR
                0x0000c860                CPU_PerformanceUnit_DriverIRQHandler
                0x0000c860                CAN_FD1_DriverIRQHandler
                0x0000c860                CPU_Error_L2RAM_DriverIRQHandler
                0x0000c860                I2S3_DriverIRQHandler
                0x0000c860                SRC_DriverIRQHandler
                0x0000c860                GPIO1_INT4_DriverIRQHandler
                0x0000c860                HS_CP1_DriverIRQHandler
                0x0000c860                USDHC1_DriverIRQHandler
                0x0000c860                WDOG1_DriverIRQHandler
                0x0000c860                GPIO1_Combined_16_31_DriverIRQHandler
                0x0000c860                GPIO1_INT7_DriverIRQHandler
                0x0000c860                MIPI_DSI_DriverIRQHandler
                0x0000c860                TZASC_DriverIRQHandler
                0x0000c860                GPIO5_Combined_0_15_DriverIRQHandler
                0x0000c860                GPIO1_INT0_DriverIRQHandler
                0x0000c860                GPIO1_INT2_DriverIRQHandler
                0x0000c860                GPU2D_DriverIRQHandler
                0x0000c860                RTIC_DriverIRQHandler
                0x0000c860                CAN_FD1_ERROR_DriverIRQHandler
                0x0000c860                EDMA1_ERR_DriverIRQHandler
                0x0000c860                GPT2_DriverIRQHandler
                0x0000c860                SCTR_IRQ1_DriverIRQHandler
                0x0000c860                VPU_DriverIRQHandler
                0x0000c860                I2S1_DriverIRQHandler
                0x0000c860                SNVS_Security_DriverIRQHandler
                0x0000c860                I2S7_DriverIRQHandler
                0x0000c860                AUD2HTX_DriverIRQHandler
                0x0000c860                PCIE_EDMA_DriverIRQHandler
                0x0000c860                PDM_ERROR_DriverIRQHandler
                0x0000c860                I2S56_DriverIRQHandler
                0x0000c860                ML_DriverIRQHandler
                0x0000c860                SJC_DriverIRQHandler
                0x0000c860                CAAM_IRQ1_DriverIRQHandler
                0x0000c860                PCIE_CTRL1_2_DriverIRQHandler
                0x0000c860                PERFMON2_DriverIRQHandler
                0x0000c860                GPT6_DriverIRQHandler
                0x0000c860                EDMA1_16_31_DriverIRQHandler
                0x0000c860                GPT5_DriverIRQHandler
                0x0000c860                DDR_DriverIRQHandler
                0x0000c860                GPT1_DriverIRQHandler
                0x0000c860                CAAM_IRQ2_DriverIRQHandler
                0x0000c860                SNVS_DriverIRQHandler
                0x0000c860                CSU_DriverIRQHandler
                0x0000c860                USDHC3_DriverIRQHandler
                0x0000c860                GPIO1_INT5_DriverIRQHandler
                0x0000c860                QOS_DriverIRQHandler
                0x0000c860                HDMI_TX_DriverIRQHandler
                0x0000c860                FlexSPI_DriverIRQHandler
                0x0000c860                DEWARP_DriverIRQHandler
                0x0000c860                GPIO1_Combined_0_15_DriverIRQHandler
                0x0000c860                USDHC2_DriverIRQHandler
                0x0000c860                WDOG3_DriverIRQHandler
                0x0000c860                MemManage_Handler
                0x0000c860                USB1_WAKEUP_DriverIRQHandler
                0x0000c860                USB1_DriverIRQHandler
                0x0000c860                GPIO3_Combined_16_31_DriverIRQHandler
                0x0000c860                AUDIO_XCVR1_DriverIRQHandler
                0x0000c860                PWM1_DriverIRQHandler
                0x0000c860                MU3_M7_DriverIRQHandler
                0x0000c860                PCIE_CTRL1_3_DriverIRQHandler
                0x0000c860                GPT4_DriverIRQHandler
                0x0000c860                MU2_A53_DriverIRQHandler
                0x0000c860                AUDIO_XCVR_DriverIRQHandler
                0x0000c860                CM7_CTI_DriverIRQHandler
                0x0000c860                DAP_DriverIRQHandler
                0x0000c860                Reserved16_DriverIRQHandler
                0x0000c860                ENET_QOS_DriverIRQHandler
                0x0000c860                ENET1_DriverIRQHandler
                0x0000c860                ISP2_DriverIRQHandler
                0x0000c860                GPIO1_INT3_DriverIRQHandler
                0x0000c860                MECC_DriverIRQHandler
                0x0000c860                MECC_S_DriverIRQHandler
                0x0000c860                PCIE_CTRL1_1_DriverIRQHandler
                0x0000c860                APBHDMA_DriverIRQHandler
                0x0000c860                ENET1_MAC0_Rx_Tx_Done1_DriverIRQHandler
                0x0000c860                GPC_DriverIRQHandler
                0x0000c860                GPIO2_Combined_0_15_DriverIRQHandler
                0x0000c860                GPT3_DriverIRQHandler
                0x0000c860                CAN_FD2_DriverIRQHandler
                0x0000c860                CCM_IRQ2_DriverIRQHandler
                0x0000c860                PCIE_CTRL1_0_DriverIRQHandler
                0x0000c860                LCDIF2_DriverIRQHandler
                0x0000c860                WDOG2_DriverIRQHandler
                0x0000c860                ANAMIX_DriverIRQHandler
                0x0000c860                MECC_S_ERR_DriverIRQHandler
                0x0000c860                USB2_DriverIRQHandler
                0x0000c860                GPIO4_Combined_0_15_DriverIRQHandler
                0x0000c860                GPIO4_Combined_16_31_DriverIRQHandler
                0x0000c860                ISP1_DriverIRQHandler
                0x0000c860                GPIO5_Combined_16_31_DriverIRQHandler
                0x0000c860                PCIE_CTRL1_ERR_DriverIRQHandler
                0x0000c860                ASRC_DriverIRQHandler
                0x0000c860                CAN_FD2_ERROR_DriverIRQHandler
                0x0000c860                BusFault_Handler
                0x0000c860                ENET1_1588_Timer_DriverIRQHandler
                0x0000c860                GPU3D_DriverIRQHandler
                0x0000c860                PCIE_CTRL1_DriverIRQHandler
                0x0000c860                CCM_IRQ1_DriverIRQHandler
                0x0000c860                ENET1_MAC0_Rx_Tx_Done2_DriverIRQHandler
                0x0000c860                CPU_CTI_Trigger_DriverIRQHandler
                0x0000c860                MU1_M7_DriverIRQHandler
                0x0000c860                MU2_AUDIO_DriverIRQHandler
                0x0000c860                PWM3_DriverIRQHandler
                0x0000c860                AUDIO_XCVR0_DriverIRQHandler
                0x0000c860                GPIO1_INT6_DriverIRQHandler
                0x0000c860                GPIO1_INT1_DriverIRQHandler
                0x0000c860                ISI_CH1_DriverIRQHandler
                0x0000c860                SRC_Combined_DriverIRQHandler
                0x0000c860                MU1_A53_DriverIRQHandler
                0x0000c864                NMI_Handler
                0x0000c868                HardFault_Handler
                0x0000c86c                SVC_Handler
                0x0000c870                PendSV_Handler
                0x0000c874                SysTick_Handler
                0x0000c878                Reserved16_IRQHandler
                0x0000c87c                DAP_IRQHandler
                0x0000c880                SDMA1_IRQHandler
                0x0000c884                GPU3D_IRQHandler
                0x0000c888                SNVS_IRQHandler
                0x0000c88c                LCDIF1_IRQHandler
                0x0000c890                LCDIF2_IRQHandler
                0x0000c894                VPU_G1_IRQHandler
                0x0000c898                VPU_G2_IRQHandler
                0x0000c89c                QOS_IRQHandler
                0x0000c8a0                WDOG3_IRQHandler
                0x0000c8a4                HS_CP1_IRQHandler
                0x0000c8a8                APBHDMA_IRQHandler
                0x0000c8ac                ML_IRQHandler
                0x0000c8b0                BCH_IRQHandler
                0x0000c8b4                GPMI_IRQHandler
                0x0000c8b8                ISI_IRQHandler
                0x0000c8bc                MIPI_CSI1_IRQHandler
                0x0000c8c0                MIPI_DSI_IRQHandler
                0x0000c8c4                SNVS_Consolidated_IRQHandler
                0x0000c8c8                SNVS_Security_IRQHandler
                0x0000c8cc                CSU_IRQHandler
                0x0000c8d0                USDHC1_IRQHandler
                0x0000c8d4                USDHC2_IRQHandler
                0x0000c8d8                USDHC3_IRQHandler
                0x0000c8dc                GPU2D_IRQHandler
                0x0000c8e0                UART1_IRQHandler
                0x0000c8e4                UART2_IRQHandler
                0x0000c8e8                UART3_IRQHandler
                0x0000c8ec                UART4_IRQHandler
                0x0000c8f0                VPU_IRQHandler
                0x0000c8f4                ECSPI1_IRQHandler
                0x0000c8f8                ECSPI2_IRQHandler
                0x0000c8fc                ECSPI3_IRQHandler
                0x0000c900                SDMA3_IRQHandler
                0x0000c904                I2C1_IRQHandler
                0x0000c908                I2C2_IRQHandler
                0x0000c90c                I2C3_IRQHandler
                0x0000c910                I2C4_IRQHandler
                0x0000c914                RDC_IRQHandler
                0x0000c918                USB1_IRQHandler
                0x0000c91c                USB2_IRQHandler
                0x0000c920                ISI_CH1_IRQHandler
                0x0000c924                HDMI_TX_IRQHandler
                0x0000c928                PDM_HWVAD_EVENT_IRQHandler
                0x0000c92c                PDM_HWVAD_ERROR_IRQHandler
                0x0000c930                GPT6_IRQHandler
                0x0000c934                SCTR_IRQ0_IRQHandler
                0x0000c938                SCTR_IRQ1_IRQHandler
                0x0000c93c                ANAMIX_IRQHandler
                0x0000c940                I2S3_IRQHandler
                0x0000c944                GPT5_IRQHandler
                0x0000c948                GPT4_IRQHandler
                0x0000c94c                GPT3_IRQHandler
                0x0000c950                GPT2_IRQHandler
                0x0000c954                GPT1_IRQHandler
                0x0000c958                GPIO1_INT7_IRQHandler
                0x0000c95c                GPIO1_INT6_IRQHandler
                0x0000c960                GPIO1_INT5_IRQHandler
                0x0000c964                GPIO1_INT4_IRQHandler
                0x0000c968                GPIO1_INT3_IRQHandler
                0x0000c96c                GPIO1_INT2_IRQHandler
                0x0000c970                GPIO1_INT1_IRQHandler
                0x0000c974                GPIO1_INT0_IRQHandler
                0x0000c978                GPIO1_Combined_0_15_IRQHandler
                0x0000c97c                GPIO1_Combined_16_31_IRQHandler
                0x0000c980                GPIO2_Combined_0_15_IRQHandler
                0x0000c984                GPIO2_Combined_16_31_IRQHandler
                0x0000c988                GPIO3_Combined_0_15_IRQHandler
                0x0000c98c                GPIO3_Combined_16_31_IRQHandler
                0x0000c990                GPIO4_Combined_0_15_IRQHandler
                0x0000c994                GPIO4_Combined_16_31_IRQHandler
                0x0000c998                GPIO5_Combined_0_15_IRQHandler
                0x0000c99c                GPIO5_Combined_16_31_IRQHandler
                0x0000c9a0                ISP1_IRQHandler
                0x0000c9a4                ISP2_IRQHandler
                0x0000c9a8                I2C5_IRQHandler
                0x0000c9ac                I2C6_IRQHandler
                0x0000c9b0                WDOG1_IRQHandler
                0x0000c9b4                WDOG2_IRQHandler
                0x0000c9b8                MIPI_CSI2_IRQHandler
                0x0000c9bc                PWM1_IRQHandler
                0x0000c9c0                PWM2_IRQHandler
                0x0000c9c4                PWM3_IRQHandler
                0x0000c9c8                PWM4_IRQHandler
                0x0000c9cc                CCM_IRQ1_IRQHandler
                0x0000c9d0                CCM_IRQ2_IRQHandler
                0x0000c9d4                GPC_IRQHandler
                0x0000c9d8                MU1_A53_IRQHandler
                0x0000c9dc                SRC_IRQHandler
                0x0000c9e0                I2S56_IRQHandler
                0x0000c9e4                RTIC_IRQHandler
                0x0000c9e8                CPU_PerformanceUnit_IRQHandler
                0x0000c9ec                CPU_CTI_Trigger_IRQHandler
                0x0000c9f0                SRC_Combined_IRQHandler
                0x0000c9f4                I2S1_IRQHandler
                0x0000c9f8                I2S2_IRQHandler
                0x0000ca00                DDR_PerformanceMonitor_IRQHandler
                0x0000ca04                DDR_IRQHandler
                0x0000ca08                DEWARP_IRQHandler
                0x0000ca0c                CPU_Error_AXI_IRQHandler
                0x0000ca10                CPU_Error_L2RAM_IRQHandler
                0x0000ca14                SDMA2_IRQHandler
                0x0000ca18                SJC_IRQHandler
                0x0000ca1c                CAAM_IRQ0_IRQHandler
                0x0000ca20                CAAM_IRQ1_IRQHandler
                0x0000ca24                FlexSPI_IRQHandler
                0x0000ca28                TZASC_IRQHandler
                0x0000ca2c                PDM_EVENT_IRQHandler
                0x0000ca30                PDM_ERROR_IRQHandler
                0x0000ca34                I2S7_IRQHandler
                0x0000ca38                PERFMON1_IRQHandler
                0x0000ca3c                PERFMON2_IRQHandler
                0x0000ca40                CAAM_IRQ2_IRQHandler
                0x0000ca44                CAAM_ERROR_IRQHandler
                0x0000ca48                HS_CP0_IRQHandler
                0x0000ca4c                CM7_CTI_IRQHandler
                0x0000ca50                ENET1_MAC0_Rx_Tx_Done1_IRQHandler
                0x0000ca54                ENET1_MAC0_Rx_Tx_Done2_IRQHandler
                0x0000ca58                ENET1_IRQHandler
                0x0000ca5c                ENET1_1588_Timer_IRQHandler
                0x0000ca60                ASRC_IRQHandler
                0x0000ca64                PCIE_CTRL1_0_IRQHandler
                0x0000ca68                PCIE_CTRL1_1_IRQHandler
                0x0000ca6c                PCIE_CTRL1_2_IRQHandler
                0x0000ca70                PCIE_CTRL1_3_IRQHandler
                0x0000ca74                PCIE_EDMA_IRQHandler
                0x0000ca78                AUDIO_XCVR0_IRQHandler
                0x0000ca7c                AUDIO_XCVR1_IRQHandler
                0x0000ca80                AUD2HTX_IRQHandler
                0x0000ca84                EDMA1_ERR_IRQHandler
                0x0000ca88                EDMA1_0_15_IRQHandler
                0x0000ca8c                EDMA1_16_31_IRQHandler
                0x0000ca90                ENET_QOS_PMT_IRQHandler
                0x0000ca94                ENET_QOS_IRQHandler
                0x0000ca98                MU2_A53_IRQHandler
                0x0000ca9c                MU2_AUDIO_IRQHandler
                0x0000caa0                MU3_M7_IRQHandler
                0x0000caa4                MU3_AUDIO_IRQHandler
                0x0000caa8                PCIE_CTRL1_IRQHandler
                0x0000caac                PCIE_CTRL1_ERR_IRQHandler
                0x0000cab0                CAN_FD1_IRQHandler
                0x0000cab4                CAN_FD1_ERROR_IRQHandler
                0x0000cab8                CAN_FD2_IRQHandler
                0x0000cabc                CAN_FD2_ERROR_IRQHandler
                0x0000cac0                AUDIO_XCVR_IRQHandler
                0x0000cac4                DDR_ERR_IRQHandler
                0x0000cac8                USB1_WAKEUP_IRQHandler
                0x0000cacc                USB2_WAKEUP_IRQHandler
                0x0000cad0                MECC_IRQHandler
                0x0000cad4                MECC_ERR_IRQHandler
                0x0000cad8                MECC_S_IRQHandler
                0x0000cadc                MECC_S_ERR_IRQHandler
 .text          0x0000cd5c       0xa0 build/obj/drivers/freescale/fsl_memcpy.o
                0x0000cd5c                memcpy
 .text          0x0000cdfc       0x30 /home/chris/code-projects/zpmc/zpmc_tuv_demo/arm-toolchain/bin/../lib/gcc/arm-none-eabi/14.2.1/thumb/v7e-m+fp/hard/libgcc.a(_aeabi_uldivmod.o)
                0x0000cdfc                __aeabi_uldivmod
 .text          0x0000ce2c        0x4 /home/chris/code-projects/zpmc/zpmc_tuv_demo/arm-toolchain/bin/../lib/gcc/arm-none-eabi/14.2.1/thumb/v7e-m+fp/hard/libgcc.a(_dvmd_tls.o)
                0x0000ce2c                __aeabi_ldiv0
                0x0000ce2c                __aeabi_idiv0
 *fill*         0x0000ce30       0x10 
 .text          0x0000ce40      0x2e0 /home/chris/code-projects/zpmc/zpmc_tuv_demo/arm-toolchain/bin/../lib/gcc/arm-none-eabi/14.2.1/../../../../arm-none-eabi/lib/thumb/v7e-m+fp/hard/libg.a(libc_a-strcmp.o)
                0x0000ce40                strcmp
 *fill*         0x0000d120       0x20 
 .text          0x0000d140       0xd8 /home/chris/code-projects/zpmc/zpmc_tuv_demo/arm-toolchain/bin/../lib/gcc/arm-none-eabi/14.2.1/../../../../arm-none-eabi/lib/thumb/v7e-m+fp/hard/libg.a(libc_a-strlen.o)
                0x0000d140                strlen
 *fill*         0x0000d218        0x8 
 .text          0x0000d220       0xa0 /home/chris/code-projects/zpmc/zpmc_tuv_demo/arm-toolchain/bin/../lib/gcc/arm-none-eabi/14.2.1/../../../../arm-none-eabi/lib/thumb/v7e-m+fp/hard/libg.a(libc_a-memchr.o)
                0x0000d220                memchr
 .text          0x0000d2c0      0x378 /home/chris/code-projects/zpmc/zpmc_tuv_demo/arm-toolchain/bin/../lib/gcc/arm-none-eabi/14.2.1/thumb/v7e-m+fp/hard/libgcc.a(_arm_addsubdf3.o)
                0x0000d2c0                __aeabi_drsub
                0x0000d2c8                __aeabi_dsub
                0x0000d2c8                __subdf3
                0x0000d2cc                __adddf3
                0x0000d2cc                __aeabi_dadd
                0x0000d544                __aeabi_ui2d
                0x0000d544                __floatunsidf
                0x0000d564                __floatsidf
                0x0000d564                __aeabi_i2d
                0x0000d588                __extendsfdf2
                0x0000d588                __aeabi_f2d
                0x0000d5cc                __aeabi_ul2d
                0x0000d5cc                __floatundidf
                0x0000d5dc                __floatdidf
                0x0000d5dc                __aeabi_l2d
 .text          0x0000d638      0x424 /home/chris/code-projects/zpmc/zpmc_tuv_demo/arm-toolchain/bin/../lib/gcc/arm-none-eabi/14.2.1/thumb/v7e-m+fp/hard/libgcc.a(_arm_muldivdf3.o)
                0x0000d638                __aeabi_dmul
                0x0000d638                __muldf3
                0x0000d88c                __aeabi_ddiv
                0x0000d88c                __divdf3
 .text          0x0000da5c      0x110 /home/chris/code-projects/zpmc/zpmc_tuv_demo/arm-toolchain/bin/../lib/gcc/arm-none-eabi/14.2.1/thumb/v7e-m+fp/hard/libgcc.a(_arm_cmpdf2.o)
                0x0000da5c                __gtdf2
                0x0000da5c                __gedf2
                0x0000da64                __ltdf2
                0x0000da64                __ledf2
                0x0000da6c                __cmpdf2
                0x0000da6c                __eqdf2
                0x0000da6c                __nedf2
                0x0000dae8                __aeabi_cdrcmple
                0x0000daf8                __aeabi_cdcmple
                0x0000daf8                __aeabi_cdcmpeq
                0x0000db08                __aeabi_dcmpeq
                0x0000db1c                __aeabi_dcmplt
                0x0000db30                __aeabi_dcmple
                0x0000db44                __aeabi_dcmpge
                0x0000db58                __aeabi_dcmpgt
 .text          0x0000db6c       0x2c /home/chris/code-projects/zpmc/zpmc_tuv_demo/arm-toolchain/bin/../lib/gcc/arm-none-eabi/14.2.1/thumb/v7e-m+fp/hard/libgcc.a(_arm_unorddf2.o)
                0x0000db6c                __aeabi_dcmpun
                0x0000db6c                __unorddf2
 .text          0x0000db98       0x50 /home/chris/code-projects/zpmc/zpmc_tuv_demo/arm-toolchain/bin/../lib/gcc/arm-none-eabi/14.2.1/thumb/v7e-m+fp/hard/libgcc.a(_arm_fixdfsi.o)
                0x0000db98                __fixdfsi
                0x0000db98                __aeabi_d2iz
 *(.text*)
 .text.deregister_tm_clones
                0x0000dbe8       0x1c /home/chris/code-projects/zpmc/zpmc_tuv_demo/arm-toolchain/bin/../lib/gcc/arm-none-eabi/14.2.1/thumb/v7e-m+fp/hard/crtbegin.o
 .text.register_tm_clones
                0x0000dc04       0x24 /home/chris/code-projects/zpmc/zpmc_tuv_demo/arm-toolchain/bin/../lib/gcc/arm-none-eabi/14.2.1/thumb/v7e-m+fp/hard/crtbegin.o
 .text.__do_global_dtors_aux
                0x0000dc28       0x28 /home/chris/code-projects/zpmc/zpmc_tuv_demo/arm-toolchain/bin/../lib/gcc/arm-none-eabi/14.2.1/thumb/v7e-m+fp/hard/crtbegin.o
 .text.frame_dummy
                0x0000dc50       0x24 /home/chris/code-projects/zpmc/zpmc_tuv_demo/arm-toolchain/bin/../lib/gcc/arm-none-eabi/14.2.1/thumb/v7e-m+fp/hard/crtbegin.o
 .text.__udivmoddi4
                0x0000dc74      0x2f8 /home/chris/code-projects/zpmc/zpmc_tuv_demo/arm-toolchain/bin/../lib/gcc/arm-none-eabi/14.2.1/thumb/v7e-m+fp/hard/libgcc.a(_udivmoddi4.o)
                0x0000dc74                __udivmoddi4
 .text.exit     0x0000df6c       0x1c /home/chris/code-projects/zpmc/zpmc_tuv_demo/arm-toolchain/bin/../lib/gcc/arm-none-eabi/14.2.1/../../../../arm-none-eabi/lib/thumb/v7e-m+fp/hard/libg.a(libc_a-exit.o)
                0x0000df6c                exit
 .text._malloc_r
                0x0000df88      0x598 /home/chris/code-projects/zpmc/zpmc_tuv_demo/arm-toolchain/bin/../lib/gcc/arm-none-eabi/14.2.1/../../../../arm-none-eabi/lib/thumb/v7e-m+fp/hard/libg.a(libc_a-mallocr.o)
                0x0000df88                _malloc_r
 .text.__malloc_lock
                0x0000e520        0xc /home/chris/code-projects/zpmc/zpmc_tuv_demo/arm-toolchain/bin/../lib/gcc/arm-none-eabi/14.2.1/../../../../arm-none-eabi/lib/thumb/v7e-m+fp/hard/libg.a(libc_a-mlock.o)
                0x0000e520                __malloc_lock
 .text.__malloc_unlock
                0x0000e52c        0xc /home/chris/code-projects/zpmc/zpmc_tuv_demo/arm-toolchain/bin/../lib/gcc/arm-none-eabi/14.2.1/../../../../arm-none-eabi/lib/thumb/v7e-m+fp/hard/libg.a(libc_a-mlock.o)
                0x0000e52c                __malloc_unlock
 .text._strtoul_l.isra.0
                0x0000e538      0x134 /home/chris/code-projects/zpmc/zpmc_tuv_demo/arm-toolchain/bin/../lib/gcc/arm-none-eabi/14.2.1/../../../../arm-none-eabi/lib/thumb/v7e-m+fp/hard/libg.a(libc_a-strtoul.o)
 .text.strtoul  0x0000e66c       0x1c /home/chris/code-projects/zpmc/zpmc_tuv_demo/arm-toolchain/bin/../lib/gcc/arm-none-eabi/14.2.1/../../../../arm-none-eabi/lib/thumb/v7e-m+fp/hard/libg.a(libc_a-strtoul.o)
                0x0000e66c                strtoul
 .text.stdio_exit_handler
                0x0000e688       0x18 /home/chris/code-projects/zpmc/zpmc_tuv_demo/arm-toolchain/bin/../lib/gcc/arm-none-eabi/14.2.1/../../../../arm-none-eabi/lib/thumb/v7e-m+fp/hard/libg.a(libc_a-findfp.o)
 .text.cleanup_stdio
                0x0000e6a0       0x40 /home/chris/code-projects/zpmc/zpmc_tuv_demo/arm-toolchain/bin/../lib/gcc/arm-none-eabi/14.2.1/../../../../arm-none-eabi/lib/thumb/v7e-m+fp/hard/libg.a(libc_a-findfp.o)
 .text.global_stdio_init.part.0
                0x0000e6e0       0xf0 /home/chris/code-projects/zpmc/zpmc_tuv_demo/arm-toolchain/bin/../lib/gcc/arm-none-eabi/14.2.1/../../../../arm-none-eabi/lib/thumb/v7e-m+fp/hard/libg.a(libc_a-findfp.o)
 .text.__sinit  0x0000e7d0       0x3c /home/chris/code-projects/zpmc/zpmc_tuv_demo/arm-toolchain/bin/../lib/gcc/arm-none-eabi/14.2.1/../../../../arm-none-eabi/lib/thumb/v7e-m+fp/hard/libg.a(libc_a-findfp.o)
                0x0000e7d0                __sinit
 .text.__sfp_lock_acquire
                0x0000e80c        0xc /home/chris/code-projects/zpmc/zpmc_tuv_demo/arm-toolchain/bin/../lib/gcc/arm-none-eabi/14.2.1/../../../../arm-none-eabi/lib/thumb/v7e-m+fp/hard/libg.a(libc_a-findfp.o)
                0x0000e80c                __sfp_lock_acquire
 .text.__sfp_lock_release
                0x0000e818        0xc /home/chris/code-projects/zpmc/zpmc_tuv_demo/arm-toolchain/bin/../lib/gcc/arm-none-eabi/14.2.1/../../../../arm-none-eabi/lib/thumb/v7e-m+fp/hard/libg.a(libc_a-findfp.o)
                0x0000e818                __sfp_lock_release
 .text._fwalk_sglue
                0x0000e824       0x44 /home/chris/code-projects/zpmc/zpmc_tuv_demo/arm-toolchain/bin/../lib/gcc/arm-none-eabi/14.2.1/../../../../arm-none-eabi/lib/thumb/v7e-m+fp/hard/libg.a(libc_a-fwalk.o)
                0x0000e824                _fwalk_sglue
 .text.printf   0x0000e868       0x28 /home/chris/code-projects/zpmc/zpmc_tuv_demo/arm-toolchain/bin/../lib/gcc/arm-none-eabi/14.2.1/../../../../arm-none-eabi/lib/thumb/v7e-m+fp/hard/libg.a(libc_a-printf.o)
                0x0000e868                printf
 .text.__sread  0x0000e890       0x24 /home/chris/code-projects/zpmc/zpmc_tuv_demo/arm-toolchain/bin/../lib/gcc/arm-none-eabi/14.2.1/../../../../arm-none-eabi/lib/thumb/v7e-m+fp/hard/libg.a(libc_a-stdio.o)
                0x0000e890                __sread
 .text.__swrite
                0x0000e8b4       0x40 /home/chris/code-projects/zpmc/zpmc_tuv_demo/arm-toolchain/bin/../lib/gcc/arm-none-eabi/14.2.1/../../../../arm-none-eabi/lib/thumb/v7e-m+fp/hard/libg.a(libc_a-stdio.o)
                0x0000e8b4                __swrite
 .text.__sseek  0x0000e8f4       0x24 /home/chris/code-projects/zpmc/zpmc_tuv_demo/arm-toolchain/bin/../lib/gcc/arm-none-eabi/14.2.1/../../../../arm-none-eabi/lib/thumb/v7e-m+fp/hard/libg.a(libc_a-stdio.o)
                0x0000e8f4                __sseek
 .text.__sclose
                0x0000e918        0x8 /home/chris/code-projects/zpmc/zpmc_tuv_demo/arm-toolchain/bin/../lib/gcc/arm-none-eabi/14.2.1/../../../../arm-none-eabi/lib/thumb/v7e-m+fp/hard/libg.a(libc_a-stdio.o)
                0x0000e918                __sclose
 .text.memset   0x0000e920       0x9c /home/chris/code-projects/zpmc/zpmc_tuv_demo/arm-toolchain/bin/../lib/gcc/arm-none-eabi/14.2.1/../../../../arm-none-eabi/lib/thumb/v7e-m+fp/hard/libg.a(libc_a-memset.o)
                0x0000e920                memset
 .text.strncmp  0x0000e9bc       0x78 /home/chris/code-projects/zpmc/zpmc_tuv_demo/arm-toolchain/bin/../lib/gcc/arm-none-eabi/14.2.1/../../../../arm-none-eabi/lib/thumb/v7e-m+fp/hard/libg.a(libc_a-strncmp.o)
                0x0000e9bc                strncmp
 .text.strncpy  0x0000ea34       0x68 /home/chris/code-projects/zpmc/zpmc_tuv_demo/arm-toolchain/bin/../lib/gcc/arm-none-eabi/14.2.1/../../../../arm-none-eabi/lib/thumb/v7e-m+fp/hard/libg.a(libc_a-strncpy.o)
                0x0000ea34                strncpy
 .text._close_r
                0x0000ea9c       0x24 /home/chris/code-projects/zpmc/zpmc_tuv_demo/arm-toolchain/bin/../lib/gcc/arm-none-eabi/14.2.1/../../../../arm-none-eabi/lib/thumb/v7e-m+fp/hard/libg.a(libc_a-closer.o)
                0x0000ea9c                _close_r
 .text._lseek_r
                0x0000eac0       0x2c /home/chris/code-projects/zpmc/zpmc_tuv_demo/arm-toolchain/bin/../lib/gcc/arm-none-eabi/14.2.1/../../../../arm-none-eabi/lib/thumb/v7e-m+fp/hard/libg.a(libc_a-lseekr.o)
                0x0000eac0                _lseek_r
 .text._read_r  0x0000eaec       0x2c /home/chris/code-projects/zpmc/zpmc_tuv_demo/arm-toolchain/bin/../lib/gcc/arm-none-eabi/14.2.1/../../../../arm-none-eabi/lib/thumb/v7e-m+fp/hard/libg.a(libc_a-readr.o)
                0x0000eaec                _read_r
 .text._sbrk_r  0x0000eb18       0x24 /home/chris/code-projects/zpmc/zpmc_tuv_demo/arm-toolchain/bin/../lib/gcc/arm-none-eabi/14.2.1/../../../../arm-none-eabi/lib/thumb/v7e-m+fp/hard/libg.a(libc_a-sbrkr.o)
                0x0000eb18                _sbrk_r
 .text._write_r
                0x0000eb3c       0x2c /home/chris/code-projects/zpmc/zpmc_tuv_demo/arm-toolchain/bin/../lib/gcc/arm-none-eabi/14.2.1/../../../../arm-none-eabi/lib/thumb/v7e-m+fp/hard/libg.a(libc_a-writer.o)
                0x0000eb3c                _write_r
 .text.__errno  0x0000eb68        0xc /home/chris/code-projects/zpmc/zpmc_tuv_demo/arm-toolchain/bin/../lib/gcc/arm-none-eabi/14.2.1/../../../../arm-none-eabi/lib/thumb/v7e-m+fp/hard/libg.a(libc_a-errno.o)
                0x0000eb68                __errno
 .text.__libc_init_array
                0x0000eb74       0x50 /home/chris/code-projects/zpmc/zpmc_tuv_demo/arm-toolchain/bin/../lib/gcc/arm-none-eabi/14.2.1/../../../../arm-none-eabi/lib/thumb/v7e-m+fp/hard/libg.a(libc_a-init.o)
                0x0000eb74                __libc_init_array
 .text.__retarget_lock_init_recursive
                0x0000ebc4        0x4 /home/chris/code-projects/zpmc/zpmc_tuv_demo/arm-toolchain/bin/../lib/gcc/arm-none-eabi/14.2.1/../../../../arm-none-eabi/lib/thumb/v7e-m+fp/hard/libg.a(libc_a-lock.o)
                0x0000ebc4                __retarget_lock_init_recursive
 .text.__retarget_lock_close_recursive
                0x0000ebc8        0x4 /home/chris/code-projects/zpmc/zpmc_tuv_demo/arm-toolchain/bin/../lib/gcc/arm-none-eabi/14.2.1/../../../../arm-none-eabi/lib/thumb/v7e-m+fp/hard/libg.a(libc_a-lock.o)
                0x0000ebc8                __retarget_lock_close_recursive
 .text.__retarget_lock_acquire_recursive
                0x0000ebcc        0x4 /home/chris/code-projects/zpmc/zpmc_tuv_demo/arm-toolchain/bin/../lib/gcc/arm-none-eabi/14.2.1/../../../../arm-none-eabi/lib/thumb/v7e-m+fp/hard/libg.a(libc_a-lock.o)
                0x0000ebcc                __retarget_lock_acquire_recursive
 .text.__retarget_lock_release_recursive
                0x0000ebd0        0x4 /home/chris/code-projects/zpmc/zpmc_tuv_demo/arm-toolchain/bin/../lib/gcc/arm-none-eabi/14.2.1/../../../../arm-none-eabi/lib/thumb/v7e-m+fp/hard/libg.a(libc_a-lock.o)
                0x0000ebd0                __retarget_lock_release_recursive
 .text.sysconf  0x0000ebd4       0x1c /home/chris/code-projects/zpmc/zpmc_tuv_demo/arm-toolchain/bin/../lib/gcc/arm-none-eabi/14.2.1/../../../../arm-none-eabi/lib/thumb/v7e-m+fp/hard/libg.a(libc_a-sysconf.o)
                0x0000ebd4                sysconf
 .text.startup.register_fini
                0x0000ebf0       0x14 /home/chris/code-projects/zpmc/zpmc_tuv_demo/arm-toolchain/bin/../lib/gcc/arm-none-eabi/14.2.1/../../../../arm-none-eabi/lib/thumb/v7e-m+fp/hard/libg.a(libc_a-__call_atexit.o)
 .text.__call_exitprocs
                0x0000ec04       0xc0 /home/chris/code-projects/zpmc/zpmc_tuv_demo/arm-toolchain/bin/../lib/gcc/arm-none-eabi/14.2.1/../../../../arm-none-eabi/lib/thumb/v7e-m+fp/hard/libg.a(libc_a-__call_atexit.o)
                0x0000ec04                __call_exitprocs
 .text.atexit   0x0000ecc4        0xc /home/chris/code-projects/zpmc/zpmc_tuv_demo/arm-toolchain/bin/../lib/gcc/arm-none-eabi/14.2.1/../../../../arm-none-eabi/lib/thumb/v7e-m+fp/hard/libg.a(libc_a-atexit.o)
                0x0000ecc4                atexit
 .text._malloc_trim_r
                0x0000ecd0       0xb8 /home/chris/code-projects/zpmc/zpmc_tuv_demo/arm-toolchain/bin/../lib/gcc/arm-none-eabi/14.2.1/../../../../arm-none-eabi/lib/thumb/v7e-m+fp/hard/libg.a(libc_a-freer.o)
                0x0000ecd0                _malloc_trim_r
 .text._free_r  0x0000ed88      0x1f0 /home/chris/code-projects/zpmc/zpmc_tuv_demo/arm-toolchain/bin/../lib/gcc/arm-none-eabi/14.2.1/../../../../arm-none-eabi/lib/thumb/v7e-m+fp/hard/libg.a(libc_a-freer.o)
                0x0000ed88                _free_r
 .text._vfprintf_r
                0x0000ef78     0x2320 /home/chris/code-projects/zpmc/zpmc_tuv_demo/arm-toolchain/bin/../lib/gcc/arm-none-eabi/14.2.1/../../../../arm-none-eabi/lib/thumb/v7e-m+fp/hard/libg.a(libc_a-vfprintf.o)
                0x0000ef78                _vfprintf_r
 .text.__sbprintf
                0x00011298       0x84 /home/chris/code-projects/zpmc/zpmc_tuv_demo/arm-toolchain/bin/../lib/gcc/arm-none-eabi/14.2.1/../../../../arm-none-eabi/lib/thumb/v7e-m+fp/hard/libg.a(libc_a-vfprintf.o)
 .text.__sprint_r
                0x0001131c       0x20 /home/chris/code-projects/zpmc/zpmc_tuv_demo/arm-toolchain/bin/../lib/gcc/arm-none-eabi/14.2.1/../../../../arm-none-eabi/lib/thumb/v7e-m+fp/hard/libg.a(libc_a-sprint_r.o)
                0x0001131c                __sprint_r
 .text._fclose_r
                0x0001133c       0xc0 /home/chris/code-projects/zpmc/zpmc_tuv_demo/arm-toolchain/bin/../lib/gcc/arm-none-eabi/14.2.1/../../../../arm-none-eabi/lib/thumb/v7e-m+fp/hard/libg.a(libc_a-fclose.o)
                0x0001133c                _fclose_r
 .text.__sflush_r
                0x000113fc      0x134 /home/chris/code-projects/zpmc/zpmc_tuv_demo/arm-toolchain/bin/../lib/gcc/arm-none-eabi/14.2.1/../../../../arm-none-eabi/lib/thumb/v7e-m+fp/hard/libg.a(libc_a-fflush.o)
                0x000113fc                __sflush_r
 .text._fflush_r
                0x00011530       0x54 /home/chris/code-projects/zpmc/zpmc_tuv_demo/arm-toolchain/bin/../lib/gcc/arm-none-eabi/14.2.1/../../../../arm-none-eabi/lib/thumb/v7e-m+fp/hard/libg.a(libc_a-fflush.o)
                0x00011530                _fflush_r
 .text.__sfvwrite_r
                0x00011584      0x2e4 /home/chris/code-projects/zpmc/zpmc_tuv_demo/arm-toolchain/bin/../lib/gcc/arm-none-eabi/14.2.1/../../../../arm-none-eabi/lib/thumb/v7e-m+fp/hard/libg.a(libc_a-fvwrite.o)
                0x00011584                __sfvwrite_r
 .text.__swsetup_r
                0x00011868       0xfc /home/chris/code-projects/zpmc/zpmc_tuv_demo/arm-toolchain/bin/../lib/gcc/arm-none-eabi/14.2.1/../../../../arm-none-eabi/lib/thumb/v7e-m+fp/hard/libg.a(libc_a-wsetup.o)
                0x00011868                __swsetup_r
 .text.memmove  0x00011964       0xf8 /home/chris/code-projects/zpmc/zpmc_tuv_demo/arm-toolchain/bin/../lib/gcc/arm-none-eabi/14.2.1/../../../../arm-none-eabi/lib/thumb/v7e-m+fp/hard/libg.a(libc_a-memmove.o)
                0x00011964                memmove
 .text.__locale_mb_cur_max
                0x00011a5c        0xc /home/chris/code-projects/zpmc/zpmc_tuv_demo/arm-toolchain/bin/../lib/gcc/arm-none-eabi/14.2.1/../../../../arm-none-eabi/lib/thumb/v7e-m+fp/hard/libg.a(libc_a-locale.o)
                0x00011a5c                __locale_mb_cur_max
 .text._localeconv_r
                0x00011a68        0x8 /home/chris/code-projects/zpmc/zpmc_tuv_demo/arm-toolchain/bin/../lib/gcc/arm-none-eabi/14.2.1/../../../../arm-none-eabi/lib/thumb/v7e-m+fp/hard/libg.a(libc_a-localeconv.o)
                0x00011a68                _localeconv_r
 .text.__libc_fini_array
                0x00011a70       0x28 /home/chris/code-projects/zpmc/zpmc_tuv_demo/arm-toolchain/bin/../lib/gcc/arm-none-eabi/14.2.1/../../../../arm-none-eabi/lib/thumb/v7e-m+fp/hard/libg.a(libc_a-fini.o)
                0x00011a70                __libc_fini_array
 .text.frexp    0x00011a98       0x64 /home/chris/code-projects/zpmc/zpmc_tuv_demo/arm-toolchain/bin/../lib/gcc/arm-none-eabi/14.2.1/../../../../arm-none-eabi/lib/thumb/v7e-m+fp/hard/libg.a(libm_a-s_frexp.o)
                0x00011a98                frexp
 .text.__register_exitproc
                0x00011afc       0x80 /home/chris/code-projects/zpmc/zpmc_tuv_demo/arm-toolchain/bin/../lib/gcc/arm-none-eabi/14.2.1/../../../../arm-none-eabi/lib/thumb/v7e-m+fp/hard/libg.a(libc_a-__atexit.o)
                0x00011afc                __register_exitproc
 .text.quorem   0x00011b7c      0x12c /home/chris/code-projects/zpmc/zpmc_tuv_demo/arm-toolchain/bin/../lib/gcc/arm-none-eabi/14.2.1/../../../../arm-none-eabi/lib/thumb/v7e-m+fp/hard/libg.a(libc_a-dtoa.o)
 .text._dtoa_r  0x00011ca8     0x1034 /home/chris/code-projects/zpmc/zpmc_tuv_demo/arm-toolchain/bin/../lib/gcc/arm-none-eabi/14.2.1/../../../../arm-none-eabi/lib/thumb/v7e-m+fp/hard/libg.a(libc_a-dtoa.o)
                0x00011ca8                _dtoa_r
 .text.__ascii_mbtowc
                0x00012cdc       0x2c /home/chris/code-projects/zpmc/zpmc_tuv_demo/arm-toolchain/bin/../lib/gcc/arm-none-eabi/14.2.1/../../../../arm-none-eabi/lib/thumb/v7e-m+fp/hard/libg.a(libc_a-mbtowc_r.o)
                0x00012cdc                __ascii_mbtowc
 .text._Balloc  0x00012d08       0x4c /home/chris/code-projects/zpmc/zpmc_tuv_demo/arm-toolchain/bin/../lib/gcc/arm-none-eabi/14.2.1/../../../../arm-none-eabi/lib/thumb/v7e-m+fp/hard/libg.a(libc_a-mprec.o)
                0x00012d08                _Balloc
 .text._Bfree   0x00012d54       0x14 /home/chris/code-projects/zpmc/zpmc_tuv_demo/arm-toolchain/bin/../lib/gcc/arm-none-eabi/14.2.1/../../../../arm-none-eabi/lib/thumb/v7e-m+fp/hard/libg.a(libc_a-mprec.o)
                0x00012d54                _Bfree
 .text.__multadd
                0x00012d68       0xa0 /home/chris/code-projects/zpmc/zpmc_tuv_demo/arm-toolchain/bin/../lib/gcc/arm-none-eabi/14.2.1/../../../../arm-none-eabi/lib/thumb/v7e-m+fp/hard/libg.a(libc_a-mprec.o)
                0x00012d68                __multadd
 .text.__hi0bits
                0x00012e08       0x54 /home/chris/code-projects/zpmc/zpmc_tuv_demo/arm-toolchain/bin/../lib/gcc/arm-none-eabi/14.2.1/../../../../arm-none-eabi/lib/thumb/v7e-m+fp/hard/libg.a(libc_a-mprec.o)
                0x00012e08                __hi0bits
 .text.__lo0bits
                0x00012e5c       0x80 /home/chris/code-projects/zpmc/zpmc_tuv_demo/arm-toolchain/bin/../lib/gcc/arm-none-eabi/14.2.1/../../../../arm-none-eabi/lib/thumb/v7e-m+fp/hard/libg.a(libc_a-mprec.o)
                0x00012e5c                __lo0bits
 .text.__i2b    0x00012edc       0x5c /home/chris/code-projects/zpmc/zpmc_tuv_demo/arm-toolchain/bin/../lib/gcc/arm-none-eabi/14.2.1/../../../../arm-none-eabi/lib/thumb/v7e-m+fp/hard/libg.a(libc_a-mprec.o)
                0x00012edc                __i2b
 .text.__multiply
                0x00012f38      0x16c /home/chris/code-projects/zpmc/zpmc_tuv_demo/arm-toolchain/bin/../lib/gcc/arm-none-eabi/14.2.1/../../../../arm-none-eabi/lib/thumb/v7e-m+fp/hard/libg.a(libc_a-mprec.o)
                0x00012f38                __multiply
 .text.__pow5mult
                0x000130a4       0xc0 /home/chris/code-projects/zpmc/zpmc_tuv_demo/arm-toolchain/bin/../lib/gcc/arm-none-eabi/14.2.1/../../../../arm-none-eabi/lib/thumb/v7e-m+fp/hard/libg.a(libc_a-mprec.o)
                0x000130a4                __pow5mult
 .text.__lshift
                0x00013164       0xe8 /home/chris/code-projects/zpmc/zpmc_tuv_demo/arm-toolchain/bin/../lib/gcc/arm-none-eabi/14.2.1/../../../../arm-none-eabi/lib/thumb/v7e-m+fp/hard/libg.a(libc_a-mprec.o)
                0x00013164                __lshift
 .text.__mcmp   0x0001324c       0x44 /home/chris/code-projects/zpmc/zpmc_tuv_demo/arm-toolchain/bin/../lib/gcc/arm-none-eabi/14.2.1/../../../../arm-none-eabi/lib/thumb/v7e-m+fp/hard/libg.a(libc_a-mprec.o)
                0x0001324c                __mcmp
 .text.__mdiff  0x00013290      0x174 /home/chris/code-projects/zpmc/zpmc_tuv_demo/arm-toolchain/bin/../lib/gcc/arm-none-eabi/14.2.1/../../../../arm-none-eabi/lib/thumb/v7e-m+fp/hard/libg.a(libc_a-mprec.o)
                0x00013290                __mdiff
 .text.__d2b    0x00013404       0xbc /home/chris/code-projects/zpmc/zpmc_tuv_demo/arm-toolchain/bin/../lib/gcc/arm-none-eabi/14.2.1/../../../../arm-none-eabi/lib/thumb/v7e-m+fp/hard/libg.a(libc_a-mprec.o)
                0x00013404                __d2b
 .text._realloc_r
                0x000134c0      0x348 /home/chris/code-projects/zpmc/zpmc_tuv_demo/arm-toolchain/bin/../lib/gcc/arm-none-eabi/14.2.1/../../../../arm-none-eabi/lib/thumb/v7e-m+fp/hard/libg.a(libc_a-reallocr.o)
                0x000134c0                _realloc_r
 .text.__ascii_wctomb
                0x00013808       0x1c /home/chris/code-projects/zpmc/zpmc_tuv_demo/arm-toolchain/bin/../lib/gcc/arm-none-eabi/14.2.1/../../../../arm-none-eabi/lib/thumb/v7e-m+fp/hard/libg.a(libc_a-wctomb_r.o)
                0x00013808                __ascii_wctomb
 .text._wcrtomb_r
                0x00013824       0x4c /home/chris/code-projects/zpmc/zpmc_tuv_demo/arm-toolchain/bin/../lib/gcc/arm-none-eabi/14.2.1/../../../../arm-none-eabi/lib/thumb/v7e-m+fp/hard/libg.a(libc_a-wcrtomb.o)
                0x00013824                _wcrtomb_r
 .text._wcsrtombs_r
                0x00013870       0x18 /home/chris/code-projects/zpmc/zpmc_tuv_demo/arm-toolchain/bin/../lib/gcc/arm-none-eabi/14.2.1/../../../../arm-none-eabi/lib/thumb/v7e-m+fp/hard/libg.a(libc_a-wcsrtombs.o)
                0x00013870                _wcsrtombs_r
 .text.__smakebuf_r
                0x00013888       0xd0 /home/chris/code-projects/zpmc/zpmc_tuv_demo/arm-toolchain/bin/../lib/gcc/arm-none-eabi/14.2.1/../../../../arm-none-eabi/lib/thumb/v7e-m+fp/hard/libg.a(libc_a-makebuf.o)
                0x00013888                __smakebuf_r
 .text._fstat_r
                0x00013958       0x2c /home/chris/code-projects/zpmc/zpmc_tuv_demo/arm-toolchain/bin/../lib/gcc/arm-none-eabi/14.2.1/../../../../arm-none-eabi/lib/thumb/v7e-m+fp/hard/libg.a(libc_a-fstatr.o)
                0x00013958                _fstat_r
 .text._isatty_r
                0x00013984       0x24 /home/chris/code-projects/zpmc/zpmc_tuv_demo/arm-toolchain/bin/../lib/gcc/arm-none-eabi/14.2.1/../../../../arm-none-eabi/lib/thumb/v7e-m+fp/hard/libg.a(libc_a-isattyr.o)
                0x00013984                _isatty_r
 .text._calloc_r
                0x000139a8       0x6c /home/chris/code-projects/zpmc/zpmc_tuv_demo/arm-toolchain/bin/../lib/gcc/arm-none-eabi/14.2.1/../../../../arm-none-eabi/lib/thumb/v7e-m+fp/hard/libg.a(libc_a-callocr.o)
                0x000139a8                _calloc_r
 .text._wcsnrtombs_l
                0x00013a14       0xf0 /home/chris/code-projects/zpmc/zpmc_tuv_demo/arm-toolchain/bin/../lib/gcc/arm-none-eabi/14.2.1/../../../../arm-none-eabi/lib/thumb/v7e-m+fp/hard/libg.a(libc_a-wcsnrtombs.o)
                0x00013a14                _wcsnrtombs_l
 .text._wcsnrtombs_r
                0x00013b04       0x24 /home/chris/code-projects/zpmc/zpmc_tuv_demo/arm-toolchain/bin/../lib/gcc/arm-none-eabi/14.2.1/../../../../arm-none-eabi/lib/thumb/v7e-m+fp/hard/libg.a(libc_a-wcsnrtombs.o)
                0x00013b04                _wcsnrtombs_r
 .text._close   0x00013b28       0x10 /home/chris/code-projects/zpmc/zpmc_tuv_demo/arm-toolchain/bin/../lib/gcc/arm-none-eabi/14.2.1/../../../../arm-none-eabi/lib/thumb/v7e-m+fp/hard/libnosys.a(close.o)
                0x00013b28                _close
 .text._fstat   0x00013b38       0x10 /home/chris/code-projects/zpmc/zpmc_tuv_demo/arm-toolchain/bin/../lib/gcc/arm-none-eabi/14.2.1/../../../../arm-none-eabi/lib/thumb/v7e-m+fp/hard/libnosys.a(fstat.o)
                0x00013b38                _fstat
 .text._isatty  0x00013b48       0x10 /home/chris/code-projects/zpmc/zpmc_tuv_demo/arm-toolchain/bin/../lib/gcc/arm-none-eabi/14.2.1/../../../../arm-none-eabi/lib/thumb/v7e-m+fp/hard/libnosys.a(isatty.o)
                0x00013b48                _isatty
 .text._lseek   0x00013b58       0x10 /home/chris/code-projects/zpmc/zpmc_tuv_demo/arm-toolchain/bin/../lib/gcc/arm-none-eabi/14.2.1/../../../../arm-none-eabi/lib/thumb/v7e-m+fp/hard/libnosys.a(lseek.o)
                0x00013b58                _lseek
 .text._read    0x00013b68       0x10 /home/chris/code-projects/zpmc/zpmc_tuv_demo/arm-toolchain/bin/../lib/gcc/arm-none-eabi/14.2.1/../../../../arm-none-eabi/lib/thumb/v7e-m+fp/hard/libnosys.a(read.o)
                0x00013b68                _read
 .text._write   0x00013b78       0x10 /home/chris/code-projects/zpmc/zpmc_tuv_demo/arm-toolchain/bin/../lib/gcc/arm-none-eabi/14.2.1/../../../../arm-none-eabi/lib/thumb/v7e-m+fp/hard/libnosys.a(write.o)
                0x00013b78                _write
 .text._exit    0x00013b88        0x4 /home/chris/code-projects/zpmc/zpmc_tuv_demo/arm-toolchain/bin/../lib/gcc/arm-none-eabi/14.2.1/../../../../arm-none-eabi/lib/thumb/v7e-m+fp/hard/libnosys.a(_exit.o)
                0x00013b88                _exit
 *(.rodata)
 .rodata        0x00013b8c      0x4f3 build/obj/drivers/freescale/fsl_sdma.o
 *fill*         0x0001407f        0x1 
 .rodata        0x00014080      0x20e build/obj/drivers/freescale/fsl_rdc.o
 *fill*         0x0001428e        0x2 
 .rodata        0x00014290      0x53d build/obj/drivers/freescale/fsl_clock.o
 *fill*         0x000147cd        0x3 
 .rodata        0x000147d0      0x145 build/obj/drivers/freescale/fsl_adapter_iuart.o
 *fill*         0x00014915        0x3 
 .rodata        0x00014918      0x4e3 build/obj/drivers/freescale/fsl_uart.o
                0x000149ec                s_uartIRQ
 *fill*         0x00014dfb        0x1 
 .rodata        0x00014dfc      0x367 build/obj/drivers/freescale/fsl_i2c.o
 *fill*         0x00015163        0x1 
 .rodata        0x00015164       0x3e build/obj/drivers/freescale/fsl_assert.o
 *fill*         0x000151a2        0x2 
 .rodata        0x000151a4       0x9e build/obj/drivers/freescale/fsl_mu.o
 *fill*         0x00015242        0x2 
 .rodata        0x00015244      0x380 build/obj/drivers/freescale/fsl_ecspi.o
 .rodata        0x000155c4      0x2f7 build/obj/drivers/freescale/fsl_pdm.o
 *fill*         0x000158bb        0x1 
 .rodata        0x000158bc       0x89 build/obj/drivers/rpmsg/virtqueue.o
 *fill*         0x00015945        0x3 
 .rodata        0x00015948       0x4d build/obj/drivers/rpmsg/rpmsg_platform.o
 *fill*         0x00015995        0x3 
 .rodata        0x00015998       0xca build/obj/src/main.o
 *(.rodata*)
 *fill*         0x00015a62        0x2 
 .rodata._ctype_
                0x00015a64      0x101 /home/chris/code-projects/zpmc/zpmc_tuv_demo/arm-toolchain/bin/../lib/gcc/arm-none-eabi/14.2.1/../../../../arm-none-eabi/lib/thumb/v7e-m+fp/hard/libg.a(libc_a-ctype_.o)
                0x00015a64                _ctype_
 *fill*         0x00015b65        0x3 
 .rodata._vfprintf_r.str1.4
                0x00015b68      0x166 /home/chris/code-projects/zpmc/zpmc_tuv_demo/arm-toolchain/bin/../lib/gcc/arm-none-eabi/14.2.1/../../../../arm-none-eabi/lib/thumb/v7e-m+fp/hard/libg.a(libc_a-vfprintf.o)
                                 0x42 (size before relaxing)
 *fill*         0x00015cce        0x2 
 .rodata.zeroes.0
                0x00015cd0       0x10 /home/chris/code-projects/zpmc/zpmc_tuv_demo/arm-toolchain/bin/../lib/gcc/arm-none-eabi/14.2.1/../../../../arm-none-eabi/lib/thumb/v7e-m+fp/hard/libg.a(libc_a-vfprintf.o)
 .rodata.blanks.1
                0x00015ce0       0x10 /home/chris/code-projects/zpmc/zpmc_tuv_demo/arm-toolchain/bin/../lib/gcc/arm-none-eabi/14.2.1/../../../../arm-none-eabi/lib/thumb/v7e-m+fp/hard/libg.a(libc_a-vfprintf.o)
 .rodata.str1.4
                0x00015cf0       0x4c /home/chris/code-projects/zpmc/zpmc_tuv_demo/arm-toolchain/bin/../lib/gcc/arm-none-eabi/14.2.1/../../../../arm-none-eabi/lib/thumb/v7e-m+fp/hard/libg.a(libc_a-locale.o)
 .rodata._dtoa_r.str1.4
                0x00015cf0       0x81 /home/chris/code-projects/zpmc/zpmc_tuv_demo/arm-toolchain/bin/../lib/gcc/arm-none-eabi/14.2.1/../../../../arm-none-eabi/lib/thumb/v7e-m+fp/hard/libg.a(libc_a-dtoa.o)
 .rodata.__multadd.str1.4
                0x00015cf0       0x6e /home/chris/code-projects/zpmc/zpmc_tuv_demo/arm-toolchain/bin/../lib/gcc/arm-none-eabi/14.2.1/../../../../arm-none-eabi/lib/thumb/v7e-m+fp/hard/libg.a(libc_a-mprec.o)
 .rodata.p05.0  0x00015cf0        0xc /home/chris/code-projects/zpmc/zpmc_tuv_demo/arm-toolchain/bin/../lib/gcc/arm-none-eabi/14.2.1/../../../../arm-none-eabi/lib/thumb/v7e-m+fp/hard/libg.a(libc_a-mprec.o)
 *fill*         0x00015cfc        0x4 
 .rodata.__mprec_bigtens
                0x00015d00       0x28 /home/chris/code-projects/zpmc/zpmc_tuv_demo/arm-toolchain/bin/../lib/gcc/arm-none-eabi/14.2.1/../../../../arm-none-eabi/lib/thumb/v7e-m+fp/hard/libg.a(libc_a-mprec.o)
                0x00015d00                __mprec_bigtens
 .rodata.__mprec_tens
                0x00015d28       0xc8 /home/chris/code-projects/zpmc/zpmc_tuv_demo/arm-toolchain/bin/../lib/gcc/arm-none-eabi/14.2.1/../../../../arm-none-eabi/lib/thumb/v7e-m+fp/hard/libg.a(libc_a-mprec.o)
                0x00015d28                __mprec_tens
 *(.glue_7)
 .glue_7        0x00015df0        0x0 linker stubs
 *(.glue_7t)
 .glue_7t       0x00015df0        0x0 linker stubs
 *(.eh_frame)
 .eh_frame      0x00015df0        0x0 /home/chris/code-projects/zpmc/zpmc_tuv_demo/arm-toolchain/bin/../lib/gcc/arm-none-eabi/14.2.1/thumb/v7e-m+fp/hard/crtbegin.o
 *(.init)
 .init          0x00015df0        0x4 /home/chris/code-projects/zpmc/zpmc_tuv_demo/arm-toolchain/bin/../lib/gcc/arm-none-eabi/14.2.1/thumb/v7e-m+fp/hard/crti.o
                0x00015df0                _init
 .init          0x00015df4        0x8 /home/chris/code-projects/zpmc/zpmc_tuv_demo/arm-toolchain/bin/../lib/gcc/arm-none-eabi/14.2.1/thumb/v7e-m+fp/hard/crtn.o
 *(.fini)
 .fini          0x00015dfc        0x4 /home/chris/code-projects/zpmc/zpmc_tuv_demo/arm-toolchain/bin/../lib/gcc/arm-none-eabi/14.2.1/thumb/v7e-m+fp/hard/crti.o
                0x00015dfc                _fini
 .fini          0x00015e00        0x8 /home/chris/code-projects/zpmc/zpmc_tuv_demo/arm-toolchain/bin/../lib/gcc/arm-none-eabi/14.2.1/thumb/v7e-m+fp/hard/crtn.o
                0x00015e08                        . = ALIGN (0x4)

.vfp11_veneer   0x00015e08        0x0
 .vfp11_veneer  0x00015e08        0x0 linker stubs

.v4_bx          0x00015e08        0x0
 .v4_bx         0x00015e08        0x0 linker stubs

.iplt           0x00015e08        0x0
 .iplt          0x00015e08        0x0 /home/chris/code-projects/zpmc/zpmc_tuv_demo/arm-toolchain/bin/../lib/gcc/arm-none-eabi/14.2.1/thumb/v7e-m+fp/hard/crtbegin.o

.ARM.extab
 *(.ARM.extab* .gnu.linkonce.armextab.*)

.ARM            0x00015e08        0x8
                0x00015e08                        __exidx_start = .
 *(.ARM.exidx*)
 .ARM.exidx     0x00015e08        0x8 /home/chris/code-projects/zpmc/zpmc_tuv_demo/arm-toolchain/bin/../lib/gcc/arm-none-eabi/14.2.1/../../../../arm-none-eabi/lib/thumb/v7e-m+fp/hard/crt0.o
                                 0x10 (size before relaxing)
 .ARM.exidx     0x00015e10        0x0 /home/chris/code-projects/zpmc/zpmc_tuv_demo/arm-toolchain/bin/../lib/gcc/arm-none-eabi/14.2.1/../../../../arm-none-eabi/lib/thumb/v7e-m+fp/hard/libg.a(libc_a-strcmp.o)
                                  0x8 (size before relaxing)
 .ARM.exidx     0x00015e10        0x0 /home/chris/code-projects/zpmc/zpmc_tuv_demo/arm-toolchain/bin/../lib/gcc/arm-none-eabi/14.2.1/../../../../arm-none-eabi/lib/thumb/v7e-m+fp/hard/libg.a(libc_a-strlen.o)
                                  0x8 (size before relaxing)
 .ARM.exidx     0x00015e10        0x0 /home/chris/code-projects/zpmc/zpmc_tuv_demo/arm-toolchain/bin/../lib/gcc/arm-none-eabi/14.2.1/../../../../arm-none-eabi/lib/thumb/v7e-m+fp/hard/libg.a(libc_a-memchr.o)
                                  0x8 (size before relaxing)
 .ARM.exidx.text.__udivmoddi4
                0x00015e10        0x0 /home/chris/code-projects/zpmc/zpmc_tuv_demo/arm-toolchain/bin/../lib/gcc/arm-none-eabi/14.2.1/thumb/v7e-m+fp/hard/libgcc.a(_udivmoddi4.o)
                                  0x8 (size before relaxing)
                0x00015e10                        __exidx_end = .

.rel.dyn        0x00015e10        0x0
 .rel.iplt      0x00015e10        0x0 /home/chris/code-projects/zpmc/zpmc_tuv_demo/arm-toolchain/bin/../lib/gcc/arm-none-eabi/14.2.1/thumb/v7e-m+fp/hard/crtbegin.o

.ctors          0x00015e10        0x0
                0x00015e10                        __CTOR_LIST__ = .
 *crtbegin.o(.ctors)
 *crtbegin?.o(.ctors)
 *(EXCLUDE_FILE(*crtend.o *crtend?.o) .ctors)
 *(SORT_BY_NAME(.ctors.*))
 *(.ctors)
                0x00015e10                        __CTOR_END__ = .

.dtors          0x00015e10        0x0
                0x00015e10                        __DTOR_LIST__ = .
 *crtbegin.o(.dtors)
 *crtbegin?.o(.dtors)
 *(EXCLUDE_FILE(*crtend.o *crtend?.o) .dtors)
 *(SORT_BY_NAME(.dtors.*))
 *(.dtors)
                0x00015e10                        __DTOR_END__ = .

.preinit_array  0x00015e10        0x0
                0x00015e10                        PROVIDE (__preinit_array_start = .)
 *(.preinit_array*)
                0x00015e10                        PROVIDE (__preinit_array_end = .)

.init_array     0x00015e10        0x8
                0x00015e10                        PROVIDE (__init_array_start = .)
 *(SORT_BY_NAME(.init_array.*))
 .init_array.00000
                0x00015e10        0x4 /home/chris/code-projects/zpmc/zpmc_tuv_demo/arm-toolchain/bin/../lib/gcc/arm-none-eabi/14.2.1/../../../../arm-none-eabi/lib/thumb/v7e-m+fp/hard/libg.a(libc_a-__call_atexit.o)
 *(.init_array*)
 .init_array    0x00015e14        0x4 /home/chris/code-projects/zpmc/zpmc_tuv_demo/arm-toolchain/bin/../lib/gcc/arm-none-eabi/14.2.1/thumb/v7e-m+fp/hard/crtbegin.o
                0x00015e18                        PROVIDE (__init_array_end = .)

.fini_array     0x00015e18        0x4
                0x00015e18                        PROVIDE (__fini_array_start = .)
 *(SORT_BY_NAME(.fini_array.*))
 *(.fini_array*)
 .fini_array    0x00015e18        0x4 /home/chris/code-projects/zpmc/zpmc_tuv_demo/arm-toolchain/bin/../lib/gcc/arm-none-eabi/14.2.1/thumb/v7e-m+fp/hard/crtbegin.o
                0x00015e1c                        PROVIDE (__fini_array_end = .)
                0x00015e1c                        __etext = .
                0x00015e1c                        __DATA_ROM = .

.data           0x20000000      0x6d8 load address 0x00015e1c
                0x20000000                        . = ALIGN (0x4)
                0x20000000                        __DATA_RAM = .
                0x20000000                        __data_start__ = .
 *(.data)
 .data          0x20000000        0x4 build/obj/drivers/NXP/system_MIMX8ML8_cm7.o
                0x20000000                SystemCoreClock
 *(.data*)
 .data.__malloc_sbrk_base
                0x20000004        0x4 /home/chris/code-projects/zpmc/zpmc_tuv_demo/arm-toolchain/bin/../lib/gcc/arm-none-eabi/14.2.1/../../../../arm-none-eabi/lib/thumb/v7e-m+fp/hard/libg.a(libc_a-mallocr.o)
                0x20000004                __malloc_sbrk_base
 .data.__malloc_trim_threshold
                0x20000008        0x4 /home/chris/code-projects/zpmc/zpmc_tuv_demo/arm-toolchain/bin/../lib/gcc/arm-none-eabi/14.2.1/../../../../arm-none-eabi/lib/thumb/v7e-m+fp/hard/libg.a(libc_a-mallocr.o)
                0x20000008                __malloc_trim_threshold
 *fill*         0x2000000c        0x4 
 .data.__malloc_av_
                0x20000010      0x408 /home/chris/code-projects/zpmc/zpmc_tuv_demo/arm-toolchain/bin/../lib/gcc/arm-none-eabi/14.2.1/../../../../arm-none-eabi/lib/thumb/v7e-m+fp/hard/libg.a(libc_a-mallocr.o)
                0x20000010                __malloc_av_
 .data.__sglue  0x20000418        0xc /home/chris/code-projects/zpmc/zpmc_tuv_demo/arm-toolchain/bin/../lib/gcc/arm-none-eabi/14.2.1/../../../../arm-none-eabi/lib/thumb/v7e-m+fp/hard/libg.a(libc_a-findfp.o)
                0x20000418                __sglue
 .data._impure_ptr
                0x20000424        0x4 /home/chris/code-projects/zpmc/zpmc_tuv_demo/arm-toolchain/bin/../lib/gcc/arm-none-eabi/14.2.1/../../../../arm-none-eabi/lib/thumb/v7e-m+fp/hard/libg.a(libc_a-impure.o)
                0x20000424                _impure_ptr
 .data._impure_data
                0x20000428      0x140 /home/chris/code-projects/zpmc/zpmc_tuv_demo/arm-toolchain/bin/../lib/gcc/arm-none-eabi/14.2.1/../../../../arm-none-eabi/lib/thumb/v7e-m+fp/hard/libg.a(libc_a-impure.o)
                0x20000428                _impure_data
 .data.__atexit_recursive_mutex
                0x20000568        0x4 /home/chris/code-projects/zpmc/zpmc_tuv_demo/arm-toolchain/bin/../lib/gcc/arm-none-eabi/14.2.1/../../../../arm-none-eabi/lib/thumb/v7e-m+fp/hard/libg.a(libc_a-__call_atexit.o)
                0x20000568                __atexit_recursive_mutex
 .data.__global_locale
                0x2000056c      0x16c /home/chris/code-projects/zpmc/zpmc_tuv_demo/arm-toolchain/bin/../lib/gcc/arm-none-eabi/14.2.1/../../../../arm-none-eabi/lib/thumb/v7e-m+fp/hard/libg.a(libc_a-locale.o)
                0x2000056c                __global_locale
 *(.jcr*)
                0x200006d8                        . = ALIGN (0x4)
                0x200006d8                        __data_end__ = .
                0x00000000                        __CACHE_REGION_START = ORIGIN (m_interrupts)
                0x00000000                        __CACHE_REGION_SIZE = 0x0
                0x000164f4                        __NDATA_ROM = (__DATA_ROM + SIZEOF (.data))

.tm_clone_table
                0x200006d8        0x0 load address 0x000164f4
 .tm_clone_table
                0x200006d8        0x0 /home/chris/code-projects/zpmc/zpmc_tuv_demo/arm-toolchain/bin/../lib/gcc/arm-none-eabi/14.2.1/thumb/v7e-m+fp/hard/crtbegin.o
 .tm_clone_table
                0x200006d8        0x0 /home/chris/code-projects/zpmc/zpmc_tuv_demo/arm-toolchain/bin/../lib/gcc/arm-none-eabi/14.2.1/thumb/v7e-m+fp/hard/crtend.o

.igot.plt       0x200006d8        0x0 load address 0x000164f4
 .igot.plt      0x200006d8        0x0 /home/chris/code-projects/zpmc/zpmc_tuv_demo/arm-toolchain/bin/../lib/gcc/arm-none-eabi/14.2.1/thumb/v7e-m+fp/hard/crtbegin.o

.ncache.init    0x80000000        0x0 load address 0x000164f4
                0x80000000                        __noncachedata_start__ = .
 *(NonCacheable.init)
                0x80000000                        . = ALIGN (0x4)
                0x80000000                        __noncachedata_init_end__ = .
                0x80000000                        . = __noncachedata_init_end__

.ncache         0x80000000      0xa80
 *(NonCacheable)
 NonCacheable   0x80000000      0xa80 build/obj/drivers/freescale/fsl_sdma.o
                0x80000a80                        . = ALIGN (0x4)
                0x80000a80                        __noncachedata_end__ = .
                0x000164f4                        __DATA_END = (__DATA_ROM + (__data_end__ - __data_start__))
                0x00020000                        text_end = (ORIGIN (m_text) + LENGTH (m_text))
                0x00000001                        ASSERT ((__DATA_END <= text_end), region m_text overflowed with text and data)

.bss            0x200006d8    0x10588 load address 0x000164f4
                0x200006d8                        . = ALIGN (0x4)
                0x200006d8                        __START_BSS = .
                0x200006d8                        __bss_start__ = .
 *(.bss)
 .bss           0x200006d8      0x180 build/obj/drivers/freescale/fsl_sdma.o
 .bss           0x20000858       0x28 build/obj/drivers/freescale/fsl_debug_console.o
                0x2000087c                g_serialHandle
 .bss           0x20000880        0x4 build/obj/drivers/freescale/fsl_component_serial_manager.o
 .bss           0x20000884       0x18 build/obj/drivers/freescale/fsl_uart.o
                0x20000884                s_uartIsr
                0x20000888                s_uartHandle
 .bss           0x2000089c        0x4 build/obj/drivers/freescale/fsl_sbrk.o
 .bss           0x200008a0       0x24 build/obj/drivers/freescale/fsl_i2c.o
 .bss           0x200008c4       0x18 build/obj/drivers/freescale/fsl_ecspi.o
 .bss           0x200008dc       0x10 build/obj/drivers/freescale/fsl_pdm.o
 .bss           0x200008ec    0x10038 build/obj/drivers/rpmsg/rpmsg_env_bm.o
 .bss           0x20010924        0xc build/obj/drivers/rpmsg/rpmsg_platform.o
 *(.bss*)
 .bss.completed.1
                0x20010930        0x1 /home/chris/code-projects/zpmc/zpmc_tuv_demo/arm-toolchain/bin/../lib/gcc/arm-none-eabi/14.2.1/thumb/v7e-m+fp/hard/crtbegin.o
 *fill*         0x20010931        0x3 
 .bss.object.0  0x20010934       0x18 /home/chris/code-projects/zpmc/zpmc_tuv_demo/arm-toolchain/bin/../lib/gcc/arm-none-eabi/14.2.1/thumb/v7e-m+fp/hard/crtbegin.o
 .bss.__malloc_current_mallinfo
                0x2001094c       0x28 /home/chris/code-projects/zpmc/zpmc_tuv_demo/arm-toolchain/bin/../lib/gcc/arm-none-eabi/14.2.1/../../../../arm-none-eabi/lib/thumb/v7e-m+fp/hard/libg.a(libc_a-mallocr.o)
                0x2001094c                __malloc_current_mallinfo
 .bss.__malloc_max_total_mem
                0x20010974        0x4 /home/chris/code-projects/zpmc/zpmc_tuv_demo/arm-toolchain/bin/../lib/gcc/arm-none-eabi/14.2.1/../../../../arm-none-eabi/lib/thumb/v7e-m+fp/hard/libg.a(libc_a-mallocr.o)
                0x20010974                __malloc_max_total_mem
 .bss.__malloc_max_sbrked_mem
                0x20010978        0x4 /home/chris/code-projects/zpmc/zpmc_tuv_demo/arm-toolchain/bin/../lib/gcc/arm-none-eabi/14.2.1/../../../../arm-none-eabi/lib/thumb/v7e-m+fp/hard/libg.a(libc_a-mallocr.o)
                0x20010978                __malloc_max_sbrked_mem
 .bss.__malloc_top_pad
                0x2001097c        0x4 /home/chris/code-projects/zpmc/zpmc_tuv_demo/arm-toolchain/bin/../lib/gcc/arm-none-eabi/14.2.1/../../../../arm-none-eabi/lib/thumb/v7e-m+fp/hard/libg.a(libc_a-mallocr.o)
                0x2001097c                __malloc_top_pad
 .bss.__sf      0x20010980      0x138 /home/chris/code-projects/zpmc/zpmc_tuv_demo/arm-toolchain/bin/../lib/gcc/arm-none-eabi/14.2.1/../../../../arm-none-eabi/lib/thumb/v7e-m+fp/hard/libg.a(libc_a-findfp.o)
                0x20010980                __sf
 .bss.__stdio_exit_handler
                0x20010ab8        0x4 /home/chris/code-projects/zpmc/zpmc_tuv_demo/arm-toolchain/bin/../lib/gcc/arm-none-eabi/14.2.1/../../../../arm-none-eabi/lib/thumb/v7e-m+fp/hard/libg.a(libc_a-findfp.o)
                0x20010ab8                __stdio_exit_handler
 .bss.errno     0x20010abc        0x4 /home/chris/code-projects/zpmc/zpmc_tuv_demo/arm-toolchain/bin/../lib/gcc/arm-none-eabi/14.2.1/../../../../arm-none-eabi/lib/thumb/v7e-m+fp/hard/libg.a(libc_a-reent.o)
                0x20010abc                errno
 .bss.__lock___malloc_recursive_mutex
                0x20010ac0        0x1 /home/chris/code-projects/zpmc/zpmc_tuv_demo/arm-toolchain/bin/../lib/gcc/arm-none-eabi/14.2.1/../../../../arm-none-eabi/lib/thumb/v7e-m+fp/hard/libg.a(libc_a-lock.o)
                0x20010ac0                __lock___malloc_recursive_mutex
 *fill*         0x20010ac1        0x3 
 .bss.__lock___atexit_recursive_mutex
                0x20010ac4        0x1 /home/chris/code-projects/zpmc/zpmc_tuv_demo/arm-toolchain/bin/../lib/gcc/arm-none-eabi/14.2.1/../../../../arm-none-eabi/lib/thumb/v7e-m+fp/hard/libg.a(libc_a-lock.o)
                0x20010ac4                __lock___atexit_recursive_mutex
 *fill*         0x20010ac5        0x3 
 .bss.__lock___sfp_recursive_mutex
                0x20010ac8        0x1 /home/chris/code-projects/zpmc/zpmc_tuv_demo/arm-toolchain/bin/../lib/gcc/arm-none-eabi/14.2.1/../../../../arm-none-eabi/lib/thumb/v7e-m+fp/hard/libg.a(libc_a-lock.o)
                0x20010ac8                __lock___sfp_recursive_mutex
 *fill*         0x20010ac9        0x3 
 .bss.__atexit  0x20010acc        0x4 /home/chris/code-projects/zpmc/zpmc_tuv_demo/arm-toolchain/bin/../lib/gcc/arm-none-eabi/14.2.1/../../../../arm-none-eabi/lib/thumb/v7e-m+fp/hard/libg.a(libc_a-__call_atexit.o)
                0x20010acc                __atexit
 .bss.__atexit0
                0x20010ad0      0x190 /home/chris/code-projects/zpmc/zpmc_tuv_demo/arm-toolchain/bin/../lib/gcc/arm-none-eabi/14.2.1/../../../../arm-none-eabi/lib/thumb/v7e-m+fp/hard/libg.a(libc_a-__atexit.o)
                0x20010ad0                __atexit0
 *(COMMON)
                0x20010c60                        . = ALIGN (0x4)
                0x20010c60                        __bss_end__ = .
                0x20010c60                        __END_BSS = .

.heap           0x20010c60      0x400 load address 0x00026a7c
                0x20010c60                        . = ALIGN (0x8)
                0x20010c60                        __end__ = .
                0x20010c60                        PROVIDE (end = .)
                0x20010c60                        __HeapBase = .
                0x20011060                        . = (. + HEAP_SIZE)
 *fill*         0x20010c60      0x400 
                0x20011060                        __HeapLimit = .
                0x20011060                        __heap_limit = .

.stack          0x20011060      0x400 load address 0x00026e7c
                0x20011060                        . = ALIGN (0x8)
                0x20011460                        . = (. + STACK_SIZE)
 *fill*         0x20011060      0x400 
                0x20020000                        __StackTop = (ORIGIN (m_data) + LENGTH (m_data))
                0x2001fc00                        __StackLimit = (__StackTop - STACK_SIZE)
                0x20020000                        PROVIDE (__stack = __StackTop)

.ARM.attributes
                0x00000000       0x30
 *(.ARM.attributes)
 .ARM.attributes
                0x00000000       0x22 /home/chris/code-projects/zpmc/zpmc_tuv_demo/arm-toolchain/bin/../lib/gcc/arm-none-eabi/14.2.1/thumb/v7e-m+fp/hard/crti.o
 .ARM.attributes
                0x00000022       0x34 /home/chris/code-projects/zpmc/zpmc_tuv_demo/arm-toolchain/bin/../lib/gcc/arm-none-eabi/14.2.1/thumb/v7e-m+fp/hard/crtbegin.o
 .ARM.attributes
                0x00000056       0x20 /home/chris/code-projects/zpmc/zpmc_tuv_demo/arm-toolchain/bin/../lib/gcc/arm-none-eabi/14.2.1/../../../../arm-none-eabi/lib/thumb/v7e-m+fp/hard/crt0.o
 .ARM.attributes
                0x00000076       0x34 build/obj/drivers/NXP/system_MIMX8ML8_cm7.o
 .ARM.attributes