Archive member included to satisfy reference by file (symbol)

/home/chris/code-projects/zpmc_tuv_demo/arm-toolchain/bin/../lib/gcc/arm-none-eabi/14.2.1/thumb/v7e-m+fp/hard/libgcc.a(_aeabi_uldivmod.o)
                              build/obj/./drivers/system_MIMX8ML8_cm7.o (__aeabi_uldivmod)
/home/chris/code-projects/zpmc_tuv_demo/arm-toolchain/bin/../lib/gcc/arm-none-eabi/14.2.1/thumb/v7e-m+fp/hard/libgcc.a(_udivmoddi4.o)
                              /home/chris/code-projects/zpmc_tuv_demo/arm-toolchain/bin/../lib/gcc/arm-none-eabi/14.2.1/thumb/v7e-m+fp/hard/libgcc.a(_aeabi_uldivmod.o) (__udivmoddi4)
/home/chris/code-projects/zpmc_tuv_demo/arm-toolchain/bin/../lib/gcc/arm-none-eabi/14.2.1/thumb/v7e-m+fp/hard/libgcc.a(_dvmd_tls.o)
                              /home/chris/code-projects/zpmc_tuv_demo/arm-toolchain/bin/../lib/gcc/arm-none-eabi/14.2.1/thumb/v7e-m+fp/hard/libgcc.a(_aeabi_uldivmod.o) (__aeabi_ldiv0)
/home/chris/code-projects/zpmc_tuv_demo/arm-toolchain/bin/../lib/gcc/arm-none-eabi/14.2.1/../../../../arm-none-eabi/lib/thumb/v7e-m+fp/hard/libg.a(libc_a-assert.o)
                              build/obj/./drivers/fsl_clock.o (__assert_func)
/home/chris/code-projects/zpmc_tuv_demo/arm-toolchain/bin/../lib/gcc/arm-none-eabi/14.2.1/../../../../arm-none-eabi/lib/thumb/v7e-m+fp/hard/libg.a(libc_a-exit.o)
                              /home/chris/code-projects/zpmc_tuv_demo/arm-toolchain/bin/../lib/gcc/arm-none-eabi/14.2.1/../../../../arm-none-eabi/lib/thumb/v7e-m+fp/hard/crt0.o (exit)
/home/chris/code-projects/zpmc_tuv_demo/arm-toolchain/bin/../lib/gcc/arm-none-eabi/14.2.1/../../../../arm-none-eabi/lib/thumb/v7e-m+fp/hard/libg.a(libc_a-malloc.o)
                              build/obj/./drivers/fsl_common.o (malloc)
/home/chris/code-projects/zpmc_tuv_demo/arm-toolchain/bin/../lib/gcc/arm-none-eabi/14.2.1/../../../../arm-none-eabi/lib/thumb/v7e-m+fp/hard/libg.a(libc_a-mallocr.o)
                              /home/chris/code-projects/zpmc_tuv_demo/arm-toolchain/bin/../lib/gcc/arm-none-eabi/14.2.1/../../../../arm-none-eabi/lib/thumb/v7e-m+fp/hard/libg.a(libc_a-malloc.o) (_malloc_r)
/home/chris/code-projects/zpmc_tuv_demo/arm-toolchain/bin/../lib/gcc/arm-none-eabi/14.2.1/../../../../arm-none-eabi/lib/thumb/v7e-m+fp/hard/libg.a(libc_a-mlock.o)
                              /home/chris/code-projects/zpmc_tuv_demo/arm-toolchain/bin/../lib/gcc/arm-none-eabi/14.2.1/../../../../arm-none-eabi/lib/thumb/v7e-m+fp/hard/libg.a(libc_a-mallocr.o) (__malloc_lock)
/home/chris/code-projects/zpmc_tuv_demo/arm-toolchain/bin/../lib/gcc/arm-none-eabi/14.2.1/../../../../arm-none-eabi/lib/thumb/v7e-m+fp/hard/libg.a(libc_a-fiprintf.o)
                              /home/chris/code-projects/zpmc_tuv_demo/arm-toolchain/bin/../lib/gcc/arm-none-eabi/14.2.1/../../../../arm-none-eabi/lib/thumb/v7e-m+fp/hard/libg.a(libc_a-assert.o) (fiprintf)
/home/chris/code-projects/zpmc_tuv_demo/arm-toolchain/bin/../lib/gcc/arm-none-eabi/14.2.1/../../../../arm-none-eabi/lib/thumb/v7e-m+fp/hard/libg.a(libc_a-vfiprintf.o)
                              /home/chris/code-projects/zpmc_tuv_demo/arm-toolchain/bin/../lib/gcc/arm-none-eabi/14.2.1/../../../../arm-none-eabi/lib/thumb/v7e-m+fp/hard/libg.a(libc_a-fiprintf.o) (_vfiprintf_r)
/home/chris/code-projects/zpmc_tuv_demo/arm-toolchain/bin/../lib/gcc/arm-none-eabi/14.2.1/../../../../arm-none-eabi/lib/thumb/v7e-m+fp/hard/libg.a(libc_a-sprint_r.o)
                              /home/chris/code-projects/zpmc_tuv_demo/arm-toolchain/bin/../lib/gcc/arm-none-eabi/14.2.1/../../../../arm-none-eabi/lib/thumb/v7e-m+fp/hard/libg.a(libc_a-vfiprintf.o) (__sprint_r)
/home/chris/code-projects/zpmc_tuv_demo/arm-toolchain/bin/../lib/gcc/arm-none-eabi/14.2.1/../../../../arm-none-eabi/lib/thumb/v7e-m+fp/hard/libg.a(libc_a-fflush.o)
                              /home/chris/code-projects/zpmc_tuv_demo/arm-toolchain/bin/../lib/gcc/arm-none-eabi/14.2.1/../../../../arm-none-eabi/lib/thumb/v7e-m+fp/hard/libg.a(libc_a-vfiprintf.o) (_fflush_r)
/home/chris/code-projects/zpmc_tuv_demo/arm-toolchain/bin/../lib/gcc/arm-none-eabi/14.2.1/../../../../arm-none-eabi/lib/thumb/v7e-m+fp/hard/libg.a(libc_a-findfp.o)
                              /home/chris/code-projects/zpmc_tuv_demo/arm-toolchain/bin/../lib/gcc/arm-none-eabi/14.2.1/../../../../arm-none-eabi/lib/thumb/v7e-m+fp/hard/libg.a(libc_a-fflush.o) (__sglue)
/home/chris/code-projects/zpmc_tuv_demo/arm-toolchain/bin/../lib/gcc/arm-none-eabi/14.2.1/../../../../arm-none-eabi/lib/thumb/v7e-m+fp/hard/libg.a(libc_a-fvwrite.o)
                              /home/chris/code-projects/zpmc_tuv_demo/arm-toolchain/bin/../lib/gcc/arm-none-eabi/14.2.1/../../../../arm-none-eabi/lib/thumb/v7e-m+fp/hard/libg.a(libc_a-sprint_r.o) (__sfvwrite_r)
/home/chris/code-projects/zpmc_tuv_demo/arm-toolchain/bin/../lib/gcc/arm-none-eabi/14.2.1/../../../../arm-none-eabi/lib/thumb/v7e-m+fp/hard/libg.a(libc_a-fwalk.o)
[...]
Memory Configuration

Name             Origin             Length             Attributes
m_interrupts     0x00000000         0x00000400         xr
m_text           0x00000400         0x0001fc00         xr
m_data           0x20000000         0x00020000         rw
m_data2          0x80000000         0x01000000         rw
*default*        0x00000000         0xffffffff

Linker script and memory map

LOAD /home/chris/code-projects/zpmc_tuv_demo/arm-toolchain/bin/../lib/gcc/arm-none-eabi/14.2.1/thumb/v7e-m+fp/hard/crti.o
LOAD /home/chris/code-projects/zpmc_tuv_demo/arm-toolchain/bin/../lib/gcc/arm-none-eabi/14.2.1/thumb/v7e-m+fp/hard/crtbegin.o
LOAD /home/chris/code-projects/zpmc_tuv_demo/arm-toolchain/bin/../lib/gcc/arm-none-eabi/14.2.1/../../../../arm-none-eabi/lib/thumb/v7e-m+fp/hard/crt0.o
LOAD build/obj/./hal.o
LOAD build/obj/./safety_application.o
LOAD build/obj/./drivers/system_MIMX8ML8_cm7.o
LOAD build/obj/./drivers/fsl_clock.o
LOAD build/obj/./drivers/fsl_common.o
LOAD build/obj/./drivers/fsl_rdc.o
LOAD build/obj/./drivers/fsl_common_arm.o
LOAD build/obj/./safety_services.o
START GROUP
LOAD /home/chris/code-projects/zpmc_tuv_demo/arm-toolchain/bin/../lib/gcc/arm-none-eabi/14.2.1/thumb/v7e-m+fp/hard/libgcc.a
LOAD /home/chris/code-projects/zpmc_tuv_demo/arm-toolchain/bin/../lib/gcc/arm-none-eabi/14.2.1/../../../../arm-none-eabi/lib/thumb/v7e-m+fp/hard/libg.a
LOAD /home/chris/code-projects/zpmc_tuv_demo/arm-toolchain/bin/../lib/gcc/arm-none-eabi/14.2.1/../../../../arm-none-eabi/lib/thumb/v7e-m+fp/hard/libc.a
END GROUP
START GROUP
LOAD /home/chris/code-projects/zpmc_tuv_demo/arm-toolchain/bin/../lib/gcc/arm-none-eabi/14.2.1/thumb/v7e-m+fp/hard/libgcc.a
LOAD /home/chris/code-projects/zpmc_tuv_demo/arm-toolchain/bin/../lib/gcc/arm-none-eabi/14.2.1/../../../../arm-none-eabi/lib/thumb/v7e-m+fp/hard/libc.a
LOAD /home/chris/code-projects/zpmc_tuv_demo/arm-toolchain/bin/../lib/gcc/arm-none-eabi/14.2.1/../../../../arm-none-eabi/lib/thumb/v7e-m+fp/hard/libnosys.a
END GROUP
LOAD /home/chris/code-projects/zpmc_tuv_demo/arm-toolchain/bin/../lib/gcc/arm-none-eabi/14.2.1/thumb/v7e-m+fp/hard/crtend.o
LOAD /home/chris/code-projects/zpmc_tuv_demo/arm-toolchain/bin/../lib/gcc/arm-none-eabi/14.2.1/thumb/v7e-m+fp/hard/crtn.o
                0x00000400                        HEAP_SIZE = DEFINED (__heap_size__)?__heap_size__:0x400
                0x00000400                        STACK_SIZE = DEFINED (__stack_size__)?__stack_size__:0x400

.interrupts     0x00000000        0x0
                0x00000000                        __VECTOR_TABLE = .
                0x00000000                        __Vectors = .
                0x00000000                        . = ALIGN (0x4)
 *(.isr_vector)
                0x00000000                        . = ALIGN (0x4)

.resource_table
                0x00000400        0x0
                0x00000400                        . = ALIGN (0x8)
 *(.resource_table)
                0x00000400                        . = ALIGN (0x8)

.text           0x00000400      0x174
                0x00000400                        . = ALIGN (0x4)
 *(.text)
 *(.text*)
 .text.deregister_tm_clones
                0x00000400       0x1c /home/chris/code-projects/zpmc_tuv_demo/arm-toolchain/bin/../lib/gcc/arm-none-eabi/14.2.1/thumb/v7e-m+fp/hard/crtbegin.o
 .text.register_tm_clones
                0x0000041c       0x24 /home/chris/code-projects/zpmc_tuv_demo/arm-toolchain/bin/../lib/gcc/arm-none-eabi/14.2.1/thumb/v7e-m+fp/hard/crtbegin.o
 .text.__do_global_dtors_aux
                0x00000440       0x28 /home/chris/code-projects/zpmc_tuv_demo/arm-toolchain/bin/../lib/gcc/arm-none-eabi/14.2.1/thumb/v7e-m+fp/hard/crtbegin.o
 .text.frame_dummy
                0x00000468       0x24 /home/chris/code-projects/zpmc_tuv_demo/arm-toolchain/bin/../lib/gcc/arm-none-eabi/14.2.1/thumb/v7e-m+fp/hard/crtbegin.o
 .text.__retarget_lock_acquire_recursive
                0x0000048c        0x4 /home/chris/code-projects/zpmc_tuv_demo/arm-toolchain/bin/../lib/gcc/arm-none-eabi/14.2.1/../../../../arm-none-eabi/lib/thumb/v7e-m+fp/hard/libg.a(libc_a-lock.o)
                0x0000048c                __retarget_lock_acquire_recursive
 .text.__retarget_lock_release_recursive
                0x00000490        0x4 /home/chris/code-projects/zpmc_tuv_demo/arm-toolchain/bin/../lib/gcc/arm-none-eabi/14.2.1/../../../../arm-none-eabi/lib/thumb/v7e-m+fp/hard/libg.a(libc_a-lock.o)
                0x00000490                __retarget_lock_release_recursive
 .text.startup.register_fini
                0x00000494       0x14 /home/chris/code-projects/zpmc_tuv_demo/arm-toolchain/bin/../lib/gcc/arm-none-eabi/14.2.1/../../../../arm-none-eabi/lib/thumb/v7e-m+fp/hard/libg.a(libc_a-__call_atexit.o)
 .text.atexit   0x000004a8        0xc /home/chris/code-projects/zpmc_tuv_demo/arm-toolchain/bin/../lib/gcc/arm-none-eabi/14.2.1/../../../../arm-none-eabi/lib/thumb/v7e-m+fp/hard/libg.a(libc_a-atexit.o)
                0x000004a8                atexit
 .text.__libc_fini_array
                0x000004b4       0x28 /home/chris/code-projects/zpmc_tuv_demo/arm-toolchain/bin/../lib/gcc/arm-none-eabi/14.2.1/../../../../arm-none-eabi/lib/thumb/v7e-m+fp/hard/libg.a(libc_a-fini.o)
                0x000004b4                __libc_fini_array
 .text.__register_exitproc
                0x000004dc       0x80 /home/chris/code-projects/zpmc_tuv_demo/arm-toolchain/bin/../lib/gcc/arm-none-eabi/14.2.1/../../../../arm-none-eabi/lib/thumb/v7e-m+fp/hard/libg.a(libc_a-__atexit.o)
                0x000004dc                __register_exitproc
 *(.rodata)
 *(.rodata*)
 *(.glue_7)
 .glue_7        0x0000055c        0x0 linker stubs
 *(.glue_7t)
 .glue_7t       0x0000055c        0x0 linker stubs
 *(.eh_frame)
 .eh_frame      0x0000055c        0x0 /home/chris/code-projects/zpmc_tuv_demo/arm-toolchain/bin/../lib/gcc/arm-none-eabi/14.2.1/thumb/v7e-m+fp/hard/crtbegin.o
 *(.init)
 .init          0x0000055c        0x4 /home/chris/code-projects/zpmc_tuv_demo/arm-toolchain/bin/../lib/gcc/arm-none-eabi/14.2.1/thumb/v7e-m+fp/hard/crti.o
                0x0000055c                _init
 .init          0x00000560        0x8 /home/chris/code-projects/zpmc_tuv_demo/arm-toolchain/bin/../lib/gcc/arm-none-eabi/14.2.1/thumb/v7e-m+fp/hard/crtn.o
 *(.fini)
 .fini          0x00000568        0x4 /home/chris/code-projects/zpmc_tuv_demo/arm-toolchain/bin/../lib/gcc/arm-none-eabi/14.2.1/thumb/v7e-m+fp/hard/crti.o
                0x00000568                _fini
 .fini          0x0000056c        0x8 /home/chris/code-projects/zpmc_tuv_demo/arm-toolchain/bin/../lib/gcc/arm-none-eabi/14.2.1/thumb/v7e-m+fp/hard/crtn.o
                0x00000574                        . = ALIGN (0x4)

.vfp11_veneer   0x00000574        0x0
 .vfp11_veneer  0x00000574        0x0 linker stubs

.v4_bx          0x00000574        0x0
 .v4_bx         0x00000574        0x0 linker stubs

.iplt           0x00000574        0x0
 .iplt          0x00000574        0x0 /home/chris/code-projects/zpmc_tuv_demo/arm-toolchain/bin/../lib/gcc/arm-none-eabi/14.2.1/thumb/v7e-m+fp/hard/crtbegin.o

.rel.dyn        0x00000574        0x0
 .rel.iplt      0x00000574        0x0 /home/chris/code-projects/zpmc_tuv_demo/arm-toolchain/bin/../lib/gcc/arm-none-eabi/14.2.1/thumb/v7e-m+fp/hard/crtbegin.o

.ARM.extab
 *(.ARM.extab* .gnu.linkonce.armextab.*)

.ARM            0x00000574        0x0
                0x00000574                        __exidx_start = .
 *(.ARM.exidx*)
                0x00000574                        __exidx_end = .

.ctors          0x00000574        0x0
                0x00000574                        __CTOR_LIST__ = .
 *crtbegin.o(.ctors)
 *crtbegin?.o(.ctors)
 *(EXCLUDE_FILE(*crtend.o *crtend?.o) .ctors)
 *(SORT_BY_NAME(.ctors.*))
 *(.ctors)
                0x00000574                        __CTOR_END__ = .

.dtors          0x00000574        0x0
                0x00000574                        __DTOR_LIST__ = .
 *crtbegin.o(.dtors)
 *crtbegin?.o(.dtors)
 *(EXCLUDE_FILE(*crtend.o *crtend?.o) .dtors)
 *(SORT_BY_NAME(.dtors.*))
 *(.dtors)
                0x00000574                        __DTOR_END__ = .

.preinit_array  0x00000574        0x0
                0x00000574                        PROVIDE (__preinit_array_start = .)
 *(.preinit_array*)
                0x00000574                        PROVIDE (__preinit_array_end = .)

.init_array     0x00000574        0x8
                0x00000574                        PROVIDE (__init_array_start = .)
 *(SORT_BY_NAME(.init_array.*))
 .init_array.00000
                0x00000574        0x4 /home/chris/code-projects/zpmc_tuv_demo/arm-toolchain/bin/../lib/gcc/arm-none-eabi/14.2.1/../../../../arm-none-eabi/lib/thumb/v7e-m+fp/hard/libg.a(libc_a-__call_atexit.o)
 *(.init_array*)
 .init_array    0x00000578        0x4 /home/chris/code-projects/zpmc_tuv_demo/arm-toolchain/bin/../lib/gcc/arm-none-eabi/14.2.1/thumb/v7e-m+fp/hard/crtbegin.o
                0x0000057c                        PROVIDE (__init_array_end = .)

.fini_array     0x0000057c        0x4
                0x0000057c                        PROVIDE (__fini_array_start = .)
 *(SORT_BY_NAME(.fini_array.*))
 *(.fini_array*)
 .fini_array    0x0000057c        0x4 /home/chris/code-projects/zpmc_tuv_demo/arm-toolchain/bin/../lib/gcc/arm-none-eabi/14.2.1/thumb/v7e-m+fp/hard/crtbegin.o
                0x00000580                        PROVIDE (__fini_array_end = .)
                0x00000580                        __etext = .
                0x00000580                        __DATA_ROM = .

.data           0x20000000        0x4 load address 0x00000580
                0x20000000                        . = ALIGN (0x4)
                0x20000000                        __DATA_RAM = .
                0x20000000                        __data_start__ = .
 *(.data)
 *(.data*)
 .data.__atexit_recursive_mutex
                0x20000000        0x4 /home/chris/code-projects/zpmc_tuv_demo/arm-toolchain/bin/../lib/gcc/arm-none-eabi/14.2.1/../../../../arm-none-eabi/lib/thumb/v7e-m+fp/hard/libg.a(libc_a-__call_atexit.o)
                0x20000000                __atexit_recursive_mutex
 *(.jcr*)
                0x20000004                        . = ALIGN (0x4)
                0x20000004                        __data_end__ = .
                0x00000000                        __CACHE_REGION_START = ORIGIN (m_interrupts)
                0x00000000                        __CACHE_REGION_SIZE = 0x0
                0x00000584                        __NDATA_ROM = (__DATA_ROM + SIZEOF (.data))

.tm_clone_table
                0x20000004        0x0 load address 0x00000584
 .tm_clone_table
                0x20000004        0x0 /home/chris/code-projects/zpmc_tuv_demo/arm-toolchain/bin/../lib/gcc/arm-none-eabi/14.2.1/thumb/v7e-m+fp/hard/crtbegin.o
 .tm_clone_table
                0x20000004        0x0 /home/chris/code-projects/zpmc_tuv_demo/arm-toolchain/bin/../lib/gcc/arm-none-eabi/14.2.1/thumb/v7e-m+fp/hard/crtend.o

.igot.plt       0x20000004        0x0 load address 0x00000584
 .igot.plt      0x20000004        0x0 /home/chris/code-projects/zpmc_tuv_demo/arm-toolchain/bin/../lib/gcc/arm-none-eabi/14.2.1/thumb/v7e-m+fp/hard/crtbegin.o

.ncache.init    0x80000000        0x0 load address 0x00000584
                0x80000000                        __noncachedata_start__ = .
 *(NonCacheable.init)
                0x80000000                        . = ALIGN (0x4)
                0x80000000                        __noncachedata_init_end__ = .
                0x80000000                        . = __noncachedata_init_end__

.ncache         0x80000000        0x0
 *(NonCacheable)
                0x80000000                        . = ALIGN (0x4)
                0x80000000                        __noncachedata_end__ = .
                0x00000584                        __DATA_END = (__DATA_ROM + (__data_end__ - __data_start__))
                0x00020000                        text_end = (ORIGIN (m_text) + LENGTH (m_text))
                0x00000001                        ASSERT ((__DATA_END <= text_end), region m_text overflowed with text and data)

.bss            0x20000004      0x1b4 load address 0x00000584
                0x20000004                        . = ALIGN (0x4)
                0x20000004                        __START_BSS = .
                0x20000004                        __bss_start__ = .
 *(.bss)
 *(.bss*)
 .bss.completed.1
                0x20000004        0x1 /home/chris/code-projects/zpmc_tuv_demo/arm-toolchain/bin/../lib/gcc/arm-none-eabi/14.2.1/thumb/v7e-m+fp/hard/crtbegin.o
 *fill*         0x20000005        0x3 
 .bss.object.0  0x20000008       0x18 /home/chris/code-projects/zpmc_tuv_demo/arm-toolchain/bin/../lib/gcc/arm-none-eabi/14.2.1/thumb/v7e-m+fp/hard/crtbegin.o
 .bss.__lock___atexit_recursive_mutex
                0x20000020        0x1 /home/chris/code-projects/zpmc_tuv_demo/arm-toolchain/bin/../lib/gcc/arm-none-eabi/14.2.1/../../../../arm-none-eabi/lib/thumb/v7e-m+fp/hard/libg.a(libc_a-lock.o)
                0x20000020                __lock___atexit_recursive_mutex
 *fill*         0x20000021        0x3 
 .bss.__atexit  0x20000024        0x4 /home/chris/code-projects/zpmc_tuv_demo/arm-toolchain/bin/../lib/gcc/arm-none-eabi/14.2.1/../../../../arm-none-eabi/lib/thumb/v7e-m+fp/hard/libg.a(libc_a-__call_atexit.o)
                0x20000024                __atexit
 .bss.__atexit0
                0x20000028      0x190 /home/chris/code-projects/zpmc_tuv_demo/arm-toolchain/bin/../lib/gcc/arm-none-eabi/14.2.1/../../../../arm-none-eabi/lib/thumb/v7e-m+fp/hard/libg.a(libc_a-__atexit.o)
                0x20000028                __atexit0
 *(COMMON)
                0x200001b8                        . = ALIGN (0x4)
                0x200001b8                        __bss_end__ = .
                0x200001b8                        __END_BSS = .

.heap           0x200001b8      0x400 load address 0x00000738
                0x200001b8                        . = ALIGN (0x8)
                0x200001b8                        __end__ = .
                0x200001b8                        PROVIDE (end = .)
                0x200001b8                        __HeapBase = .
                0x200005b8                        . = (. + HEAP_SIZE)
 *fill*         0x200001b8      0x400 
                0x200005b8                        __HeapLimit = .
                0x200005b8                        __heap_limit = .

.stack          0x200005b8      0x400 load address 0x00000b38
                0x200005b8                        . = ALIGN (0x8)
                0x200009b8                        . = (. + STACK_SIZE)
 *fill*         0x200005b8      0x400 
                0x20020000                        __StackTop = (ORIGIN (m_data) + LENGTH (m_data))
                0x2001fc00                        __StackLimit = (__StackTop - STACK_SIZE)
                0x20020000                        PROVIDE (__stack = __StackTop)

.ARM.attributes
                0x00000000       0x30
 *(.ARM.attributes)
 .ARM.attributes
                0x00000000       0x22 /home/chris/code-projects/zpmc_tuv_demo/arm-toolchain/bin/../lib/gcc/arm-none-eabi/14.2.1/thumb/v7e-m+fp/hard/crti.o
 .ARM.attributes
                0x00000022       0x34 /home/chris/code-projects/zpmc_tuv_demo/arm-toolchain/bin/../lib/gcc/arm-none-eabi/14.2.1/thumb/v7e-m+fp/hard/crtbegin.o
 .ARM.attributes
                0x00000056       0x34 /home/chris/code-projects/zpmc_tuv_demo/arm-toolchain/bin/../lib/gcc/arm-none-eabi/14.2.1/../../../../arm-none-eabi/lib/thumb/v7e-m+fp/hard/libg.a(libc_a-lock.o)
 .ARM.attributes
                0x0000008a       0x34 /home/chris/code-projects/zpmc_tuv_demo/arm-toolchain/bin/../lib/gcc/arm-none-eabi/14.2.1/../../../../arm-none-eabi/lib/thumb/v7e-m+fp/hard/libg.a(libc_a-__call_atexit.o)
 .ARM.attributes
                0x000000be       0x34 /home/chris/code-projects/zpmc_tuv_demo/arm-toolchain/bin/../lib/gcc/arm-none-eabi/14.2.1/../../../../arm-none-eabi/lib/thumb/v7e-m+fp/hard/libg.a(libc_a-atexit.o)
 .ARM.attributes
                0x000000f2       0x34 /home/chris/code-projects/zpmc_tuv_demo/arm-toolchain/bin/../lib/gcc/arm-none-eabi/14.2.1/../../../../arm-none-eabi/lib/thumb/v7e-m+fp/hard/libg.a(libc_a-fini.o)
 .ARM.attributes
                0x00000126       0x34 /home/chris/code-projects/zpmc_tuv_demo/arm-toolchain/bin/../lib/gcc/arm-none-eabi/14.2.1/../../../../arm-none-eabi/lib/thumb/v7e-m+fp/hard/libg.a(libc_a-__atexit.o)
 .ARM.attributes
                0x0000015a       0x34 /home/chris/code-projects/zpmc_tuv_demo/arm-toolchain/bin/../lib/gcc/arm-none-eabi/14.2.1/thumb/v7e-m+fp/hard/crtend.o
 .ARM.attributes
                0x0000018e       0x22 /home/chris/code-projects/zpmc_tuv_demo/arm-toolchain/bin/../lib/gcc/arm-none-eabi/14.2.1/thumb/v7e-m+fp/hard/crtn.o
                0x00000001                        ASSERT ((__StackLimit >= __HeapLimit), region m_data overflowed with stack and heap)
OUTPUT(build/master.elf elf32-littlearm)
LOAD linker stubs

.debug_frame    0x00000000      0x194
 .debug_frame   0x00000000       0xb0 /home/chris/code-projects/zpmc_tuv_demo/arm-toolchain/bin/../lib/gcc/arm-none-eabi/14.2.1/../../../../arm-none-eabi/lib/thumb/v7e-m+fp/hard/libg.a(libc_a-lock.o)
 .debug_frame   0x000000b0       0x5c /home/chris/code-projects/zpmc_tuv_demo/arm-toolchain/bin/../lib/gcc/arm-none-eabi/14.2.1/../../../../arm-none-eabi/lib/thumb/v7e-m+fp/hard/libg.a(libc_a-__call_atexit.o)
 .debug_frame   0x0000010c       0x20 /home/chris/code-projects/zpmc_tuv_demo/arm-toolchain/bin/../lib/gcc/arm-none-eabi/14.2.1/../../../../arm-none-eabi/lib/thumb/v7e-m+fp/hard/libg.a(libc_a-atexit.o)
 .debug_frame   0x0000012c       0x34 /home/chris/code-projects/zpmc_tuv_demo/arm-toolchain/bin/../lib/gcc/arm-none-eabi/14.2.1/../../../../arm-none-eabi/lib/thumb/v7e-m+fp/hard/libg.a(libc_a-fini.o)
 .debug_frame   0x00000160       0x34 /home/chris/code-projects/zpmc_tuv_demo/arm-toolchain/bin/../lib/gcc/arm-none-eabi/14.2.1/../../../../arm-none-eabi/lib/thumb/v7e-m+fp/hard/libg.a(libc_a-__atexit.o)
